ARM GAS  /var/folders/98/ctz5mtps7w71v8dr53cf5qg40000gn/T//cc4WDIw1.s 			page 1


   1              		.cpu cortex-m4
   2              		.arch armv7e-m
   3              		.fpu fpv4-sp-d16
   4              		.eabi_attribute 27, 1
   5              		.eabi_attribute 28, 1
   6              		.eabi_attribute 20, 1
   7              		.eabi_attribute 21, 1
   8              		.eabi_attribute 23, 3
   9              		.eabi_attribute 24, 1
  10              		.eabi_attribute 25, 1
  11              		.eabi_attribute 26, 1
  12              		.eabi_attribute 30, 1
  13              		.eabi_attribute 34, 1
  14              		.eabi_attribute 18, 4
  15              		.file	"i2c_init.c"
  16              		.text
  17              	.Ltext0:
  18              		.cfi_sections	.debug_frame
  19              		.file 1 "Drivers/MyDriver/i2c/i2c_init.c"
  20              		.section	.text.MX_I2C1_Init,"ax",%progbits
  21              		.align	1
  22              		.global	MX_I2C1_Init
  23              		.syntax unified
  24              		.thumb
  25              		.thumb_func
  27              	MX_I2C1_Init:
  28              	.LFB950:
   1:Drivers/MyDriver/i2c/i2c_init.c **** #include "i2c_init.h"
   2:Drivers/MyDriver/i2c/i2c_init.c **** 
   3:Drivers/MyDriver/i2c/i2c_init.c **** 
   4:Drivers/MyDriver/i2c/i2c_init.c **** 
   5:Drivers/MyDriver/i2c/i2c_init.c **** 
   6:Drivers/MyDriver/i2c/i2c_init.c **** I2C_HandleTypeDef hi2c1; 
   7:Drivers/MyDriver/i2c/i2c_init.c **** 
   8:Drivers/MyDriver/i2c/i2c_init.c **** 
   9:Drivers/MyDriver/i2c/i2c_init.c **** void MX_I2C1_Init(void)
  10:Drivers/MyDriver/i2c/i2c_init.c **** {
  29              		.loc 1 10 1 view -0
  30              		.cfi_startproc
  31              		@ args = 0, pretend = 0, frame = 0
  32              		@ frame_needed = 0, uses_anonymous_args = 0
  33 0000 08B5     		push	{r3, lr}
  34              	.LCFI0:
  35              		.cfi_def_cfa_offset 8
  36              		.cfi_offset 3, -8
  37              		.cfi_offset 14, -4
  11:Drivers/MyDriver/i2c/i2c_init.c ****     hi2c1.Instance = I2C1;
  38              		.loc 1 11 5 view .LVU1
  39              		.loc 1 11 20 is_stmt 0 view .LVU2
  40 0002 1248     		ldr	r0, .L9
  41 0004 124B     		ldr	r3, .L9+4
  42 0006 0360     		str	r3, [r0]
  12:Drivers/MyDriver/i2c/i2c_init.c ****     hi2c1.Init.Timing = 0x00B07CB4;
  43              		.loc 1 12 5 is_stmt 1 view .LVU3
  44              		.loc 1 12 23 is_stmt 0 view .LVU4
  45 0008 124B     		ldr	r3, .L9+8
  46 000a 4360     		str	r3, [r0, #4]
ARM GAS  /var/folders/98/ctz5mtps7w71v8dr53cf5qg40000gn/T//cc4WDIw1.s 			page 2


  13:Drivers/MyDriver/i2c/i2c_init.c ****     hi2c1.Init.OwnAddress1 = 0;
  47              		.loc 1 13 5 is_stmt 1 view .LVU5
  48              		.loc 1 13 28 is_stmt 0 view .LVU6
  49 000c 0023     		movs	r3, #0
  50 000e 8360     		str	r3, [r0, #8]
  14:Drivers/MyDriver/i2c/i2c_init.c ****     hi2c1.Init.AddressingMode = I2C_ADDRESSINGMODE_7BIT;
  51              		.loc 1 14 5 is_stmt 1 view .LVU7
  52              		.loc 1 14 31 is_stmt 0 view .LVU8
  53 0010 0122     		movs	r2, #1
  54 0012 C260     		str	r2, [r0, #12]
  15:Drivers/MyDriver/i2c/i2c_init.c ****     hi2c1.Init.DualAddressMode = I2C_DUALADDRESS_DISABLE;
  55              		.loc 1 15 5 is_stmt 1 view .LVU9
  56              		.loc 1 15 32 is_stmt 0 view .LVU10
  57 0014 0361     		str	r3, [r0, #16]
  16:Drivers/MyDriver/i2c/i2c_init.c ****     hi2c1.Init.OwnAddress2 = 0;
  58              		.loc 1 16 5 is_stmt 1 view .LVU11
  59              		.loc 1 16 28 is_stmt 0 view .LVU12
  60 0016 4361     		str	r3, [r0, #20]
  17:Drivers/MyDriver/i2c/i2c_init.c ****     hi2c1.Init.OwnAddress2Masks = I2C_OA2_NOMASK;
  61              		.loc 1 17 5 is_stmt 1 view .LVU13
  62              		.loc 1 17 33 is_stmt 0 view .LVU14
  63 0018 8361     		str	r3, [r0, #24]
  18:Drivers/MyDriver/i2c/i2c_init.c ****     hi2c1.Init.GeneralCallMode = I2C_GENERALCALL_DISABLE;
  64              		.loc 1 18 5 is_stmt 1 view .LVU15
  65              		.loc 1 18 32 is_stmt 0 view .LVU16
  66 001a C361     		str	r3, [r0, #28]
  19:Drivers/MyDriver/i2c/i2c_init.c ****     hi2c1.Init.NoStretchMode = I2C_NOSTRETCH_DISABLE;
  67              		.loc 1 19 5 is_stmt 1 view .LVU17
  68              		.loc 1 19 30 is_stmt 0 view .LVU18
  69 001c 0362     		str	r3, [r0, #32]
  20:Drivers/MyDriver/i2c/i2c_init.c **** 
  21:Drivers/MyDriver/i2c/i2c_init.c ****     if (HAL_I2C_Init(&hi2c1) != HAL_OK)
  70              		.loc 1 21 5 is_stmt 1 view .LVU19
  71              		.loc 1 21 9 is_stmt 0 view .LVU20
  72 001e FFF7FEFF 		bl	HAL_I2C_Init
  73              	.LVL0:
  74              		.loc 1 21 8 discriminator 1 view .LVU21
  75 0022 50B9     		cbnz	r0, .L6
  76              	.L2:
  22:Drivers/MyDriver/i2c/i2c_init.c ****     {
  23:Drivers/MyDriver/i2c/i2c_init.c ****         Error_Handler();
  24:Drivers/MyDriver/i2c/i2c_init.c ****     }
  25:Drivers/MyDriver/i2c/i2c_init.c **** 
  26:Drivers/MyDriver/i2c/i2c_init.c ****     if (HAL_I2CEx_ConfigAnalogFilter(&hi2c1, I2C_ANALOGFILTER_ENABLE) != HAL_OK)
  77              		.loc 1 26 5 is_stmt 1 view .LVU22
  78              		.loc 1 26 9 is_stmt 0 view .LVU23
  79 0024 0021     		movs	r1, #0
  80 0026 0948     		ldr	r0, .L9
  81 0028 FFF7FEFF 		bl	HAL_I2CEx_ConfigAnalogFilter
  82              	.LVL1:
  83              		.loc 1 26 8 discriminator 1 view .LVU24
  84 002c 40B9     		cbnz	r0, .L7
  85              	.L3:
  27:Drivers/MyDriver/i2c/i2c_init.c ****     {
  28:Drivers/MyDriver/i2c/i2c_init.c ****         Error_Handler();
  29:Drivers/MyDriver/i2c/i2c_init.c ****     }
  30:Drivers/MyDriver/i2c/i2c_init.c **** 
ARM GAS  /var/folders/98/ctz5mtps7w71v8dr53cf5qg40000gn/T//cc4WDIw1.s 			page 3


  31:Drivers/MyDriver/i2c/i2c_init.c ****     if (HAL_I2CEx_ConfigDigitalFilter(&hi2c1, 0) != HAL_OK)
  86              		.loc 1 31 5 is_stmt 1 view .LVU25
  87              		.loc 1 31 9 is_stmt 0 view .LVU26
  88 002e 0021     		movs	r1, #0
  89 0030 0648     		ldr	r0, .L9
  90 0032 FFF7FEFF 		bl	HAL_I2CEx_ConfigDigitalFilter
  91              	.LVL2:
  92              		.loc 1 31 8 discriminator 1 view .LVU27
  93 0036 30B9     		cbnz	r0, .L8
  94              	.L1:
  32:Drivers/MyDriver/i2c/i2c_init.c ****     {
  33:Drivers/MyDriver/i2c/i2c_init.c ****         Error_Handler();
  34:Drivers/MyDriver/i2c/i2c_init.c ****     }
  35:Drivers/MyDriver/i2c/i2c_init.c **** }
  95              		.loc 1 35 1 view .LVU28
  96 0038 08BD     		pop	{r3, pc}
  97              	.L6:
  23:Drivers/MyDriver/i2c/i2c_init.c ****     }
  98              		.loc 1 23 9 is_stmt 1 view .LVU29
  99 003a FFF7FEFF 		bl	Error_Handler
 100              	.LVL3:
 101 003e F1E7     		b	.L2
 102              	.L7:
  28:Drivers/MyDriver/i2c/i2c_init.c ****     }
 103              		.loc 1 28 9 view .LVU30
 104 0040 FFF7FEFF 		bl	Error_Handler
 105              	.LVL4:
 106 0044 F3E7     		b	.L3
 107              	.L8:
  33:Drivers/MyDriver/i2c/i2c_init.c ****     }
 108              		.loc 1 33 9 view .LVU31
 109 0046 FFF7FEFF 		bl	Error_Handler
 110              	.LVL5:
 111              		.loc 1 35 1 is_stmt 0 view .LVU32
 112 004a F5E7     		b	.L1
 113              	.L10:
 114              		.align	2
 115              	.L9:
 116 004c 00000000 		.word	hi2c1
 117 0050 00540040 		.word	1073763328
 118 0054 B47CB000 		.word	11566260
 119              		.cfi_endproc
 120              	.LFE950:
 122              		.global	hi2c1
 123              		.section	.bss.hi2c1,"aw",%nobits
 124              		.align	2
 127              	hi2c1:
 128 0000 00000000 		.space	84
 128      00000000 
 128      00000000 
 128      00000000 
 128      00000000 
 129              		.text
 130              	.Letext0:
 131              		.file 2 "/Users/yevhenvazhynskyi/Drivers/arm-gnu-toolchain-14.2.rel1-darwin-arm64-arm-none-eabi/ar
 132              		.file 3 "/Users/yevhenvazhynskyi/Drivers/arm-gnu-toolchain-14.2.rel1-darwin-arm64-arm-none-eabi/ar
 133              		.file 4 "Drivers/CMSIS/Device/ST/STM32WBxx/Include/stm32wb55xx.h"
ARM GAS  /var/folders/98/ctz5mtps7w71v8dr53cf5qg40000gn/T//cc4WDIw1.s 			page 4


 134              		.file 5 "Drivers/STM32WBxx_HAL_Driver/Inc/stm32wbxx_hal_def.h"
 135              		.file 6 "Drivers/STM32WBxx_HAL_Driver/Inc/stm32wbxx_hal_dma.h"
 136              		.file 7 "Drivers/STM32WBxx_HAL_Driver/Inc/stm32wbxx_hal_i2c.h"
 137              		.file 8 "Drivers/STM32WBxx_HAL_Driver/Inc/stm32wbxx_hal_i2c_ex.h"
 138              		.file 9 "Drivers/MyDriver/i2c/i2c_init.h"
 139              		.file 10 "Core/Inc/main.h"
ARM GAS  /var/folders/98/ctz5mtps7w71v8dr53cf5qg40000gn/T//cc4WDIw1.s 			page 5


DEFINED SYMBOLS
                            *ABS*:00000000 i2c_init.c
/var/folders/98/ctz5mtps7w71v8dr53cf5qg40000gn/T//cc4WDIw1.s:21     .text.MX_I2C1_Init:00000000 $t
/var/folders/98/ctz5mtps7w71v8dr53cf5qg40000gn/T//cc4WDIw1.s:27     .text.MX_I2C1_Init:00000000 MX_I2C1_Init
/var/folders/98/ctz5mtps7w71v8dr53cf5qg40000gn/T//cc4WDIw1.s:116    .text.MX_I2C1_Init:0000004c $d
/var/folders/98/ctz5mtps7w71v8dr53cf5qg40000gn/T//cc4WDIw1.s:127    .bss.hi2c1:00000000 hi2c1
/var/folders/98/ctz5mtps7w71v8dr53cf5qg40000gn/T//cc4WDIw1.s:124    .bss.hi2c1:00000000 $d

UNDEFINED SYMBOLS
HAL_I2C_Init
HAL_I2CEx_ConfigAnalogFilter
HAL_I2CEx_ConfigDigitalFilter
Error_Handler
