ARM GAS  /var/folders/98/ctz5mtps7w71v8dr53cf5qg40000gn/T//ccik6640.s 			page 1


   1              		.cpu cortex-m4
   2              		.arch armv7e-m
   3              		.fpu fpv4-sp-d16
   4              		.eabi_attribute 27, 1
   5              		.eabi_attribute 28, 1
   6              		.eabi_attribute 20, 1
   7              		.eabi_attribute 21, 1
   8              		.eabi_attribute 23, 3
   9              		.eabi_attribute 24, 1
  10              		.eabi_attribute 25, 1
  11              		.eabi_attribute 26, 1
  12              		.eabi_attribute 30, 1
  13              		.eabi_attribute 34, 1
  14              		.eabi_attribute 18, 4
  15              		.file	"rf_init.c"
  16              		.text
  17              	.Ltext0:
  18              		.cfi_sections	.debug_frame
  19              		.file 1 "Drivers/MyDriver/rf/rf_init.c"
  20              		.section	.text.MX_IPCC_Init,"ax",%progbits
  21              		.align	1
  22              		.global	MX_IPCC_Init
  23              		.syntax unified
  24              		.thumb
  25              		.thumb_func
  27              	MX_IPCC_Init:
  28              	.LFB950:
   1:Drivers/MyDriver/rf/rf_init.c **** 
   2:Drivers/MyDriver/rf/rf_init.c **** 
   3:Drivers/MyDriver/rf/rf_init.c **** #include "rf_init.h"
   4:Drivers/MyDriver/rf/rf_init.c **** 
   5:Drivers/MyDriver/rf/rf_init.c **** 
   6:Drivers/MyDriver/rf/rf_init.c **** 
   7:Drivers/MyDriver/rf/rf_init.c **** IPCC_HandleTypeDef hipcc;
   8:Drivers/MyDriver/rf/rf_init.c **** 
   9:Drivers/MyDriver/rf/rf_init.c **** /**
  10:Drivers/MyDriver/rf/rf_init.c ****   * @brief IPCC Initialization Function
  11:Drivers/MyDriver/rf/rf_init.c ****   * @param None
  12:Drivers/MyDriver/rf/rf_init.c ****   * @retval None
  13:Drivers/MyDriver/rf/rf_init.c ****   */
  14:Drivers/MyDriver/rf/rf_init.c ****  void MX_IPCC_Init(void)
  15:Drivers/MyDriver/rf/rf_init.c ****  {
  29              		.loc 1 15 2 view -0
  30              		.cfi_startproc
  31              		@ args = 0, pretend = 0, frame = 0
  32              		@ frame_needed = 0, uses_anonymous_args = 0
  33 0000 08B5     		push	{r3, lr}
  34              	.LCFI0:
  35              		.cfi_def_cfa_offset 8
  36              		.cfi_offset 3, -8
  37              		.cfi_offset 14, -4
  16:Drivers/MyDriver/rf/rf_init.c ****  
  17:Drivers/MyDriver/rf/rf_init.c ****   
  18:Drivers/MyDriver/rf/rf_init.c ****    hipcc.Instance = IPCC;
  38              		.loc 1 18 4 view .LVU1
  39              		.loc 1 18 19 is_stmt 0 view .LVU2
  40 0002 0548     		ldr	r0, .L5
ARM GAS  /var/folders/98/ctz5mtps7w71v8dr53cf5qg40000gn/T//ccik6640.s 			page 2


  41 0004 054B     		ldr	r3, .L5+4
  42 0006 0360     		str	r3, [r0]
  19:Drivers/MyDriver/rf/rf_init.c ****    if (HAL_IPCC_Init(&hipcc) != HAL_OK)
  43              		.loc 1 19 4 is_stmt 1 view .LVU3
  44              		.loc 1 19 8 is_stmt 0 view .LVU4
  45 0008 FFF7FEFF 		bl	HAL_IPCC_Init
  46              	.LVL0:
  47              		.loc 1 19 7 discriminator 1 view .LVU5
  48 000c 00B9     		cbnz	r0, .L4
  49              	.L1:
  20:Drivers/MyDriver/rf/rf_init.c ****    {
  21:Drivers/MyDriver/rf/rf_init.c ****      Error_Handler();
  22:Drivers/MyDriver/rf/rf_init.c ****    }
  23:Drivers/MyDriver/rf/rf_init.c ****   
  24:Drivers/MyDriver/rf/rf_init.c ****  
  25:Drivers/MyDriver/rf/rf_init.c ****  }
  50              		.loc 1 25 2 view .LVU6
  51 000e 08BD     		pop	{r3, pc}
  52              	.L4:
  21:Drivers/MyDriver/rf/rf_init.c ****    }
  53              		.loc 1 21 6 is_stmt 1 view .LVU7
  54 0010 FFF7FEFF 		bl	Error_Handler
  55              	.LVL1:
  56              		.loc 1 25 2 is_stmt 0 view .LVU8
  57 0014 FBE7     		b	.L1
  58              	.L6:
  59 0016 00BF     		.align	2
  60              	.L5:
  61 0018 00000000 		.word	hipcc
  62 001c 000C0058 		.word	1476398080
  63              		.cfi_endproc
  64              	.LFE950:
  66              		.section	.text.MX_RF_Init,"ax",%progbits
  67              		.align	1
  68              		.global	MX_RF_Init
  69              		.syntax unified
  70              		.thumb
  71              		.thumb_func
  73              	MX_RF_Init:
  74              	.LFB951:
  26:Drivers/MyDriver/rf/rf_init.c ****  
  27:Drivers/MyDriver/rf/rf_init.c ****  /**
  28:Drivers/MyDriver/rf/rf_init.c ****    * @brief RF Initialization Function
  29:Drivers/MyDriver/rf/rf_init.c ****    * @param None
  30:Drivers/MyDriver/rf/rf_init.c ****    * @retval None
  31:Drivers/MyDriver/rf/rf_init.c ****    */
  32:Drivers/MyDriver/rf/rf_init.c ****  void MX_RF_Init(void)
  33:Drivers/MyDriver/rf/rf_init.c ****  {
  75              		.loc 1 33 2 is_stmt 1 view -0
  76              		.cfi_startproc
  77              		@ args = 0, pretend = 0, frame = 0
  78              		@ frame_needed = 0, uses_anonymous_args = 0
  79              		@ link register save eliminated.
  34:Drivers/MyDriver/rf/rf_init.c ****  
  35:Drivers/MyDriver/rf/rf_init.c ****    
  36:Drivers/MyDriver/rf/rf_init.c ****  
  37:Drivers/MyDriver/rf/rf_init.c ****  }...
ARM GAS  /var/folders/98/ctz5mtps7w71v8dr53cf5qg40000gn/T//ccik6640.s 			page 3


  80              		.loc 1 37 2 view .LVU10
  81 0000 7047     		bx	lr
  82              		.cfi_endproc
  83              	.LFE951:
  85              		.global	hipcc
  86              		.section	.bss.hipcc,"aw",%nobits
  87              		.align	2
  90              	hipcc:
  91 0000 00000000 		.space	60
  91      00000000 
  91      00000000 
  91      00000000 
  91      00000000 
  92              		.text
  93              	.Letext0:
  94              		.file 2 "/Users/yevhenvazhynskyi/Drivers/arm-gnu-toolchain-14.2.rel1-darwin-arm64-arm-none-eabi/ar
  95              		.file 3 "/Users/yevhenvazhynskyi/Drivers/arm-gnu-toolchain-14.2.rel1-darwin-arm64-arm-none-eabi/ar
  96              		.file 4 "Drivers/CMSIS/Device/ST/STM32WBxx/Include/stm32wb55xx.h"
  97              		.file 5 "Drivers/STM32WBxx_HAL_Driver/Inc/stm32wbxx_hal_def.h"
  98              		.file 6 "Drivers/STM32WBxx_HAL_Driver/Inc/stm32wbxx_hal_ipcc.h"
  99              		.file 7 "Drivers/MyDriver/rf/rf_init.h"
 100              		.file 8 "Core/Inc/main.h"
ARM GAS  /var/folders/98/ctz5mtps7w71v8dr53cf5qg40000gn/T//ccik6640.s 			page 4


DEFINED SYMBOLS
                            *ABS*:00000000 rf_init.c
/var/folders/98/ctz5mtps7w71v8dr53cf5qg40000gn/T//ccik6640.s:21     .text.MX_IPCC_Init:00000000 $t
/var/folders/98/ctz5mtps7w71v8dr53cf5qg40000gn/T//ccik6640.s:27     .text.MX_IPCC_Init:00000000 MX_IPCC_Init
/var/folders/98/ctz5mtps7w71v8dr53cf5qg40000gn/T//ccik6640.s:61     .text.MX_IPCC_Init:00000018 $d
/var/folders/98/ctz5mtps7w71v8dr53cf5qg40000gn/T//ccik6640.s:90     .bss.hipcc:00000000 hipcc
/var/folders/98/ctz5mtps7w71v8dr53cf5qg40000gn/T//ccik6640.s:67     .text.MX_RF_Init:00000000 $t
/var/folders/98/ctz5mtps7w71v8dr53cf5qg40000gn/T//ccik6640.s:73     .text.MX_RF_Init:00000000 MX_RF_Init
/var/folders/98/ctz5mtps7w71v8dr53cf5qg40000gn/T//ccik6640.s:87     .bss.hipcc:00000000 $d

UNDEFINED SYMBOLS
HAL_IPCC_Init
Error_Handler
