ARM GAS  /var/folders/98/ctz5mtps7w71v8dr53cf5qg40000gn/T//cckqVXAn.s 			page 1


   1              		.cpu cortex-m4
   2              		.arch armv7e-m
   3              		.fpu fpv4-sp-d16
   4              		.eabi_attribute 27, 1
   5              		.eabi_attribute 28, 1
   6              		.eabi_attribute 20, 1
   7              		.eabi_attribute 21, 1
   8              		.eabi_attribute 23, 3
   9              		.eabi_attribute 24, 1
  10              		.eabi_attribute 25, 1
  11              		.eabi_attribute 26, 1
  12              		.eabi_attribute 30, 1
  13              		.eabi_attribute 34, 1
  14              		.eabi_attribute 18, 4
  15              		.file	"spi_init.c"
  16              		.text
  17              	.Ltext0:
  18              		.cfi_sections	.debug_frame
  19              		.file 1 "Drivers/MyDriver/spi/spi_init.c"
  20              		.section	.text.MX_SPI1_Init,"ax",%progbits
  21              		.align	1
  22              		.global	MX_SPI1_Init
  23              		.syntax unified
  24              		.thumb
  25              		.thumb_func
  27              	MX_SPI1_Init:
  28              	.LFB950:
   1:Drivers/MyDriver/spi/spi_init.c **** #include "spi_init.h"   
   2:Drivers/MyDriver/spi/spi_init.c **** 
   3:Drivers/MyDriver/spi/spi_init.c **** 
   4:Drivers/MyDriver/spi/spi_init.c **** SPI_HandleTypeDef hspi1;
   5:Drivers/MyDriver/spi/spi_init.c **** 
   6:Drivers/MyDriver/spi/spi_init.c **** 
   7:Drivers/MyDriver/spi/spi_init.c **** /**
   8:Drivers/MyDriver/spi/spi_init.c ****   * @brief SPI1 Initialization Function
   9:Drivers/MyDriver/spi/spi_init.c ****   * @param None
  10:Drivers/MyDriver/spi/spi_init.c ****   * @retval None
  11:Drivers/MyDriver/spi/spi_init.c ****   */
  12:Drivers/MyDriver/spi/spi_init.c **** void MX_SPI1_Init(void)
  13:Drivers/MyDriver/spi/spi_init.c **** {
  29              		.loc 1 13 1 view -0
  30              		.cfi_startproc
  31              		@ args = 0, pretend = 0, frame = 0
  32              		@ frame_needed = 0, uses_anonymous_args = 0
  33 0000 08B5     		push	{r3, lr}
  34              	.LCFI0:
  35              		.cfi_def_cfa_offset 8
  36              		.cfi_offset 3, -8
  37              		.cfi_offset 14, -4
  14:Drivers/MyDriver/spi/spi_init.c **** 
  15:Drivers/MyDriver/spi/spi_init.c ****   
  16:Drivers/MyDriver/spi/spi_init.c ****   /* SPI1 parameter configuration*/
  17:Drivers/MyDriver/spi/spi_init.c ****   hspi1.Instance = SPI1;
  38              		.loc 1 17 3 view .LVU1
  39              		.loc 1 17 18 is_stmt 0 view .LVU2
  40 0002 1048     		ldr	r0, .L5
  41 0004 104B     		ldr	r3, .L5+4
ARM GAS  /var/folders/98/ctz5mtps7w71v8dr53cf5qg40000gn/T//cckqVXAn.s 			page 2


  42 0006 0360     		str	r3, [r0]
  18:Drivers/MyDriver/spi/spi_init.c ****   hspi1.Init.Mode = SPI_MODE_MASTER;
  43              		.loc 1 18 3 is_stmt 1 view .LVU3
  44              		.loc 1 18 19 is_stmt 0 view .LVU4
  45 0008 4FF48273 		mov	r3, #260
  46 000c 4360     		str	r3, [r0, #4]
  19:Drivers/MyDriver/spi/spi_init.c ****   hspi1.Init.Direction = SPI_DIRECTION_2LINES;
  47              		.loc 1 19 3 is_stmt 1 view .LVU5
  48              		.loc 1 19 24 is_stmt 0 view .LVU6
  49 000e 0023     		movs	r3, #0
  50 0010 8360     		str	r3, [r0, #8]
  20:Drivers/MyDriver/spi/spi_init.c ****   hspi1.Init.DataSize = SPI_DATASIZE_4BIT;
  51              		.loc 1 20 3 is_stmt 1 view .LVU7
  52              		.loc 1 20 23 is_stmt 0 view .LVU8
  53 0012 4FF44072 		mov	r2, #768
  54 0016 C260     		str	r2, [r0, #12]
  21:Drivers/MyDriver/spi/spi_init.c ****   hspi1.Init.CLKPolarity = SPI_POLARITY_LOW;
  55              		.loc 1 21 3 is_stmt 1 view .LVU9
  56              		.loc 1 21 26 is_stmt 0 view .LVU10
  57 0018 0361     		str	r3, [r0, #16]
  22:Drivers/MyDriver/spi/spi_init.c ****   hspi1.Init.CLKPhase = SPI_PHASE_1EDGE;
  58              		.loc 1 22 3 is_stmt 1 view .LVU11
  59              		.loc 1 22 23 is_stmt 0 view .LVU12
  60 001a 4361     		str	r3, [r0, #20]
  23:Drivers/MyDriver/spi/spi_init.c ****   hspi1.Init.NSS = SPI_NSS_SOFT;
  61              		.loc 1 23 3 is_stmt 1 view .LVU13
  62              		.loc 1 23 18 is_stmt 0 view .LVU14
  63 001c 4FF40072 		mov	r2, #512
  64 0020 8261     		str	r2, [r0, #24]
  24:Drivers/MyDriver/spi/spi_init.c ****   hspi1.Init.BaudRatePrescaler = SPI_BAUDRATEPRESCALER_2;
  65              		.loc 1 24 3 is_stmt 1 view .LVU15
  66              		.loc 1 24 32 is_stmt 0 view .LVU16
  67 0022 C361     		str	r3, [r0, #28]
  25:Drivers/MyDriver/spi/spi_init.c ****   hspi1.Init.FirstBit = SPI_FIRSTBIT_MSB;
  68              		.loc 1 25 3 is_stmt 1 view .LVU17
  69              		.loc 1 25 23 is_stmt 0 view .LVU18
  70 0024 0362     		str	r3, [r0, #32]
  26:Drivers/MyDriver/spi/spi_init.c ****   hspi1.Init.TIMode = SPI_TIMODE_DISABLE;
  71              		.loc 1 26 3 is_stmt 1 view .LVU19
  72              		.loc 1 26 21 is_stmt 0 view .LVU20
  73 0026 4362     		str	r3, [r0, #36]
  27:Drivers/MyDriver/spi/spi_init.c ****   hspi1.Init.CRCCalculation = SPI_CRCCALCULATION_DISABLE;
  74              		.loc 1 27 3 is_stmt 1 view .LVU21
  75              		.loc 1 27 29 is_stmt 0 view .LVU22
  76 0028 8362     		str	r3, [r0, #40]
  28:Drivers/MyDriver/spi/spi_init.c ****   hspi1.Init.CRCPolynomial = 7;
  77              		.loc 1 28 3 is_stmt 1 view .LVU23
  78              		.loc 1 28 28 is_stmt 0 view .LVU24
  79 002a 0722     		movs	r2, #7
  80 002c C262     		str	r2, [r0, #44]
  29:Drivers/MyDriver/spi/spi_init.c ****   hspi1.Init.CRCLength = SPI_CRC_LENGTH_DATASIZE;
  81              		.loc 1 29 3 is_stmt 1 view .LVU25
  82              		.loc 1 29 24 is_stmt 0 view .LVU26
  83 002e 0363     		str	r3, [r0, #48]
  30:Drivers/MyDriver/spi/spi_init.c ****   hspi1.Init.NSSPMode = SPI_NSS_PULSE_ENABLE;
  84              		.loc 1 30 3 is_stmt 1 view .LVU27
  85              		.loc 1 30 23 is_stmt 0 view .LVU28
ARM GAS  /var/folders/98/ctz5mtps7w71v8dr53cf5qg40000gn/T//cckqVXAn.s 			page 3


  86 0030 0823     		movs	r3, #8
  87 0032 4363     		str	r3, [r0, #52]
  31:Drivers/MyDriver/spi/spi_init.c ****   if (HAL_SPI_Init(&hspi1) != HAL_OK)
  88              		.loc 1 31 3 is_stmt 1 view .LVU29
  89              		.loc 1 31 7 is_stmt 0 view .LVU30
  90 0034 FFF7FEFF 		bl	HAL_SPI_Init
  91              	.LVL0:
  92              		.loc 1 31 6 discriminator 1 view .LVU31
  93 0038 00B9     		cbnz	r0, .L4
  94              	.L1:
  32:Drivers/MyDriver/spi/spi_init.c ****   {
  33:Drivers/MyDriver/spi/spi_init.c ****     Error_Handler();
  34:Drivers/MyDriver/spi/spi_init.c ****   }
  35:Drivers/MyDriver/spi/spi_init.c **** 
  36:Drivers/MyDriver/spi/spi_init.c **** }...
  95              		.loc 1 36 1 view .LVU32
  96 003a 08BD     		pop	{r3, pc}
  97              	.L4:
  33:Drivers/MyDriver/spi/spi_init.c ****     Error_Handler();
  98              		.loc 1 33 5 is_stmt 1 view .LVU33
  99 003c FFF7FEFF 		bl	Error_Handler
 100              	.LVL1:
 101              		.loc 1 36 1 is_stmt 0 view .LVU34
 102 0040 FBE7     		b	.L1
 103              	.L6:
 104 0042 00BF     		.align	2
 105              	.L5:
 106 0044 00000000 		.word	hspi1
 107 0048 00300140 		.word	1073819648
 108              		.cfi_endproc
 109              	.LFE950:
 111              		.global	hspi1
 112              		.section	.bss.hspi1,"aw",%nobits
 113              		.align	2
 116              	hspi1:
 117 0000 00000000 		.space	100
 117      00000000 
 117      00000000 
 117      00000000 
 117      00000000 
 118              		.text
 119              	.Letext0:
 120              		.file 2 "/Users/yevhenvazhynskyi/Drivers/arm-gnu-toolchain-14.2.rel1-darwin-arm64-arm-none-eabi/ar
 121              		.file 3 "/Users/yevhenvazhynskyi/Drivers/arm-gnu-toolchain-14.2.rel1-darwin-arm64-arm-none-eabi/ar
 122              		.file 4 "Drivers/CMSIS/Device/ST/STM32WBxx/Include/stm32wb55xx.h"
 123              		.file 5 "Drivers/STM32WBxx_HAL_Driver/Inc/stm32wbxx_hal_def.h"
 124              		.file 6 "Drivers/STM32WBxx_HAL_Driver/Inc/stm32wbxx_hal_dma.h"
 125              		.file 7 "Drivers/STM32WBxx_HAL_Driver/Inc/stm32wbxx_hal_spi.h"
 126              		.file 8 "Drivers/MyDriver/spi/spi_init.h"
 127              		.file 9 "Core/Inc/main.h"
ARM GAS  /var/folders/98/ctz5mtps7w71v8dr53cf5qg40000gn/T//cckqVXAn.s 			page 4


DEFINED SYMBOLS
                            *ABS*:00000000 spi_init.c
/var/folders/98/ctz5mtps7w71v8dr53cf5qg40000gn/T//cckqVXAn.s:21     .text.MX_SPI1_Init:00000000 $t
/var/folders/98/ctz5mtps7w71v8dr53cf5qg40000gn/T//cckqVXAn.s:27     .text.MX_SPI1_Init:00000000 MX_SPI1_Init
/var/folders/98/ctz5mtps7w71v8dr53cf5qg40000gn/T//cckqVXAn.s:106    .text.MX_SPI1_Init:00000044 $d
/var/folders/98/ctz5mtps7w71v8dr53cf5qg40000gn/T//cckqVXAn.s:116    .bss.hspi1:00000000 hspi1
/var/folders/98/ctz5mtps7w71v8dr53cf5qg40000gn/T//cckqVXAn.s:113    .bss.hspi1:00000000 $d

UNDEFINED SYMBOLS
HAL_SPI_Init
Error_Handler
