ARM GAS  /var/folders/98/ctz5mtps7w71v8dr53cf5qg40000gn/T//cc3ld3Nt.s 			page 1


   1              		.cpu cortex-m4
   2              		.arch armv7e-m
   3              		.fpu fpv4-sp-d16
   4              		.eabi_attribute 27, 1
   5              		.eabi_attribute 28, 1
   6              		.eabi_attribute 20, 1
   7              		.eabi_attribute 21, 1
   8              		.eabi_attribute 23, 3
   9              		.eabi_attribute 24, 1
  10              		.eabi_attribute 25, 1
  11              		.eabi_attribute 26, 1
  12              		.eabi_attribute 30, 1
  13              		.eabi_attribute 34, 1
  14              		.eabi_attribute 18, 4
  15              		.file	"stm32wbxx_hal_dma_ex.c"
  16              		.text
  17              	.Ltext0:
  18              		.cfi_sections	.debug_frame
  19              		.file 1 "Drivers/STM32WBxx_HAL_Driver/Src/stm32wbxx_hal_dma_ex.c"
  20              		.section	.text.HAL_DMAEx_ConfigMuxSync,"ax",%progbits
  21              		.align	1
  22              		.global	HAL_DMAEx_ConfigMuxSync
  23              		.syntax unified
  24              		.thumb
  25              		.thumb_func
  27              	HAL_DMAEx_ConfigMuxSync:
  28              	.LVL0:
  29              	.LFB950:
   1:Drivers/STM32WBxx_HAL_Driver/Src/stm32wbxx_hal_dma_ex.c **** /**
   2:Drivers/STM32WBxx_HAL_Driver/Src/stm32wbxx_hal_dma_ex.c ****   ******************************************************************************
   3:Drivers/STM32WBxx_HAL_Driver/Src/stm32wbxx_hal_dma_ex.c ****   * @file    stm32wbxx_hal_dma_ex.c
   4:Drivers/STM32WBxx_HAL_Driver/Src/stm32wbxx_hal_dma_ex.c ****   * @author  MCD Application Team
   5:Drivers/STM32WBxx_HAL_Driver/Src/stm32wbxx_hal_dma_ex.c ****   * @brief   DMA Extension HAL module driver
   6:Drivers/STM32WBxx_HAL_Driver/Src/stm32wbxx_hal_dma_ex.c ****   *         This file provides firmware functions to manage the following
   7:Drivers/STM32WBxx_HAL_Driver/Src/stm32wbxx_hal_dma_ex.c ****   *         functionalities of the DMA Extension peripheral:
   8:Drivers/STM32WBxx_HAL_Driver/Src/stm32wbxx_hal_dma_ex.c ****   *           + Extended features functions
   9:Drivers/STM32WBxx_HAL_Driver/Src/stm32wbxx_hal_dma_ex.c ****   *
  10:Drivers/STM32WBxx_HAL_Driver/Src/stm32wbxx_hal_dma_ex.c ****   ******************************************************************************
  11:Drivers/STM32WBxx_HAL_Driver/Src/stm32wbxx_hal_dma_ex.c ****   * @attention
  12:Drivers/STM32WBxx_HAL_Driver/Src/stm32wbxx_hal_dma_ex.c ****   *
  13:Drivers/STM32WBxx_HAL_Driver/Src/stm32wbxx_hal_dma_ex.c ****   * Copyright (c) 2019 STMicroelectronics.
  14:Drivers/STM32WBxx_HAL_Driver/Src/stm32wbxx_hal_dma_ex.c ****   * All rights reserved.
  15:Drivers/STM32WBxx_HAL_Driver/Src/stm32wbxx_hal_dma_ex.c ****   *
  16:Drivers/STM32WBxx_HAL_Driver/Src/stm32wbxx_hal_dma_ex.c ****   * This software is licensed under terms that can be found in the LICENSE file
  17:Drivers/STM32WBxx_HAL_Driver/Src/stm32wbxx_hal_dma_ex.c ****   * in the root directory of this software component.
  18:Drivers/STM32WBxx_HAL_Driver/Src/stm32wbxx_hal_dma_ex.c ****   * If no LICENSE file comes with this software, it is provided AS-IS.
  19:Drivers/STM32WBxx_HAL_Driver/Src/stm32wbxx_hal_dma_ex.c ****   *
  20:Drivers/STM32WBxx_HAL_Driver/Src/stm32wbxx_hal_dma_ex.c ****   ******************************************************************************
  21:Drivers/STM32WBxx_HAL_Driver/Src/stm32wbxx_hal_dma_ex.c ****   @verbatim
  22:Drivers/STM32WBxx_HAL_Driver/Src/stm32wbxx_hal_dma_ex.c ****   ==============================================================================
  23:Drivers/STM32WBxx_HAL_Driver/Src/stm32wbxx_hal_dma_ex.c ****                         ##### How to use this driver #####
  24:Drivers/STM32WBxx_HAL_Driver/Src/stm32wbxx_hal_dma_ex.c ****   ==============================================================================
  25:Drivers/STM32WBxx_HAL_Driver/Src/stm32wbxx_hal_dma_ex.c ****   [..]
  26:Drivers/STM32WBxx_HAL_Driver/Src/stm32wbxx_hal_dma_ex.c ****   The DMA Extension HAL driver can be used as follows:
  27:Drivers/STM32WBxx_HAL_Driver/Src/stm32wbxx_hal_dma_ex.c **** 
  28:Drivers/STM32WBxx_HAL_Driver/Src/stm32wbxx_hal_dma_ex.c ****    (+) Configure the DMA_MUX Synchronization Block using HAL_DMAEx_ConfigMuxSync function.
  29:Drivers/STM32WBxx_HAL_Driver/Src/stm32wbxx_hal_dma_ex.c ****    (+) Configure the DMA_MUX Request Generator Block using HAL_DMAEx_ConfigMuxRequestGenerator func
ARM GAS  /var/folders/98/ctz5mtps7w71v8dr53cf5qg40000gn/T//cc3ld3Nt.s 			page 2


  30:Drivers/STM32WBxx_HAL_Driver/Src/stm32wbxx_hal_dma_ex.c ****        Functions HAL_DMAEx_EnableMuxRequestGenerator and HAL_DMAEx_DisableMuxRequestGenerator can t
  31:Drivers/STM32WBxx_HAL_Driver/Src/stm32wbxx_hal_dma_ex.c ****        to respectively enable/disable the request generator.
  32:Drivers/STM32WBxx_HAL_Driver/Src/stm32wbxx_hal_dma_ex.c **** 
  33:Drivers/STM32WBxx_HAL_Driver/Src/stm32wbxx_hal_dma_ex.c ****    (+) To handle the DMAMUX Interrupts, the function  HAL_DMAEx_MUX_IRQHandler should be called fro
  34:Drivers/STM32WBxx_HAL_Driver/Src/stm32wbxx_hal_dma_ex.c ****        the DMAMUX IRQ handler i.e DMAMUX1_OVR_IRQHandler.
  35:Drivers/STM32WBxx_HAL_Driver/Src/stm32wbxx_hal_dma_ex.c ****        As only one interrupt line is available for all DMAMUX channels and request generators , HAL
  36:Drivers/STM32WBxx_HAL_Driver/Src/stm32wbxx_hal_dma_ex.c ****        called with, as parameter, the appropriate DMA handle as many as used DMAs in the user proje
  37:Drivers/STM32WBxx_HAL_Driver/Src/stm32wbxx_hal_dma_ex.c ****       (exception done if a given DMA is not using the DMAMUX SYNC block neither a request generator
  38:Drivers/STM32WBxx_HAL_Driver/Src/stm32wbxx_hal_dma_ex.c **** 
  39:Drivers/STM32WBxx_HAL_Driver/Src/stm32wbxx_hal_dma_ex.c ****   @endverbatim
  40:Drivers/STM32WBxx_HAL_Driver/Src/stm32wbxx_hal_dma_ex.c ****   ******************************************************************************
  41:Drivers/STM32WBxx_HAL_Driver/Src/stm32wbxx_hal_dma_ex.c ****   */
  42:Drivers/STM32WBxx_HAL_Driver/Src/stm32wbxx_hal_dma_ex.c **** 
  43:Drivers/STM32WBxx_HAL_Driver/Src/stm32wbxx_hal_dma_ex.c **** /* Includes ------------------------------------------------------------------*/
  44:Drivers/STM32WBxx_HAL_Driver/Src/stm32wbxx_hal_dma_ex.c **** #include "stm32wbxx_hal.h"
  45:Drivers/STM32WBxx_HAL_Driver/Src/stm32wbxx_hal_dma_ex.c **** 
  46:Drivers/STM32WBxx_HAL_Driver/Src/stm32wbxx_hal_dma_ex.c **** /** @addtogroup STM32WBxx_HAL_Driver
  47:Drivers/STM32WBxx_HAL_Driver/Src/stm32wbxx_hal_dma_ex.c ****   * @{
  48:Drivers/STM32WBxx_HAL_Driver/Src/stm32wbxx_hal_dma_ex.c ****   */
  49:Drivers/STM32WBxx_HAL_Driver/Src/stm32wbxx_hal_dma_ex.c **** 
  50:Drivers/STM32WBxx_HAL_Driver/Src/stm32wbxx_hal_dma_ex.c **** /** @defgroup DMAEx DMAEx
  51:Drivers/STM32WBxx_HAL_Driver/Src/stm32wbxx_hal_dma_ex.c ****   * @brief DMA Extended HAL module driver
  52:Drivers/STM32WBxx_HAL_Driver/Src/stm32wbxx_hal_dma_ex.c ****   * @{
  53:Drivers/STM32WBxx_HAL_Driver/Src/stm32wbxx_hal_dma_ex.c ****   */
  54:Drivers/STM32WBxx_HAL_Driver/Src/stm32wbxx_hal_dma_ex.c **** 
  55:Drivers/STM32WBxx_HAL_Driver/Src/stm32wbxx_hal_dma_ex.c **** #ifdef HAL_DMA_MODULE_ENABLED
  56:Drivers/STM32WBxx_HAL_Driver/Src/stm32wbxx_hal_dma_ex.c **** 
  57:Drivers/STM32WBxx_HAL_Driver/Src/stm32wbxx_hal_dma_ex.c **** /* Private typedef -----------------------------------------------------------*/
  58:Drivers/STM32WBxx_HAL_Driver/Src/stm32wbxx_hal_dma_ex.c **** /* Private define ------------------------------------------------------------*/
  59:Drivers/STM32WBxx_HAL_Driver/Src/stm32wbxx_hal_dma_ex.c **** /* Private macro -------------------------------------------------------------*/
  60:Drivers/STM32WBxx_HAL_Driver/Src/stm32wbxx_hal_dma_ex.c **** /* Private variables ---------------------------------------------------------*/
  61:Drivers/STM32WBxx_HAL_Driver/Src/stm32wbxx_hal_dma_ex.c **** /* Private Constants ---------------------------------------------------------*/
  62:Drivers/STM32WBxx_HAL_Driver/Src/stm32wbxx_hal_dma_ex.c **** /* Private function prototypes -----------------------------------------------*/
  63:Drivers/STM32WBxx_HAL_Driver/Src/stm32wbxx_hal_dma_ex.c **** /* Private functions ---------------------------------------------------------*/
  64:Drivers/STM32WBxx_HAL_Driver/Src/stm32wbxx_hal_dma_ex.c **** 
  65:Drivers/STM32WBxx_HAL_Driver/Src/stm32wbxx_hal_dma_ex.c **** 
  66:Drivers/STM32WBxx_HAL_Driver/Src/stm32wbxx_hal_dma_ex.c **** /** @defgroup DMAEx_Exported_Functions DMAEx Exported Functions
  67:Drivers/STM32WBxx_HAL_Driver/Src/stm32wbxx_hal_dma_ex.c ****   * @{
  68:Drivers/STM32WBxx_HAL_Driver/Src/stm32wbxx_hal_dma_ex.c ****   */
  69:Drivers/STM32WBxx_HAL_Driver/Src/stm32wbxx_hal_dma_ex.c **** 
  70:Drivers/STM32WBxx_HAL_Driver/Src/stm32wbxx_hal_dma_ex.c **** /** @defgroup DMAEx_Exported_Functions_Group1 DMAEx Extended features functions
  71:Drivers/STM32WBxx_HAL_Driver/Src/stm32wbxx_hal_dma_ex.c ****   *  @brief   Extended features functions
  72:Drivers/STM32WBxx_HAL_Driver/Src/stm32wbxx_hal_dma_ex.c ****   *
  73:Drivers/STM32WBxx_HAL_Driver/Src/stm32wbxx_hal_dma_ex.c **** @verbatim
  74:Drivers/STM32WBxx_HAL_Driver/Src/stm32wbxx_hal_dma_ex.c ****  ===============================================================================
  75:Drivers/STM32WBxx_HAL_Driver/Src/stm32wbxx_hal_dma_ex.c ****                 #####  Extended features functions  #####
  76:Drivers/STM32WBxx_HAL_Driver/Src/stm32wbxx_hal_dma_ex.c ****  ===============================================================================
  77:Drivers/STM32WBxx_HAL_Driver/Src/stm32wbxx_hal_dma_ex.c ****     [..]  This section provides functions allowing to:
  78:Drivers/STM32WBxx_HAL_Driver/Src/stm32wbxx_hal_dma_ex.c **** 
  79:Drivers/STM32WBxx_HAL_Driver/Src/stm32wbxx_hal_dma_ex.c ****     (+) Configure the DMAMUX Synchronization Block using HAL_DMAEx_ConfigMuxSync function.
  80:Drivers/STM32WBxx_HAL_Driver/Src/stm32wbxx_hal_dma_ex.c ****     (+) Configure the DMAMUX Request Generator Block using HAL_DMAEx_ConfigMuxRequestGenerator func
  81:Drivers/STM32WBxx_HAL_Driver/Src/stm32wbxx_hal_dma_ex.c ****        Functions HAL_DMAEx_EnableMuxRequestGenerator and HAL_DMAEx_DisableMuxRequestGenerator can t
  82:Drivers/STM32WBxx_HAL_Driver/Src/stm32wbxx_hal_dma_ex.c ****        to respectively enable/disable the request generator.
  83:Drivers/STM32WBxx_HAL_Driver/Src/stm32wbxx_hal_dma_ex.c **** 
  84:Drivers/STM32WBxx_HAL_Driver/Src/stm32wbxx_hal_dma_ex.c **** @endverbatim
  85:Drivers/STM32WBxx_HAL_Driver/Src/stm32wbxx_hal_dma_ex.c ****   * @{
  86:Drivers/STM32WBxx_HAL_Driver/Src/stm32wbxx_hal_dma_ex.c ****   */
ARM GAS  /var/folders/98/ctz5mtps7w71v8dr53cf5qg40000gn/T//cc3ld3Nt.s 			page 3


  87:Drivers/STM32WBxx_HAL_Driver/Src/stm32wbxx_hal_dma_ex.c **** 
  88:Drivers/STM32WBxx_HAL_Driver/Src/stm32wbxx_hal_dma_ex.c **** /**
  89:Drivers/STM32WBxx_HAL_Driver/Src/stm32wbxx_hal_dma_ex.c ****   * @brief  Configure the DMAMUX synchronization parameters for a given DMA channel (instance).
  90:Drivers/STM32WBxx_HAL_Driver/Src/stm32wbxx_hal_dma_ex.c ****   * @param  hdma Pointer to a DMA_HandleTypeDef structure that contains
  91:Drivers/STM32WBxx_HAL_Driver/Src/stm32wbxx_hal_dma_ex.c ****   *                     the configuration information for the specified DMA channel.
  92:Drivers/STM32WBxx_HAL_Driver/Src/stm32wbxx_hal_dma_ex.c ****   * @param  pSyncConfig Pointer to HAL_DMA_MuxSyncConfigTypeDef : contains the DMAMUX synchronizati
  93:Drivers/STM32WBxx_HAL_Driver/Src/stm32wbxx_hal_dma_ex.c ****   * @retval HAL status
  94:Drivers/STM32WBxx_HAL_Driver/Src/stm32wbxx_hal_dma_ex.c ****   */
  95:Drivers/STM32WBxx_HAL_Driver/Src/stm32wbxx_hal_dma_ex.c **** HAL_StatusTypeDef HAL_DMAEx_ConfigMuxSync(DMA_HandleTypeDef *hdma, HAL_DMA_MuxSyncConfigTypeDef *pS
  96:Drivers/STM32WBxx_HAL_Driver/Src/stm32wbxx_hal_dma_ex.c **** {
  30              		.loc 1 96 1 view -0
  31              		.cfi_startproc
  32              		@ args = 0, pretend = 0, frame = 0
  33              		@ frame_needed = 0, uses_anonymous_args = 0
  34              		@ link register save eliminated.
  97:Drivers/STM32WBxx_HAL_Driver/Src/stm32wbxx_hal_dma_ex.c ****   /* Check the parameters */
  98:Drivers/STM32WBxx_HAL_Driver/Src/stm32wbxx_hal_dma_ex.c ****   assert_param(IS_DMA_ALL_INSTANCE(hdma->Instance));
  35              		.loc 1 98 3 view .LVU1
  99:Drivers/STM32WBxx_HAL_Driver/Src/stm32wbxx_hal_dma_ex.c **** 
 100:Drivers/STM32WBxx_HAL_Driver/Src/stm32wbxx_hal_dma_ex.c ****   assert_param(IS_DMAMUX_SYNC_SIGNAL_ID(pSyncConfig->SyncSignalID));
  36              		.loc 1 100 3 view .LVU2
 101:Drivers/STM32WBxx_HAL_Driver/Src/stm32wbxx_hal_dma_ex.c ****   assert_param(IS_DMAMUX_SYNC_POLARITY(pSyncConfig-> SyncPolarity));
  37              		.loc 1 101 3 view .LVU3
 102:Drivers/STM32WBxx_HAL_Driver/Src/stm32wbxx_hal_dma_ex.c ****   assert_param(IS_DMAMUX_SYNC_STATE(pSyncConfig->SyncEnable));
  38              		.loc 1 102 3 view .LVU4
 103:Drivers/STM32WBxx_HAL_Driver/Src/stm32wbxx_hal_dma_ex.c ****   assert_param(IS_DMAMUX_SYNC_EVENT(pSyncConfig->EventEnable));
  39              		.loc 1 103 3 view .LVU5
 104:Drivers/STM32WBxx_HAL_Driver/Src/stm32wbxx_hal_dma_ex.c ****   assert_param(IS_DMAMUX_SYNC_REQUEST_NUMBER(pSyncConfig->RequestNumber));
  40              		.loc 1 104 3 view .LVU6
 105:Drivers/STM32WBxx_HAL_Driver/Src/stm32wbxx_hal_dma_ex.c **** 
 106:Drivers/STM32WBxx_HAL_Driver/Src/stm32wbxx_hal_dma_ex.c ****   /*Check if the DMA state is ready */
 107:Drivers/STM32WBxx_HAL_Driver/Src/stm32wbxx_hal_dma_ex.c ****   if (hdma->State == HAL_DMA_STATE_READY)
  41              		.loc 1 107 3 view .LVU7
  42              		.loc 1 107 11 is_stmt 0 view .LVU8
  43 0000 90F82530 		ldrb	r3, [r0, #37]	@ zero_extendqisi2
  44              		.loc 1 107 6 view .LVU9
  45 0004 012B     		cmp	r3, #1
  46 0006 22D1     		bne	.L3
 108:Drivers/STM32WBxx_HAL_Driver/Src/stm32wbxx_hal_dma_ex.c ****   {
 109:Drivers/STM32WBxx_HAL_Driver/Src/stm32wbxx_hal_dma_ex.c ****     /* Process Locked */
 110:Drivers/STM32WBxx_HAL_Driver/Src/stm32wbxx_hal_dma_ex.c ****     __HAL_LOCK(hdma);
  47              		.loc 1 110 5 is_stmt 1 view .LVU10
  48              		.loc 1 110 5 view .LVU11
  49 0008 90F82430 		ldrb	r3, [r0, #36]	@ zero_extendqisi2
  50 000c 012B     		cmp	r3, #1
  51 000e 20D0     		beq	.L4
  96:Drivers/STM32WBxx_HAL_Driver/Src/stm32wbxx_hal_dma_ex.c ****   /* Check the parameters */
  52              		.loc 1 96 1 is_stmt 0 view .LVU12
  53 0010 30B4     		push	{r4, r5}
  54              	.LCFI0:
  55              		.cfi_def_cfa_offset 8
  56              		.cfi_offset 4, -8
  57              		.cfi_offset 5, -4
  58              		.loc 1 110 5 is_stmt 1 discriminator 2 view .LVU13
  59 0012 0123     		movs	r3, #1
  60 0014 80F82430 		strb	r3, [r0, #36]
  61              		.loc 1 110 5 view .LVU14
ARM GAS  /var/folders/98/ctz5mtps7w71v8dr53cf5qg40000gn/T//cc3ld3Nt.s 			page 4


 111:Drivers/STM32WBxx_HAL_Driver/Src/stm32wbxx_hal_dma_ex.c **** 
 112:Drivers/STM32WBxx_HAL_Driver/Src/stm32wbxx_hal_dma_ex.c ****     /* Set the new synchronization parameters (and keep the request ID filled during the Init)*/
 113:Drivers/STM32WBxx_HAL_Driver/Src/stm32wbxx_hal_dma_ex.c ****     MODIFY_REG(hdma->DMAmuxChannel->CCR, \
  62              		.loc 1 113 5 view .LVU15
  63 0018 846C     		ldr	r4, [r0, #72]
  64 001a 2368     		ldr	r3, [r4]
  65 001c 0E4A     		ldr	r2, .L9
  66 001e 1A40     		ands	r2, r2, r3
  67 0020 0B68     		ldr	r3, [r1]
  68 0022 CD68     		ldr	r5, [r1, #12]
  69 0024 05F1FF3C 		add	ip, r5, #-1
  70 0028 43EACC43 		orr	r3, r3, ip, lsl #19
  71 002c 4D68     		ldr	r5, [r1, #4]
  72 002e 2B43     		orrs	r3, r3, r5
  73 0030 91F808C0 		ldrb	ip, [r1, #8]	@ zero_extendqisi2
  74 0034 43EA0C43 		orr	r3, r3, ip, lsl #16
  75 0038 497A     		ldrb	r1, [r1, #9]	@ zero_extendqisi2
  76              	.LVL1:
  77              		.loc 1 113 5 is_stmt 0 view .LVU16
  78 003a 43EA4123 		orr	r3, r3, r1, lsl #9
  79 003e 1A43     		orrs	r2, r2, r3
  80 0040 2260     		str	r2, [r4]
 114:Drivers/STM32WBxx_HAL_Driver/Src/stm32wbxx_hal_dma_ex.c ****                (DMAMUX_CxCR_SYNC_ID | DMAMUX_CxCR_NBREQ | DMAMUX_CxCR_SPOL | DMAMUX_CxCR_SE | DMAMU
 115:Drivers/STM32WBxx_HAL_Driver/Src/stm32wbxx_hal_dma_ex.c ****                (pSyncConfig->SyncSignalID                                       | \
 116:Drivers/STM32WBxx_HAL_Driver/Src/stm32wbxx_hal_dma_ex.c ****                 ((pSyncConfig->RequestNumber - 1U) << DMAMUX_CxCR_NBREQ_Pos)    | \
 117:Drivers/STM32WBxx_HAL_Driver/Src/stm32wbxx_hal_dma_ex.c ****                 pSyncConfig->SyncPolarity                                       | \
 118:Drivers/STM32WBxx_HAL_Driver/Src/stm32wbxx_hal_dma_ex.c ****                 ((uint32_t)pSyncConfig->SyncEnable << DMAMUX_CxCR_SE_Pos)                 | \
 119:Drivers/STM32WBxx_HAL_Driver/Src/stm32wbxx_hal_dma_ex.c ****                 ((uint32_t)pSyncConfig->EventEnable << DMAMUX_CxCR_EGE_Pos)));
 120:Drivers/STM32WBxx_HAL_Driver/Src/stm32wbxx_hal_dma_ex.c **** 
 121:Drivers/STM32WBxx_HAL_Driver/Src/stm32wbxx_hal_dma_ex.c ****     /* Process UnLocked */
 122:Drivers/STM32WBxx_HAL_Driver/Src/stm32wbxx_hal_dma_ex.c ****     __HAL_UNLOCK(hdma);
  81              		.loc 1 122 5 is_stmt 1 view .LVU17
  82              		.loc 1 122 5 view .LVU18
  83 0042 0023     		movs	r3, #0
  84 0044 80F82430 		strb	r3, [r0, #36]
  85              		.loc 1 122 5 view .LVU19
 123:Drivers/STM32WBxx_HAL_Driver/Src/stm32wbxx_hal_dma_ex.c **** 
 124:Drivers/STM32WBxx_HAL_Driver/Src/stm32wbxx_hal_dma_ex.c ****     return HAL_OK;
  86              		.loc 1 124 5 view .LVU20
  87              		.loc 1 124 12 is_stmt 0 view .LVU21
  88 0048 1846     		mov	r0, r3
  89              	.LVL2:
 125:Drivers/STM32WBxx_HAL_Driver/Src/stm32wbxx_hal_dma_ex.c ****   }
 126:Drivers/STM32WBxx_HAL_Driver/Src/stm32wbxx_hal_dma_ex.c ****   else
 127:Drivers/STM32WBxx_HAL_Driver/Src/stm32wbxx_hal_dma_ex.c ****   {
 128:Drivers/STM32WBxx_HAL_Driver/Src/stm32wbxx_hal_dma_ex.c ****     /*DMA State not Ready*/
 129:Drivers/STM32WBxx_HAL_Driver/Src/stm32wbxx_hal_dma_ex.c ****     return HAL_ERROR;
 130:Drivers/STM32WBxx_HAL_Driver/Src/stm32wbxx_hal_dma_ex.c ****   }
 131:Drivers/STM32WBxx_HAL_Driver/Src/stm32wbxx_hal_dma_ex.c **** }
  90              		.loc 1 131 1 view .LVU22
  91 004a 30BC     		pop	{r4, r5}
  92              	.LCFI1:
  93              		.cfi_restore 5
  94              		.cfi_restore 4
  95              		.cfi_def_cfa_offset 0
  96 004c 7047     		bx	lr
  97              	.LVL3:
ARM GAS  /var/folders/98/ctz5mtps7w71v8dr53cf5qg40000gn/T//cc3ld3Nt.s 			page 5


  98              	.L3:
 129:Drivers/STM32WBxx_HAL_Driver/Src/stm32wbxx_hal_dma_ex.c ****   }
  99              		.loc 1 129 12 view .LVU23
 100 004e 0120     		movs	r0, #1
 101              	.LVL4:
 129:Drivers/STM32WBxx_HAL_Driver/Src/stm32wbxx_hal_dma_ex.c ****   }
 102              		.loc 1 129 12 view .LVU24
 103 0050 7047     		bx	lr
 104              	.LVL5:
 105              	.L4:
 110:Drivers/STM32WBxx_HAL_Driver/Src/stm32wbxx_hal_dma_ex.c **** 
 106              		.loc 1 110 5 discriminator 1 view .LVU25
 107 0052 0220     		movs	r0, #2
 108              	.LVL6:
 109              		.loc 1 131 1 view .LVU26
 110 0054 7047     		bx	lr
 111              	.L10:
 112 0056 00BF     		.align	2
 113              	.L9:
 114 0058 FFFD00E0 		.word	-536805889
 115              		.cfi_endproc
 116              	.LFE950:
 118              		.section	.text.HAL_DMAEx_ConfigMuxRequestGenerator,"ax",%progbits
 119              		.align	1
 120              		.global	HAL_DMAEx_ConfigMuxRequestGenerator
 121              		.syntax unified
 122              		.thumb
 123              		.thumb_func
 125              	HAL_DMAEx_ConfigMuxRequestGenerator:
 126              	.LVL7:
 127              	.LFB951:
 132:Drivers/STM32WBxx_HAL_Driver/Src/stm32wbxx_hal_dma_ex.c **** 
 133:Drivers/STM32WBxx_HAL_Driver/Src/stm32wbxx_hal_dma_ex.c **** /**
 134:Drivers/STM32WBxx_HAL_Driver/Src/stm32wbxx_hal_dma_ex.c ****   * @brief  Configure the DMAMUX request generator block used by the given DMA channel (instance).
 135:Drivers/STM32WBxx_HAL_Driver/Src/stm32wbxx_hal_dma_ex.c ****   * @param  hdma Pointer to a DMA_HandleTypeDef structure that contains
 136:Drivers/STM32WBxx_HAL_Driver/Src/stm32wbxx_hal_dma_ex.c ****   *                     the configuration information for the specified DMA channel.
 137:Drivers/STM32WBxx_HAL_Driver/Src/stm32wbxx_hal_dma_ex.c ****   * @param  pRequestGeneratorConfig Pointer to HAL_DMA_MuxRequestGeneratorConfigTypeDef :
 138:Drivers/STM32WBxx_HAL_Driver/Src/stm32wbxx_hal_dma_ex.c ****   *         contains the request generator parameters.
 139:Drivers/STM32WBxx_HAL_Driver/Src/stm32wbxx_hal_dma_ex.c ****   *
 140:Drivers/STM32WBxx_HAL_Driver/Src/stm32wbxx_hal_dma_ex.c ****   * @retval HAL status
 141:Drivers/STM32WBxx_HAL_Driver/Src/stm32wbxx_hal_dma_ex.c ****   */
 142:Drivers/STM32WBxx_HAL_Driver/Src/stm32wbxx_hal_dma_ex.c **** HAL_StatusTypeDef HAL_DMAEx_ConfigMuxRequestGenerator(DMA_HandleTypeDef *hdma,
 143:Drivers/STM32WBxx_HAL_Driver/Src/stm32wbxx_hal_dma_ex.c ****                                                       HAL_DMA_MuxRequestGeneratorConfigTypeDef *pRe
 144:Drivers/STM32WBxx_HAL_Driver/Src/stm32wbxx_hal_dma_ex.c **** {
 128              		.loc 1 144 1 is_stmt 1 view -0
 129              		.cfi_startproc
 130              		@ args = 0, pretend = 0, frame = 0
 131              		@ frame_needed = 0, uses_anonymous_args = 0
 132              		@ link register save eliminated.
 145:Drivers/STM32WBxx_HAL_Driver/Src/stm32wbxx_hal_dma_ex.c ****   /* Check the parameters */
 146:Drivers/STM32WBxx_HAL_Driver/Src/stm32wbxx_hal_dma_ex.c ****   assert_param(IS_DMA_ALL_INSTANCE(hdma->Instance));
 133              		.loc 1 146 3 view .LVU28
 147:Drivers/STM32WBxx_HAL_Driver/Src/stm32wbxx_hal_dma_ex.c **** 
 148:Drivers/STM32WBxx_HAL_Driver/Src/stm32wbxx_hal_dma_ex.c ****   assert_param(IS_DMAMUX_REQUEST_GEN_SIGNAL_ID(pRequestGeneratorConfig->SignalID));
 134              		.loc 1 148 3 view .LVU29
 149:Drivers/STM32WBxx_HAL_Driver/Src/stm32wbxx_hal_dma_ex.c ****   assert_param(IS_DMAMUX_REQUEST_GEN_POLARITY(pRequestGeneratorConfig->Polarity));
 135              		.loc 1 149 3 view .LVU30
ARM GAS  /var/folders/98/ctz5mtps7w71v8dr53cf5qg40000gn/T//cc3ld3Nt.s 			page 6


 150:Drivers/STM32WBxx_HAL_Driver/Src/stm32wbxx_hal_dma_ex.c ****   assert_param(IS_DMAMUX_REQUEST_GEN_REQUEST_NUMBER(pRequestGeneratorConfig->RequestNumber));
 136              		.loc 1 150 3 view .LVU31
 151:Drivers/STM32WBxx_HAL_Driver/Src/stm32wbxx_hal_dma_ex.c **** 
 152:Drivers/STM32WBxx_HAL_Driver/Src/stm32wbxx_hal_dma_ex.c ****   /* check if the DMA state is ready
 153:Drivers/STM32WBxx_HAL_Driver/Src/stm32wbxx_hal_dma_ex.c ****      and DMA is using a DMAMUX request generator block
 154:Drivers/STM32WBxx_HAL_Driver/Src/stm32wbxx_hal_dma_ex.c ****   */
 155:Drivers/STM32WBxx_HAL_Driver/Src/stm32wbxx_hal_dma_ex.c ****   if ((hdma->State == HAL_DMA_STATE_READY) && (hdma->DMAmuxRequestGen != 0U))
 137              		.loc 1 155 3 view .LVU32
 138              		.loc 1 155 12 is_stmt 0 view .LVU33
 139 0000 90F82520 		ldrb	r2, [r0, #37]	@ zero_extendqisi2
 140              		.loc 1 155 6 view .LVU34
 141 0004 012A     		cmp	r2, #1
 142 0006 19D1     		bne	.L13
 144:Drivers/STM32WBxx_HAL_Driver/Src/stm32wbxx_hal_dma_ex.c ****   /* Check the parameters */
 143              		.loc 1 144 1 view .LVU35
 144 0008 10B4     		push	{r4}
 145              	.LCFI2:
 146              		.cfi_def_cfa_offset 4
 147              		.cfi_offset 4, -4
 148 000a 0346     		mov	r3, r0
 149 000c D0B2     		uxtb	r0, r2
 150              	.LVL8:
 151              		.loc 1 155 52 discriminator 1 view .LVU36
 152 000e 5C6D     		ldr	r4, [r3, #84]
 153              		.loc 1 155 44 discriminator 1 view .LVU37
 154 0010 8CB1     		cbz	r4, .L12
 156:Drivers/STM32WBxx_HAL_Driver/Src/stm32wbxx_hal_dma_ex.c ****   {
 157:Drivers/STM32WBxx_HAL_Driver/Src/stm32wbxx_hal_dma_ex.c ****     /* Process Locked */
 158:Drivers/STM32WBxx_HAL_Driver/Src/stm32wbxx_hal_dma_ex.c ****     __HAL_LOCK(hdma);
 155              		.loc 1 158 5 is_stmt 1 view .LVU38
 156              		.loc 1 158 5 view .LVU39
 157 0012 93F82420 		ldrb	r2, [r3, #36]	@ zero_extendqisi2
 158 0016 012A     		cmp	r2, #1
 159 0018 12D0     		beq	.L14
 160              		.loc 1 158 5 discriminator 2 view .LVU40
 161 001a 0122     		movs	r2, #1
 162 001c 83F82420 		strb	r2, [r3, #36]
 163              		.loc 1 158 5 view .LVU41
 159:Drivers/STM32WBxx_HAL_Driver/Src/stm32wbxx_hal_dma_ex.c **** 
 160:Drivers/STM32WBxx_HAL_Driver/Src/stm32wbxx_hal_dma_ex.c ****     /* Set the request generator new parameters*/
 161:Drivers/STM32WBxx_HAL_Driver/Src/stm32wbxx_hal_dma_ex.c ****     WRITE_REG(hdma->DMAmuxRequestGen->RGCR, (pRequestGeneratorConfig->SignalID       | \
 164              		.loc 1 161 5 view .LVU42
 165 0020 0A68     		ldr	r2, [r1]
 166 0022 4868     		ldr	r0, [r1, #4]
 167 0024 0243     		orrs	r2, r2, r0
 168 0026 8968     		ldr	r1, [r1, #8]
 169              	.LVL9:
 170              		.loc 1 161 5 is_stmt 0 view .LVU43
 171 0028 0139     		subs	r1, r1, #1
 172 002a 42EAC142 		orr	r2, r2, r1, lsl #19
 173 002e 2260     		str	r2, [r4]
 162:Drivers/STM32WBxx_HAL_Driver/Src/stm32wbxx_hal_dma_ex.c ****                                              pRequestGeneratorConfig->Polarity       | \
 163:Drivers/STM32WBxx_HAL_Driver/Src/stm32wbxx_hal_dma_ex.c ****                                              ((pRequestGeneratorConfig->RequestNumber - 1U) << DMAM
 164:Drivers/STM32WBxx_HAL_Driver/Src/stm32wbxx_hal_dma_ex.c **** 
 165:Drivers/STM32WBxx_HAL_Driver/Src/stm32wbxx_hal_dma_ex.c ****     /* Process UnLocked */
 166:Drivers/STM32WBxx_HAL_Driver/Src/stm32wbxx_hal_dma_ex.c ****     __HAL_UNLOCK(hdma);
 174              		.loc 1 166 5 is_stmt 1 view .LVU44
ARM GAS  /var/folders/98/ctz5mtps7w71v8dr53cf5qg40000gn/T//cc3ld3Nt.s 			page 7


 175              		.loc 1 166 5 view .LVU45
 176 0030 0020     		movs	r0, #0
 177 0032 83F82400 		strb	r0, [r3, #36]
 178              		.loc 1 166 5 view .LVU46
 167:Drivers/STM32WBxx_HAL_Driver/Src/stm32wbxx_hal_dma_ex.c **** 
 168:Drivers/STM32WBxx_HAL_Driver/Src/stm32wbxx_hal_dma_ex.c ****     return HAL_OK;
 179              		.loc 1 168 5 view .LVU47
 180              	.L12:
 169:Drivers/STM32WBxx_HAL_Driver/Src/stm32wbxx_hal_dma_ex.c ****   }
 170:Drivers/STM32WBxx_HAL_Driver/Src/stm32wbxx_hal_dma_ex.c ****   else
 171:Drivers/STM32WBxx_HAL_Driver/Src/stm32wbxx_hal_dma_ex.c ****   {
 172:Drivers/STM32WBxx_HAL_Driver/Src/stm32wbxx_hal_dma_ex.c ****     return HAL_ERROR;
 173:Drivers/STM32WBxx_HAL_Driver/Src/stm32wbxx_hal_dma_ex.c ****   }
 174:Drivers/STM32WBxx_HAL_Driver/Src/stm32wbxx_hal_dma_ex.c **** }
 181              		.loc 1 174 1 is_stmt 0 view .LVU48
 182 0036 5DF8044B 		ldr	r4, [sp], #4
 183              	.LCFI3:
 184              		.cfi_restore 4
 185              		.cfi_def_cfa_offset 0
 186 003a 7047     		bx	lr
 187              	.LVL10:
 188              	.L13:
 172:Drivers/STM32WBxx_HAL_Driver/Src/stm32wbxx_hal_dma_ex.c ****   }
 189              		.loc 1 172 12 view .LVU49
 190 003c 0120     		movs	r0, #1
 191              	.LVL11:
 192              		.loc 1 174 1 view .LVU50
 193 003e 7047     		bx	lr
 194              	.LVL12:
 195              	.L14:
 196              	.LCFI4:
 197              		.cfi_def_cfa_offset 4
 198              		.cfi_offset 4, -4
 158:Drivers/STM32WBxx_HAL_Driver/Src/stm32wbxx_hal_dma_ex.c **** 
 199              		.loc 1 158 5 discriminator 1 view .LVU51
 200 0040 0220     		movs	r0, #2
 201 0042 F8E7     		b	.L12
 202              		.cfi_endproc
 203              	.LFE951:
 205              		.section	.text.HAL_DMAEx_EnableMuxRequestGenerator,"ax",%progbits
 206              		.align	1
 207              		.global	HAL_DMAEx_EnableMuxRequestGenerator
 208              		.syntax unified
 209              		.thumb
 210              		.thumb_func
 212              	HAL_DMAEx_EnableMuxRequestGenerator:
 213              	.LVL13:
 214              	.LFB952:
 175:Drivers/STM32WBxx_HAL_Driver/Src/stm32wbxx_hal_dma_ex.c **** 
 176:Drivers/STM32WBxx_HAL_Driver/Src/stm32wbxx_hal_dma_ex.c **** /**
 177:Drivers/STM32WBxx_HAL_Driver/Src/stm32wbxx_hal_dma_ex.c ****   * @brief  Enable the DMAMUX request generator block used by the given DMA channel (instance).
 178:Drivers/STM32WBxx_HAL_Driver/Src/stm32wbxx_hal_dma_ex.c ****   * @param  hdma Pointer to a DMA_HandleTypeDef structure that contains
 179:Drivers/STM32WBxx_HAL_Driver/Src/stm32wbxx_hal_dma_ex.c ****   *                     the configuration information for the specified DMA channel.
 180:Drivers/STM32WBxx_HAL_Driver/Src/stm32wbxx_hal_dma_ex.c ****   * @retval HAL status
 181:Drivers/STM32WBxx_HAL_Driver/Src/stm32wbxx_hal_dma_ex.c ****   */
 182:Drivers/STM32WBxx_HAL_Driver/Src/stm32wbxx_hal_dma_ex.c **** HAL_StatusTypeDef HAL_DMAEx_EnableMuxRequestGenerator(DMA_HandleTypeDef *hdma)
 183:Drivers/STM32WBxx_HAL_Driver/Src/stm32wbxx_hal_dma_ex.c **** {
ARM GAS  /var/folders/98/ctz5mtps7w71v8dr53cf5qg40000gn/T//cc3ld3Nt.s 			page 8


 215              		.loc 1 183 1 is_stmt 1 view -0
 216              		.cfi_startproc
 217              		@ args = 0, pretend = 0, frame = 0
 218              		@ frame_needed = 0, uses_anonymous_args = 0
 219              		@ link register save eliminated.
 184:Drivers/STM32WBxx_HAL_Driver/Src/stm32wbxx_hal_dma_ex.c ****   /* Check the parameters */
 185:Drivers/STM32WBxx_HAL_Driver/Src/stm32wbxx_hal_dma_ex.c ****   assert_param(IS_DMA_ALL_INSTANCE(hdma->Instance));
 220              		.loc 1 185 3 view .LVU53
 186:Drivers/STM32WBxx_HAL_Driver/Src/stm32wbxx_hal_dma_ex.c **** 
 187:Drivers/STM32WBxx_HAL_Driver/Src/stm32wbxx_hal_dma_ex.c ****   /* check if the DMA state is ready
 188:Drivers/STM32WBxx_HAL_Driver/Src/stm32wbxx_hal_dma_ex.c ****      and DMA is using a DMAMUX request generator block
 189:Drivers/STM32WBxx_HAL_Driver/Src/stm32wbxx_hal_dma_ex.c ****   */
 190:Drivers/STM32WBxx_HAL_Driver/Src/stm32wbxx_hal_dma_ex.c ****   if ((hdma->State != HAL_DMA_STATE_RESET) && (hdma->DMAmuxRequestGen != 0U))
 221              		.loc 1 190 3 view .LVU54
 222              		.loc 1 190 12 is_stmt 0 view .LVU55
 223 0000 90F82530 		ldrb	r3, [r0, #37]	@ zero_extendqisi2
 224              		.loc 1 190 6 view .LVU56
 225 0004 3BB1     		cbz	r3, .L21
 226              		.loc 1 190 52 discriminator 1 view .LVU57
 227 0006 436D     		ldr	r3, [r0, #84]
 228              		.loc 1 190 44 discriminator 1 view .LVU58
 229 0008 3BB1     		cbz	r3, .L22
 191:Drivers/STM32WBxx_HAL_Driver/Src/stm32wbxx_hal_dma_ex.c ****   {
 192:Drivers/STM32WBxx_HAL_Driver/Src/stm32wbxx_hal_dma_ex.c ****     /* Enable the request generator*/
 193:Drivers/STM32WBxx_HAL_Driver/Src/stm32wbxx_hal_dma_ex.c ****     SET_BIT(hdma->DMAmuxRequestGen->RGCR, DMAMUX_RGxCR_GE);
 230              		.loc 1 193 5 is_stmt 1 view .LVU59
 231 000a 1A68     		ldr	r2, [r3]
 232 000c 42F48032 		orr	r2, r2, #65536
 233 0010 1A60     		str	r2, [r3]
 194:Drivers/STM32WBxx_HAL_Driver/Src/stm32wbxx_hal_dma_ex.c **** 
 195:Drivers/STM32WBxx_HAL_Driver/Src/stm32wbxx_hal_dma_ex.c ****     return HAL_OK;
 234              		.loc 1 195 5 view .LVU60
 235              		.loc 1 195 12 is_stmt 0 view .LVU61
 236 0012 0020     		movs	r0, #0
 237              	.LVL14:
 238              		.loc 1 195 12 view .LVU62
 239 0014 7047     		bx	lr
 240              	.LVL15:
 241              	.L21:
 196:Drivers/STM32WBxx_HAL_Driver/Src/stm32wbxx_hal_dma_ex.c ****   }
 197:Drivers/STM32WBxx_HAL_Driver/Src/stm32wbxx_hal_dma_ex.c ****   else
 198:Drivers/STM32WBxx_HAL_Driver/Src/stm32wbxx_hal_dma_ex.c ****   {
 199:Drivers/STM32WBxx_HAL_Driver/Src/stm32wbxx_hal_dma_ex.c ****     return HAL_ERROR;
 242              		.loc 1 199 12 view .LVU63
 243 0016 0120     		movs	r0, #1
 244              	.LVL16:
 245              		.loc 1 199 12 view .LVU64
 246 0018 7047     		bx	lr
 247              	.LVL17:
 248              	.L22:
 249              		.loc 1 199 12 view .LVU65
 250 001a 0120     		movs	r0, #1
 251              	.LVL18:
 200:Drivers/STM32WBxx_HAL_Driver/Src/stm32wbxx_hal_dma_ex.c ****   }
 201:Drivers/STM32WBxx_HAL_Driver/Src/stm32wbxx_hal_dma_ex.c **** }
 252              		.loc 1 201 1 view .LVU66
 253 001c 7047     		bx	lr
ARM GAS  /var/folders/98/ctz5mtps7w71v8dr53cf5qg40000gn/T//cc3ld3Nt.s 			page 9


 254              		.cfi_endproc
 255              	.LFE952:
 257              		.section	.text.HAL_DMAEx_DisableMuxRequestGenerator,"ax",%progbits
 258              		.align	1
 259              		.global	HAL_DMAEx_DisableMuxRequestGenerator
 260              		.syntax unified
 261              		.thumb
 262              		.thumb_func
 264              	HAL_DMAEx_DisableMuxRequestGenerator:
 265              	.LVL19:
 266              	.LFB953:
 202:Drivers/STM32WBxx_HAL_Driver/Src/stm32wbxx_hal_dma_ex.c **** 
 203:Drivers/STM32WBxx_HAL_Driver/Src/stm32wbxx_hal_dma_ex.c **** /**
 204:Drivers/STM32WBxx_HAL_Driver/Src/stm32wbxx_hal_dma_ex.c ****   * @brief  Disable the DMAMUX request generator block used by the given DMA channel (instance).
 205:Drivers/STM32WBxx_HAL_Driver/Src/stm32wbxx_hal_dma_ex.c ****   * @param  hdma Pointer to a DMA_HandleTypeDef structure that contains
 206:Drivers/STM32WBxx_HAL_Driver/Src/stm32wbxx_hal_dma_ex.c ****   *                     the configuration information for the specified DMA channel.
 207:Drivers/STM32WBxx_HAL_Driver/Src/stm32wbxx_hal_dma_ex.c ****   * @retval HAL status
 208:Drivers/STM32WBxx_HAL_Driver/Src/stm32wbxx_hal_dma_ex.c ****   */
 209:Drivers/STM32WBxx_HAL_Driver/Src/stm32wbxx_hal_dma_ex.c **** HAL_StatusTypeDef HAL_DMAEx_DisableMuxRequestGenerator(DMA_HandleTypeDef *hdma)
 210:Drivers/STM32WBxx_HAL_Driver/Src/stm32wbxx_hal_dma_ex.c **** {
 267              		.loc 1 210 1 is_stmt 1 view -0
 268              		.cfi_startproc
 269              		@ args = 0, pretend = 0, frame = 0
 270              		@ frame_needed = 0, uses_anonymous_args = 0
 271              		@ link register save eliminated.
 211:Drivers/STM32WBxx_HAL_Driver/Src/stm32wbxx_hal_dma_ex.c ****   /* Check the parameters */
 212:Drivers/STM32WBxx_HAL_Driver/Src/stm32wbxx_hal_dma_ex.c ****   assert_param(IS_DMA_ALL_INSTANCE(hdma->Instance));
 272              		.loc 1 212 3 view .LVU68
 213:Drivers/STM32WBxx_HAL_Driver/Src/stm32wbxx_hal_dma_ex.c **** 
 214:Drivers/STM32WBxx_HAL_Driver/Src/stm32wbxx_hal_dma_ex.c ****   /* check if the DMA state is ready
 215:Drivers/STM32WBxx_HAL_Driver/Src/stm32wbxx_hal_dma_ex.c ****      and DMA is using a DMAMUX request generator block
 216:Drivers/STM32WBxx_HAL_Driver/Src/stm32wbxx_hal_dma_ex.c ****   */
 217:Drivers/STM32WBxx_HAL_Driver/Src/stm32wbxx_hal_dma_ex.c ****   if ((hdma->State != HAL_DMA_STATE_RESET) && (hdma->DMAmuxRequestGen != 0))
 273              		.loc 1 217 3 view .LVU69
 274              		.loc 1 217 12 is_stmt 0 view .LVU70
 275 0000 90F82530 		ldrb	r3, [r0, #37]	@ zero_extendqisi2
 276              		.loc 1 217 6 view .LVU71
 277 0004 3BB1     		cbz	r3, .L25
 278              		.loc 1 217 52 discriminator 1 view .LVU72
 279 0006 436D     		ldr	r3, [r0, #84]
 280              		.loc 1 217 44 discriminator 1 view .LVU73
 281 0008 3BB1     		cbz	r3, .L26
 218:Drivers/STM32WBxx_HAL_Driver/Src/stm32wbxx_hal_dma_ex.c ****   {
 219:Drivers/STM32WBxx_HAL_Driver/Src/stm32wbxx_hal_dma_ex.c ****     /* Disable the request generator*/
 220:Drivers/STM32WBxx_HAL_Driver/Src/stm32wbxx_hal_dma_ex.c ****     CLEAR_BIT(hdma->DMAmuxRequestGen->RGCR, DMAMUX_RGxCR_GE);
 282              		.loc 1 220 5 is_stmt 1 view .LVU74
 283 000a 1A68     		ldr	r2, [r3]
 284 000c 22F48032 		bic	r2, r2, #65536
 285 0010 1A60     		str	r2, [r3]
 221:Drivers/STM32WBxx_HAL_Driver/Src/stm32wbxx_hal_dma_ex.c **** 
 222:Drivers/STM32WBxx_HAL_Driver/Src/stm32wbxx_hal_dma_ex.c ****     return HAL_OK;
 286              		.loc 1 222 5 view .LVU75
 287              		.loc 1 222 12 is_stmt 0 view .LVU76
 288 0012 0020     		movs	r0, #0
 289              	.LVL20:
 290              		.loc 1 222 12 view .LVU77
 291 0014 7047     		bx	lr
ARM GAS  /var/folders/98/ctz5mtps7w71v8dr53cf5qg40000gn/T//cc3ld3Nt.s 			page 10


 292              	.LVL21:
 293              	.L25:
 223:Drivers/STM32WBxx_HAL_Driver/Src/stm32wbxx_hal_dma_ex.c ****   }
 224:Drivers/STM32WBxx_HAL_Driver/Src/stm32wbxx_hal_dma_ex.c ****   else
 225:Drivers/STM32WBxx_HAL_Driver/Src/stm32wbxx_hal_dma_ex.c ****   {
 226:Drivers/STM32WBxx_HAL_Driver/Src/stm32wbxx_hal_dma_ex.c ****     return HAL_ERROR;
 294              		.loc 1 226 12 view .LVU78
 295 0016 0120     		movs	r0, #1
 296              	.LVL22:
 297              		.loc 1 226 12 view .LVU79
 298 0018 7047     		bx	lr
 299              	.LVL23:
 300              	.L26:
 301              		.loc 1 226 12 view .LVU80
 302 001a 0120     		movs	r0, #1
 303              	.LVL24:
 227:Drivers/STM32WBxx_HAL_Driver/Src/stm32wbxx_hal_dma_ex.c ****   }
 228:Drivers/STM32WBxx_HAL_Driver/Src/stm32wbxx_hal_dma_ex.c **** }
 304              		.loc 1 228 1 view .LVU81
 305 001c 7047     		bx	lr
 306              		.cfi_endproc
 307              	.LFE953:
 309              		.section	.text.HAL_DMAEx_MUX_IRQHandler,"ax",%progbits
 310              		.align	1
 311              		.global	HAL_DMAEx_MUX_IRQHandler
 312              		.syntax unified
 313              		.thumb
 314              		.thumb_func
 316              	HAL_DMAEx_MUX_IRQHandler:
 317              	.LVL25:
 318              	.LFB954:
 229:Drivers/STM32WBxx_HAL_Driver/Src/stm32wbxx_hal_dma_ex.c **** 
 230:Drivers/STM32WBxx_HAL_Driver/Src/stm32wbxx_hal_dma_ex.c **** /**
 231:Drivers/STM32WBxx_HAL_Driver/Src/stm32wbxx_hal_dma_ex.c ****   * @brief  Handles DMAMUX interrupt request.
 232:Drivers/STM32WBxx_HAL_Driver/Src/stm32wbxx_hal_dma_ex.c ****   * @param  hdma Pointer to a DMA_HandleTypeDef structure that contains
 233:Drivers/STM32WBxx_HAL_Driver/Src/stm32wbxx_hal_dma_ex.c ****   *               the configuration information for the specified DMA channel.
 234:Drivers/STM32WBxx_HAL_Driver/Src/stm32wbxx_hal_dma_ex.c ****   * @retval None
 235:Drivers/STM32WBxx_HAL_Driver/Src/stm32wbxx_hal_dma_ex.c ****   */
 236:Drivers/STM32WBxx_HAL_Driver/Src/stm32wbxx_hal_dma_ex.c **** void HAL_DMAEx_MUX_IRQHandler(DMA_HandleTypeDef *hdma)
 237:Drivers/STM32WBxx_HAL_Driver/Src/stm32wbxx_hal_dma_ex.c **** {
 319              		.loc 1 237 1 is_stmt 1 view -0
 320              		.cfi_startproc
 321              		@ args = 0, pretend = 0, frame = 0
 322              		@ frame_needed = 0, uses_anonymous_args = 0
 323              		.loc 1 237 1 is_stmt 0 view .LVU83
 324 0000 10B5     		push	{r4, lr}
 325              	.LCFI5:
 326              		.cfi_def_cfa_offset 8
 327              		.cfi_offset 4, -8
 328              		.cfi_offset 14, -4
 329 0002 0446     		mov	r4, r0
 238:Drivers/STM32WBxx_HAL_Driver/Src/stm32wbxx_hal_dma_ex.c ****   /* Check for DMAMUX Synchronization overrun */
 239:Drivers/STM32WBxx_HAL_Driver/Src/stm32wbxx_hal_dma_ex.c ****   if ((hdma->DMAmuxChannelStatus->CSR & hdma->DMAmuxChannelStatusMask) != 0U)
 330              		.loc 1 239 3 is_stmt 1 view .LVU84
 331              		.loc 1 239 12 is_stmt 0 view .LVU85
 332 0004 C36C     		ldr	r3, [r0, #76]
 333              		.loc 1 239 33 view .LVU86
ARM GAS  /var/folders/98/ctz5mtps7w71v8dr53cf5qg40000gn/T//cc3ld3Nt.s 			page 11


 334 0006 1A68     		ldr	r2, [r3]
 335              		.loc 1 239 45 view .LVU87
 336 0008 036D     		ldr	r3, [r0, #80]
 337              		.loc 1 239 6 view .LVU88
 338 000a 1A42     		tst	r2, r3
 339 000c 0ED0     		beq	.L28
 240:Drivers/STM32WBxx_HAL_Driver/Src/stm32wbxx_hal_dma_ex.c ****   {
 241:Drivers/STM32WBxx_HAL_Driver/Src/stm32wbxx_hal_dma_ex.c ****     /* Disable the synchro overrun interrupt */
 242:Drivers/STM32WBxx_HAL_Driver/Src/stm32wbxx_hal_dma_ex.c ****     CLEAR_BIT(hdma->DMAmuxChannel->CCR, DMAMUX_CxCR_SOIE);
 340              		.loc 1 242 5 is_stmt 1 view .LVU89
 341 000e 826C     		ldr	r2, [r0, #72]
 342 0010 1368     		ldr	r3, [r2]
 343 0012 23F48073 		bic	r3, r3, #256
 344 0016 1360     		str	r3, [r2]
 243:Drivers/STM32WBxx_HAL_Driver/Src/stm32wbxx_hal_dma_ex.c **** 
 244:Drivers/STM32WBxx_HAL_Driver/Src/stm32wbxx_hal_dma_ex.c ****     /* Clear the DMAMUX synchro overrun flag */
 245:Drivers/STM32WBxx_HAL_Driver/Src/stm32wbxx_hal_dma_ex.c ****     WRITE_REG(hdma->DMAmuxChannelStatus->CFR, hdma->DMAmuxChannelStatusMask);
 345              		.loc 1 245 5 view .LVU90
 346 0018 C36C     		ldr	r3, [r0, #76]
 347 001a 026D     		ldr	r2, [r0, #80]
 348 001c 5A60     		str	r2, [r3, #4]
 246:Drivers/STM32WBxx_HAL_Driver/Src/stm32wbxx_hal_dma_ex.c **** 
 247:Drivers/STM32WBxx_HAL_Driver/Src/stm32wbxx_hal_dma_ex.c ****     /* Update error code */
 248:Drivers/STM32WBxx_HAL_Driver/Src/stm32wbxx_hal_dma_ex.c ****     hdma->ErrorCode |= HAL_DMA_ERROR_SYNC;
 349              		.loc 1 248 5 view .LVU91
 350              		.loc 1 248 9 is_stmt 0 view .LVU92
 351 001e C36B     		ldr	r3, [r0, #60]
 352              		.loc 1 248 21 view .LVU93
 353 0020 43F40073 		orr	r3, r3, #512
 354 0024 C363     		str	r3, [r0, #60]
 249:Drivers/STM32WBxx_HAL_Driver/Src/stm32wbxx_hal_dma_ex.c **** 
 250:Drivers/STM32WBxx_HAL_Driver/Src/stm32wbxx_hal_dma_ex.c ****     if (hdma->XferErrorCallback != NULL)
 355              		.loc 1 250 5 is_stmt 1 view .LVU94
 356              		.loc 1 250 13 is_stmt 0 view .LVU95
 357 0026 436B     		ldr	r3, [r0, #52]
 358              		.loc 1 250 8 view .LVU96
 359 0028 03B1     		cbz	r3, .L28
 251:Drivers/STM32WBxx_HAL_Driver/Src/stm32wbxx_hal_dma_ex.c ****     {
 252:Drivers/STM32WBxx_HAL_Driver/Src/stm32wbxx_hal_dma_ex.c ****       /* Transfer error callback */
 253:Drivers/STM32WBxx_HAL_Driver/Src/stm32wbxx_hal_dma_ex.c ****       hdma->XferErrorCallback(hdma);
 360              		.loc 1 253 7 is_stmt 1 view .LVU97
 361 002a 9847     		blx	r3
 362              	.LVL26:
 363              	.L28:
 254:Drivers/STM32WBxx_HAL_Driver/Src/stm32wbxx_hal_dma_ex.c ****     }
 255:Drivers/STM32WBxx_HAL_Driver/Src/stm32wbxx_hal_dma_ex.c ****   }
 256:Drivers/STM32WBxx_HAL_Driver/Src/stm32wbxx_hal_dma_ex.c **** 
 257:Drivers/STM32WBxx_HAL_Driver/Src/stm32wbxx_hal_dma_ex.c ****   if (hdma->DMAmuxRequestGen != 0U)
 364              		.loc 1 257 3 view .LVU98
 365              		.loc 1 257 11 is_stmt 0 view .LVU99
 366 002c 636D     		ldr	r3, [r4, #84]
 367              		.loc 1 257 6 view .LVU100
 368 002e 9BB1     		cbz	r3, .L27
 258:Drivers/STM32WBxx_HAL_Driver/Src/stm32wbxx_hal_dma_ex.c ****   {
 259:Drivers/STM32WBxx_HAL_Driver/Src/stm32wbxx_hal_dma_ex.c ****     /* if using a DMAMUX request generator block Check for DMAMUX request generator overrun */
 260:Drivers/STM32WBxx_HAL_Driver/Src/stm32wbxx_hal_dma_ex.c ****     if ((hdma->DMAmuxRequestGenStatus->RGSR & hdma->DMAmuxRequestGenStatusMask) != 0U)
 369              		.loc 1 260 5 is_stmt 1 view .LVU101
ARM GAS  /var/folders/98/ctz5mtps7w71v8dr53cf5qg40000gn/T//cc3ld3Nt.s 			page 12


 370              		.loc 1 260 14 is_stmt 0 view .LVU102
 371 0030 A26D     		ldr	r2, [r4, #88]
 372              		.loc 1 260 38 view .LVU103
 373 0032 1168     		ldr	r1, [r2]
 374              		.loc 1 260 51 view .LVU104
 375 0034 E26D     		ldr	r2, [r4, #92]
 376              		.loc 1 260 8 view .LVU105
 377 0036 1142     		tst	r1, r2
 378 0038 0ED0     		beq	.L27
 261:Drivers/STM32WBxx_HAL_Driver/Src/stm32wbxx_hal_dma_ex.c ****     {
 262:Drivers/STM32WBxx_HAL_Driver/Src/stm32wbxx_hal_dma_ex.c ****       /* Disable the request gen overrun interrupt */
 263:Drivers/STM32WBxx_HAL_Driver/Src/stm32wbxx_hal_dma_ex.c ****       CLEAR_BIT(hdma->DMAmuxRequestGen->RGCR, DMAMUX_RGxCR_OIE);
 379              		.loc 1 263 7 is_stmt 1 view .LVU106
 380 003a 1A68     		ldr	r2, [r3]
 381 003c 22F48072 		bic	r2, r2, #256
 382 0040 1A60     		str	r2, [r3]
 264:Drivers/STM32WBxx_HAL_Driver/Src/stm32wbxx_hal_dma_ex.c **** 
 265:Drivers/STM32WBxx_HAL_Driver/Src/stm32wbxx_hal_dma_ex.c ****       /* Clear the DMAMUX request generator overrun flag */
 266:Drivers/STM32WBxx_HAL_Driver/Src/stm32wbxx_hal_dma_ex.c ****       WRITE_REG(hdma->DMAmuxRequestGenStatus->RGCFR, hdma->DMAmuxRequestGenStatusMask);
 383              		.loc 1 266 7 view .LVU107
 384 0042 A36D     		ldr	r3, [r4, #88]
 385 0044 E26D     		ldr	r2, [r4, #92]
 386 0046 5A60     		str	r2, [r3, #4]
 267:Drivers/STM32WBxx_HAL_Driver/Src/stm32wbxx_hal_dma_ex.c **** 
 268:Drivers/STM32WBxx_HAL_Driver/Src/stm32wbxx_hal_dma_ex.c ****       /* Update error code */
 269:Drivers/STM32WBxx_HAL_Driver/Src/stm32wbxx_hal_dma_ex.c ****       hdma->ErrorCode |= HAL_DMA_ERROR_REQGEN;
 387              		.loc 1 269 7 view .LVU108
 388              		.loc 1 269 11 is_stmt 0 view .LVU109
 389 0048 E36B     		ldr	r3, [r4, #60]
 390              		.loc 1 269 23 view .LVU110
 391 004a 43F48063 		orr	r3, r3, #1024
 392 004e E363     		str	r3, [r4, #60]
 270:Drivers/STM32WBxx_HAL_Driver/Src/stm32wbxx_hal_dma_ex.c **** 
 271:Drivers/STM32WBxx_HAL_Driver/Src/stm32wbxx_hal_dma_ex.c ****       if (hdma->XferErrorCallback != NULL)
 393              		.loc 1 271 7 is_stmt 1 view .LVU111
 394              		.loc 1 271 15 is_stmt 0 view .LVU112
 395 0050 636B     		ldr	r3, [r4, #52]
 396              		.loc 1 271 10 view .LVU113
 397 0052 0BB1     		cbz	r3, .L27
 272:Drivers/STM32WBxx_HAL_Driver/Src/stm32wbxx_hal_dma_ex.c ****       {
 273:Drivers/STM32WBxx_HAL_Driver/Src/stm32wbxx_hal_dma_ex.c ****         /* Transfer error callback */
 274:Drivers/STM32WBxx_HAL_Driver/Src/stm32wbxx_hal_dma_ex.c ****         hdma->XferErrorCallback(hdma);
 398              		.loc 1 274 9 is_stmt 1 view .LVU114
 399 0054 2046     		mov	r0, r4
 400 0056 9847     		blx	r3
 401              	.LVL27:
 402              	.L27:
 275:Drivers/STM32WBxx_HAL_Driver/Src/stm32wbxx_hal_dma_ex.c ****       }
 276:Drivers/STM32WBxx_HAL_Driver/Src/stm32wbxx_hal_dma_ex.c ****     }
 277:Drivers/STM32WBxx_HAL_Driver/Src/stm32wbxx_hal_dma_ex.c ****   }
 278:Drivers/STM32WBxx_HAL_Driver/Src/stm32wbxx_hal_dma_ex.c **** }
 403              		.loc 1 278 1 is_stmt 0 view .LVU115
 404 0058 10BD     		pop	{r4, pc}
 405              		.loc 1 278 1 view .LVU116
 406              		.cfi_endproc
 407              	.LFE954:
 409              		.text
ARM GAS  /var/folders/98/ctz5mtps7w71v8dr53cf5qg40000gn/T//cc3ld3Nt.s 			page 13


 410              	.Letext0:
 411              		.file 2 "/Users/yevhenvazhynskyi/Drivers/arm-gnu-toolchain-14.2.rel1-darwin-arm64-arm-none-eabi/ar
 412              		.file 3 "/Users/yevhenvazhynskyi/Drivers/arm-gnu-toolchain-14.2.rel1-darwin-arm64-arm-none-eabi/ar
 413              		.file 4 "Drivers/CMSIS/Device/ST/STM32WBxx/Include/stm32wb55xx.h"
 414              		.file 5 "Drivers/CMSIS/Device/ST/STM32WBxx/Include/stm32wbxx.h"
 415              		.file 6 "Drivers/STM32WBxx_HAL_Driver/Inc/stm32wbxx_hal_def.h"
 416              		.file 7 "Drivers/STM32WBxx_HAL_Driver/Inc/stm32wbxx_hal_dma.h"
 417              		.file 8 "Drivers/STM32WBxx_HAL_Driver/Inc/stm32wbxx_hal_dma_ex.h"
ARM GAS  /var/folders/98/ctz5mtps7w71v8dr53cf5qg40000gn/T//cc3ld3Nt.s 			page 14


DEFINED SYMBOLS
                            *ABS*:00000000 stm32wbxx_hal_dma_ex.c
/var/folders/98/ctz5mtps7w71v8dr53cf5qg40000gn/T//cc3ld3Nt.s:21     .text.HAL_DMAEx_ConfigMuxSync:00000000 $t
/var/folders/98/ctz5mtps7w71v8dr53cf5qg40000gn/T//cc3ld3Nt.s:27     .text.HAL_DMAEx_ConfigMuxSync:00000000 HAL_DMAEx_ConfigMuxSync
/var/folders/98/ctz5mtps7w71v8dr53cf5qg40000gn/T//cc3ld3Nt.s:114    .text.HAL_DMAEx_ConfigMuxSync:00000058 $d
/var/folders/98/ctz5mtps7w71v8dr53cf5qg40000gn/T//cc3ld3Nt.s:119    .text.HAL_DMAEx_ConfigMuxRequestGenerator:00000000 $t
/var/folders/98/ctz5mtps7w71v8dr53cf5qg40000gn/T//cc3ld3Nt.s:125    .text.HAL_DMAEx_ConfigMuxRequestGenerator:00000000 HAL_DMAEx_ConfigMuxRequestGenerator
/var/folders/98/ctz5mtps7w71v8dr53cf5qg40000gn/T//cc3ld3Nt.s:206    .text.HAL_DMAEx_EnableMuxRequestGenerator:00000000 $t
/var/folders/98/ctz5mtps7w71v8dr53cf5qg40000gn/T//cc3ld3Nt.s:212    .text.HAL_DMAEx_EnableMuxRequestGenerator:00000000 HAL_DMAEx_EnableMuxRequestGenerator
/var/folders/98/ctz5mtps7w71v8dr53cf5qg40000gn/T//cc3ld3Nt.s:258    .text.HAL_DMAEx_DisableMuxRequestGenerator:00000000 $t
/var/folders/98/ctz5mtps7w71v8dr53cf5qg40000gn/T//cc3ld3Nt.s:264    .text.HAL_DMAEx_DisableMuxRequestGenerator:00000000 HAL_DMAEx_DisableMuxRequestGenerator
/var/folders/98/ctz5mtps7w71v8dr53cf5qg40000gn/T//cc3ld3Nt.s:310    .text.HAL_DMAEx_MUX_IRQHandler:00000000 $t
/var/folders/98/ctz5mtps7w71v8dr53cf5qg40000gn/T//cc3ld3Nt.s:316    .text.HAL_DMAEx_MUX_IRQHandler:00000000 HAL_DMAEx_MUX_IRQHandler

NO UNDEFINED SYMBOLS
