Archive member included to satisfy reference by file (symbol)

/Users/yevhenvazhynskyi/Drivers/arm-gnu-toolchain-14.2.rel1-darwin-arm64-arm-none-eabi/bin/../lib/gcc/arm-none-eabi/14.2.1/../../../../arm-none-eabi/lib/thumb/v7e-m+fp/hard/libc_nano.a(libc_a-exit.o)
                              /Users/yevhenvazhynskyi/Drivers/arm-gnu-toolchain-14.2.rel1-darwin-arm64-arm-none-eabi/bin/../lib/gcc/arm-none-eabi/14.2.1/../../../../arm-none-eabi/lib/thumb/v7e-m+fp/hard/crt0.o (exit)
/Users/yevhenvazhynskyi/Drivers/arm-gnu-toolchain-14.2.rel1-darwin-arm64-arm-none-eabi/bin/../lib/gcc/arm-none-eabi/14.2.1/../../../../arm-none-eabi/lib/thumb/v7e-m+fp/hard/libc_nano.a(libc_a-findfp.o)
                              /Users/yevhenvazhynskyi/Drivers/arm-gnu-toolchain-14.2.rel1-darwin-arm64-arm-none-eabi/bin/../lib/gcc/arm-none-eabi/14.2.1/../../../../arm-none-eabi/lib/thumb/v7e-m+fp/hard/libc_nano.a(libc_a-exit.o) (__stdio_exit_handler)
/Users/yevhenvazhynskyi/Drivers/arm-gnu-toolchain-14.2.rel1-darwin-arm64-arm-none-eabi/bin/../lib/gcc/arm-none-eabi/14.2.1/../../../../arm-none-eabi/lib/thumb/v7e-m+fp/hard/libc_nano.a(libc_a-fwalk.o)
                              /Users/yevhenvazhynskyi/Drivers/arm-gnu-toolchain-14.2.rel1-darwin-arm64-arm-none-eabi/bin/../lib/gcc/arm-none-eabi/14.2.1/../../../../arm-none-eabi/lib/thumb/v7e-m+fp/hard/libc_nano.a(libc_a-findfp.o) (_fwalk_sglue)
/Users/yevhenvazhynskyi/Drivers/arm-gnu-toolchain-14.2.rel1-darwin-arm64-arm-none-eabi/bin/../lib/gcc/arm-none-eabi/14.2.1/../../../../arm-none-eabi/lib/thumb/v7e-m+fp/hard/libc_nano.a(libc_a-memset.o)
                              /Users/yevhenvazhynskyi/Drivers/arm-gnu-toolchain-14.2.rel1-darwin-arm64-arm-none-eabi/bin/../lib/gcc/arm-none-eabi/14.2.1/../../../../arm-none-eabi/lib/thumb/v7e-m+fp/hard/crt0.o (memset)
/Users/yevhenvazhynskyi/Drivers/arm-gnu-toolchain-14.2.rel1-darwin-arm64-arm-none-eabi/bin/../lib/gcc/arm-none-eabi/14.2.1/../../../../arm-none-eabi/lib/thumb/v7e-m+fp/hard/libc_nano.a(libc_a-init.o)
                              /Users/yevhenvazhynskyi/Drivers/arm-gnu-toolchain-14.2.rel1-darwin-arm64-arm-none-eabi/bin/../lib/gcc/arm-none-eabi/14.2.1/../../../../arm-none-eabi/lib/thumb/v7e-m+fp/hard/crt0.o (__libc_init_array)
/Users/yevhenvazhynskyi/Drivers/arm-gnu-toolchain-14.2.rel1-darwin-arm64-arm-none-eabi/bin/../lib/gcc/arm-none-eabi/14.2.1/../../../../arm-none-eabi/lib/thumb/v7e-m+fp/hard/libc_nano.a(libc_a-lock.o)
                              /Users/yevhenvazhynskyi/Drivers/arm-gnu-toolchain-14.2.rel1-darwin-arm64-arm-none-eabi/bin/../lib/gcc/arm-none-eabi/14.2.1/../../../../arm-none-eabi/lib/thumb/v7e-m+fp/hard/libc_nano.a(libc_a-findfp.o) (__retarget_lock_init_recursive)
/Users/yevhenvazhynskyi/Drivers/arm-gnu-toolchain-14.2.rel1-darwin-arm64-arm-none-eabi/bin/../lib/gcc/arm-none-eabi/14.2.1/../../../../arm-none-eabi/lib/thumb/v7e-m+fp/hard/libc_nano.a(libc_a-impure.o)
                              /Users/yevhenvazhynskyi/Drivers/arm-gnu-toolchain-14.2.rel1-darwin-arm64-arm-none-eabi/bin/../lib/gcc/arm-none-eabi/14.2.1/../../../../arm-none-eabi/lib/thumb/v7e-m+fp/hard/libc_nano.a(libc_a-findfp.o) (_impure_data)
/Users/yevhenvazhynskyi/Drivers/arm-gnu-toolchain-14.2.rel1-darwin-arm64-arm-none-eabi/bin/../lib/gcc/arm-none-eabi/14.2.1/../../../../arm-none-eabi/lib/thumb/v7e-m+fp/hard/libc_nano.a(libc_a-memcpy-stub.o)
                              build/queue.o (memcpy)
/Users/yevhenvazhynskyi/Drivers/arm-gnu-toolchain-14.2.rel1-darwin-arm64-arm-none-eabi/bin/../lib/gcc/arm-none-eabi/14.2.1/../../../../arm-none-eabi/lib/thumb/v7e-m+fp/hard/libc_nano.a(libc_a-mallocr.o)
                              /Users/yevhenvazhynskyi/Drivers/arm-gnu-toolchain-14.2.rel1-darwin-arm64-arm-none-eabi/bin/../lib/gcc/arm-none-eabi/14.2.1/../../../../arm-none-eabi/lib/thumb/v7e-m+fp/hard/libc_nano.a(libc_a-findfp.o) (_malloc_r)
/Users/yevhenvazhynskyi/Drivers/arm-gnu-toolchain-14.2.rel1-darwin-arm64-arm-none-eabi/bin/../lib/gcc/arm-none-eabi/14.2.1/../../../../arm-none-eabi/lib/thumb/v7e-m+fp/hard/libc_nano.a(libc_a-fflush.o)
                              /Users/yevhenvazhynskyi/Drivers/arm-gnu-toolchain-14.2.rel1-darwin-arm64-arm-none-eabi/bin/../lib/gcc/arm-none-eabi/14.2.1/../../../../arm-none-eabi/lib/thumb/v7e-m+fp/hard/libc_nano.a(libc_a-findfp.o) (_fflush_r)
/Users/yevhenvazhynskyi/Drivers/arm-gnu-toolchain-14.2.rel1-darwin-arm64-arm-none-eabi/bin/../lib/gcc/arm-none-eabi/14.2.1/../../../../arm-none-eabi/lib/thumb/v7e-m+fp/hard/libc_nano.a(libc_a-mlock.o)
                              /Users/yevhenvazhynskyi/Drivers/arm-gnu-toolchain-14.2.rel1-darwin-arm64-arm-none-eabi/bin/../lib/gcc/arm-none-eabi/14.2.1/../../../../arm-none-eabi/lib/thumb/v7e-m+fp/hard/libc_nano.a(libc_a-mallocr.o) (__malloc_lock)
/Users/yevhenvazhynskyi/Drivers/arm-gnu-toolchain-14.2.rel1-darwin-arm64-arm-none-eabi/bin/../lib/gcc/arm-none-eabi/14.2.1/../../../../arm-none-eabi/lib/thumb/v7e-m+fp/hard/libc_nano.a(libc_a-stdio.o)
[...]
Memory Configuration

Name             Origin             Length             Attributes
FLASH            0x08000000         0x00080000         xr
RAM1             0x20000008         0x0002fff8         xrw
RAM_SHARED       0x20030000         0x00002800         xrw
*default*        0x00000000         0xffffffff

Linker script and memory map

LOAD /Users/yevhenvazhynskyi/Drivers/arm-gnu-toolchain-14.2.rel1-darwin-arm64-arm-none-eabi/bin/../lib/gcc/arm-none-eabi/14.2.1/thumb/v7e-m+fp/hard/crti.o
LOAD /Users/yevhenvazhynskyi/Drivers/arm-gnu-toolchain-14.2.rel1-darwin-arm64-arm-none-eabi/bin/../lib/gcc/arm-none-eabi/14.2.1/thumb/v7e-m+fp/hard/crtbegin.o
LOAD /Users/yevhenvazhynskyi/Drivers/arm-gnu-toolchain-14.2.rel1-darwin-arm64-arm-none-eabi/bin/../lib/gcc/arm-none-eabi/14.2.1/../../../../arm-none-eabi/lib/thumb/v7e-m+fp/hard/crt0.o
LOAD build/main.o
LOAD build/app_freertos.o
LOAD build/stm32wbxx_it.o
LOAD build/stm32wbxx_hal_msp.o
LOAD build/stm32wbxx_hal_timebase_tim.o
LOAD build/stm32wbxx_hal_tim.o
LOAD build/stm32wbxx_hal_tim_ex.o
LOAD build/stm32wbxx_hal_rcc.o
LOAD build/stm32wbxx_ll_rcc.o
LOAD build/stm32wbxx_hal_rcc_ex.o
LOAD build/stm32wbxx_hal_flash.o
LOAD build/stm32wbxx_hal_flash_ex.o
LOAD build/stm32wbxx_hal_gpio.o
LOAD build/stm32wbxx_hal_hsem.o
LOAD build/stm32wbxx_hal_dma.o
LOAD build/stm32wbxx_hal_dma_ex.o
LOAD build/stm32wbxx_hal_pwr.o
LOAD build/stm32wbxx_hal_pwr_ex.o
LOAD build/stm32wbxx_hal_cortex.o
LOAD build/stm32wbxx_hal.o
LOAD build/stm32wbxx_hal_exti.o
LOAD build/stm32wbxx_hal_i2c.o
LOAD build/stm32wbxx_hal_i2c_ex.o
LOAD build/stm32wbxx_hal_ipcc.o
LOAD build/stm32wbxx_hal_spi.o
LOAD build/stm32wbxx_hal_spi_ex.o
LOAD build/stm32wbxx_hal_uart.o
LOAD build/stm32wbxx_hal_uart_ex.o
LOAD build/system_stm32wbxx.o
LOAD build/croutine.o
LOAD build/event_groups.o
LOAD build/list.o
LOAD build/queue.o
LOAD build/stream_buffer.o
LOAD build/tasks.o
LOAD build/timers.o
LOAD build/cmsis_os2.o
LOAD build/heap_4.o
LOAD build/port.o
LOAD build/system_clock_config.o
LOAD build/i2c_init.o
LOAD build/rf_init.o
LOAD build/spi_init.o
LOAD build/tim_init.o
LOAD build/gpio__init.o
LOAD build/startup_stm32wb55xx_cm4.o
LOAD /Users/yevhenvazhynskyi/Drivers/arm-gnu-toolchain-14.2.rel1-darwin-arm64-arm-none-eabi/bin/../lib/gcc/arm-none-eabi/14.2.1/../../../../arm-none-eabi/lib/thumb/v7e-m+fp/hard/libc_nano.a
LOAD /Users/yevhenvazhynskyi/Drivers/arm-gnu-toolchain-14.2.rel1-darwin-arm64-arm-none-eabi/bin/../lib/gcc/arm-none-eabi/14.2.1/../../../../arm-none-eabi/lib/thumb/v7e-m+fp/hard/libm.a
LOAD /Users/yevhenvazhynskyi/Drivers/arm-gnu-toolchain-14.2.rel1-darwin-arm64-arm-none-eabi/bin/../lib/gcc/arm-none-eabi/14.2.1/../../../../arm-none-eabi/lib/thumb/v7e-m+fp/hard/libnosys.a
START GROUP
LOAD /Users/yevhenvazhynskyi/Drivers/arm-gnu-toolchain-14.2.rel1-darwin-arm64-arm-none-eabi/bin/../lib/gcc/arm-none-eabi/14.2.1/thumb/v7e-m+fp/hard/libgcc.a
LOAD /Users/yevhenvazhynskyi/Drivers/arm-gnu-toolchain-14.2.rel1-darwin-arm64-arm-none-eabi/bin/../lib/gcc/arm-none-eabi/14.2.1/../../../../arm-none-eabi/lib/thumb/v7e-m+fp/hard/libc_nano.a
END GROUP
START GROUP
LOAD /Users/yevhenvazhynskyi/Drivers/arm-gnu-toolchain-14.2.rel1-darwin-arm64-arm-none-eabi/bin/../lib/gcc/arm-none-eabi/14.2.1/thumb/v7e-m+fp/hard/libgcc.a
LOAD /Users/yevhenvazhynskyi/Drivers/arm-gnu-toolchain-14.2.rel1-darwin-arm64-arm-none-eabi/bin/../lib/gcc/arm-none-eabi/14.2.1/../../../../arm-none-eabi/lib/thumb/v7e-m+fp/hard/libc_nano.a
END GROUP
LOAD /Users/yevhenvazhynskyi/Drivers/arm-gnu-toolchain-14.2.rel1-darwin-arm64-arm-none-eabi/bin/../lib/gcc/arm-none-eabi/14.2.1/thumb/v7e-m+fp/hard/crtend.o
LOAD /Users/yevhenvazhynskyi/Drivers/arm-gnu-toolchain-14.2.rel1-darwin-arm64-arm-none-eabi/bin/../lib/gcc/arm-none-eabi/14.2.1/thumb/v7e-m+fp/hard/crtn.o
                0x20030000                        _estack = 0x20030000
                0x00000200                        _Min_Heap_Size = 0x200
                0x00000400                        _Min_Stack_Size = 0x400

.isr_vector     0x08000000      0x13c
                0x08000000                        . = ALIGN (0x4)
 *(.isr_vector)
 .isr_vector    0x08000000      0x13c build/startup_stm32wb55xx_cm4.o
                0x08000000                g_pfnVectors
                0x0800013c                        . = ALIGN (0x4)

.text           0x08000140     0x4e08
                0x08000140                        . = ALIGN (0x4)
 *(.text)
 .text          0x08000140       0x30 /Users/yevhenvazhynskyi/Drivers/arm-gnu-toolchain-14.2.rel1-darwin-arm64-arm-none-eabi/bin/../lib/gcc/arm-none-eabi/14.2.1/thumb/v7e-m+fp/hard/libgcc.a(_aeabi_uldivmod.o)
                0x08000140                __aeabi_uldivmod
 .text          0x08000170        0x4 /Users/yevhenvazhynskyi/Drivers/arm-gnu-toolchain-14.2.rel1-darwin-arm64-arm-none-eabi/bin/../lib/gcc/arm-none-eabi/14.2.1/thumb/v7e-m+fp/hard/libgcc.a(_dvmd_tls.o)
                0x08000170                __aeabi_ldiv0
                0x08000170                __aeabi_idiv0
 *(.text*)
 .text.deregister_tm_clones
                0x08000174       0x1c /Users/yevhenvazhynskyi/Drivers/arm-gnu-toolchain-14.2.rel1-darwin-arm64-arm-none-eabi/bin/../lib/gcc/arm-none-eabi/14.2.1/thumb/v7e-m+fp/hard/crtbegin.o
 .text.register_tm_clones
                0x08000190       0x24 /Users/yevhenvazhynskyi/Drivers/arm-gnu-toolchain-14.2.rel1-darwin-arm64-arm-none-eabi/bin/../lib/gcc/arm-none-eabi/14.2.1/thumb/v7e-m+fp/hard/crtbegin.o
 .text.__do_global_dtors_aux
                0x080001b4       0x28 /Users/yevhenvazhynskyi/Drivers/arm-gnu-toolchain-14.2.rel1-darwin-arm64-arm-none-eabi/bin/../lib/gcc/arm-none-eabi/14.2.1/thumb/v7e-m+fp/hard/crtbegin.o
 .text.frame_dummy
                0x080001dc       0x24 /Users/yevhenvazhynskyi/Drivers/arm-gnu-toolchain-14.2.rel1-darwin-arm64-arm-none-eabi/bin/../lib/gcc/arm-none-eabi/14.2.1/thumb/v7e-m+fp/hard/crtbegin.o
 .text.BlinkTask
                0x08000200       0x18 build/main.o
                0x08000200                BlinkTask
 .text.HAL_TIM_PeriodElapsedCallback
                0x08000218       0x18 build/main.o
                0x08000218                HAL_TIM_PeriodElapsedCallback
 .text.Error_Handler
                0x08000230        0x4 build/main.o
                0x08000230                Error_Handler
 .text.MX_USART1_UART_Init
                0x08000234       0x60 build/main.o
                0x08000234                MX_USART1_UART_Init
 .text.main     0x08000294       0x50 build/main.o
                0x08000294                main
 .text.NMI_Handler
                0x080002e4        0x2 build/stm32wbxx_it.o
                0x080002e4                NMI_Handler
 .text.HardFault_Handler
                0x080002e6        0x2 build/stm32wbxx_it.o
                0x080002e6                HardFault_Handler
 .text.MemManage_Handler
                0x080002e8        0x2 build/stm32wbxx_it.o
                0x080002e8                MemManage_Handler
 .text.BusFault_Handler
                0x080002ea        0x2 build/stm32wbxx_it.o
                0x080002ea                BusFault_Handler
 .text.UsageFault_Handler
                0x080002ec        0x2 build/stm32wbxx_it.o
                0x080002ec                UsageFault_Handler
 .text.DebugMon_Handler
                0x080002ee        0x2 build/stm32wbxx_it.o
                0x080002ee                DebugMon_Handler
 .text.TIM1_UP_TIM16_IRQHandler
                0x080002f0       0x24 build/stm32wbxx_it.o
                0x080002f0                TIM1_UP_TIM16_IRQHandler
 .text.HSEM_IRQHandler
                0x08000314        0x8 build/stm32wbxx_it.o
                0x08000314                HSEM_IRQHandler
 .text.HAL_MspInit
                0x0800031c       0x3c build/stm32wbxx_hal_msp.o
                0x0800031c                HAL_MspInit
 .text.HAL_I2C_MspInit
                0x08000358       0x8c build/stm32wbxx_hal_msp.o
                0x08000358                HAL_I2C_MspInit
 .text.HAL_IPCC_MspInit
                0x080003e4       0x2c build/stm32wbxx_hal_msp.o
                0x080003e4                HAL_IPCC_MspInit
 .text.HAL_SPI_MspInit
                0x08000410       0x64 build/stm32wbxx_hal_msp.o
                0x08000410                HAL_SPI_MspInit
 .text.HAL_TIM_PWM_MspInit
                0x08000474       0x5c build/stm32wbxx_hal_msp.o
                0x08000474                HAL_TIM_PWM_MspInit
 .text.HAL_TIM_MspPostInit
                0x080004d0       0x88 build/stm32wbxx_hal_msp.o
                0x080004d0                HAL_TIM_MspPostInit
 .text.HAL_UART_MspInit
                0x08000558       0x84 build/stm32wbxx_hal_msp.o
                0x08000558                HAL_UART_MspInit
 .text.HAL_InitTick
                0x080005dc       0xa0 build/stm32wbxx_hal_timebase_tim.o
                0x080005dc                HAL_InitTick
 .text.TIM_OC1_SetConfig
                0x0800067c       0x7c build/stm32wbxx_hal_tim.o
 .text.TIM_OC3_SetConfig
                0x080006f8       0x70 build/stm32wbxx_hal_tim.o
 .text.TIM_OC4_SetConfig
                0x08000768       0x5c build/stm32wbxx_hal_tim.o
 .text.TIM_OC5_SetConfig
                0x080007c4       0x58 build/stm32wbxx_hal_tim.o
 .text.TIM_OC6_SetConfig
                0x0800081c       0x5c build/stm32wbxx_hal_tim.o
 .text.HAL_TIM_Base_MspInit
                0x08000878        0x2 build/stm32wbxx_hal_tim.o
                0x08000878                HAL_TIM_Base_MspInit
 *fill*         0x0800087a        0x2 
 .text.HAL_TIM_Base_Start_IT
                0x0800087c       0x64 build/stm32wbxx_hal_tim.o
                0x0800087c                HAL_TIM_Base_Start_IT
 .text.HAL_TIM_OC_DelayElapsedCallback
                0x080008e0        0x2 build/stm32wbxx_hal_tim.o
                0x080008e0                HAL_TIM_OC_DelayElapsedCallback
 .text.HAL_TIM_IC_CaptureCallback
                0x080008e2        0x2 build/stm32wbxx_hal_tim.o
                0x080008e2                HAL_TIM_IC_CaptureCallback
 .text.HAL_TIM_PWM_PulseFinishedCallback
                0x080008e4        0x2 build/stm32wbxx_hal_tim.o
                0x080008e4                HAL_TIM_PWM_PulseFinishedCallback
 .text.HAL_TIM_TriggerCallback
                0x080008e6        0x2 build/stm32wbxx_hal_tim.o
                0x080008e6                HAL_TIM_TriggerCallback
 .text.HAL_TIM_IRQHandler
                0x080008e8      0x17a build/stm32wbxx_hal_tim.o
                0x080008e8                HAL_TIM_IRQHandler
 *fill*         0x08000a62        0x2 
 .text.TIM_Base_SetConfig
                0x08000a64       0x78 build/stm32wbxx_hal_tim.o
                0x08000a64                TIM_Base_SetConfig
 .text.HAL_TIM_Base_Init
                0x08000adc       0x60 build/stm32wbxx_hal_tim.o
                0x08000adc                HAL_TIM_Base_Init
 .text.HAL_TIM_PWM_Init
                0x08000b3c       0x60 build/stm32wbxx_hal_tim.o
                0x08000b3c                HAL_TIM_PWM_Init
 .text.TIM_OC2_SetConfig
                0x08000b9c       0x74 build/stm32wbxx_hal_tim.o
                0x08000b9c                TIM_OC2_SetConfig
 .text.HAL_TIM_PWM_ConfigChannel
                0x08000c10      0x13a build/stm32wbxx_hal_tim.o
                0x08000c10                HAL_TIM_PWM_ConfigChannel
 *fill*         0x08000d4a        0x2 
 .text.HAL_TIMEx_MasterConfigSynchronization
                0x08000d4c       0x68 build/stm32wbxx_hal_tim_ex.o
                0x08000d4c                HAL_TIMEx_MasterConfigSynchronization
 .text.HAL_TIMEx_ConfigBreakDeadTime
                0x08000db4       0x98 build/stm32wbxx_hal_tim_ex.o
                0x08000db4                HAL_TIMEx_ConfigBreakDeadTime
 .text.HAL_TIMEx_CommutCallback
                0x08000e4c        0x2 build/stm32wbxx_hal_tim_ex.o
                0x08000e4c                HAL_TIMEx_CommutCallback
 .text.HAL_TIMEx_BreakCallback
                0x08000e4e        0x2 build/stm32wbxx_hal_tim_ex.o
                0x08000e4e                HAL_TIMEx_BreakCallback
 .text.HAL_TIMEx_Break2Callback
                0x08000e50        0x2 build/stm32wbxx_hal_tim_ex.o
                0x08000e50                HAL_TIMEx_Break2Callback
 *fill*         0x08000e52        0x2 
 .text.RCC_SetFlashLatency
                0x08000e54       0xc0 build/stm32wbxx_hal_rcc.o
 .text.RCC_SetFlashLatencyFromMSIRange
                0x08000f14       0x4c build/stm32wbxx_hal_rcc.o
 .text.HAL_RCC_GetSysClockFreq
                0x08000f60       0xc0 build/stm32wbxx_hal_rcc.o
                0x08000f60                HAL_RCC_GetSysClockFreq
 .text.HAL_RCC_GetHCLKFreq
                0x08001020       0x20 build/stm32wbxx_hal_rcc.o
                0x08001020                HAL_RCC_GetHCLKFreq
 .text.HAL_RCC_OscConfig
                0x08001040      0x718 build/stm32wbxx_hal_rcc.o
                0x08001040                HAL_RCC_OscConfig
 .text.HAL_RCC_ClockConfig
                0x08001758      0x264 build/stm32wbxx_hal_rcc.o
                0x08001758                HAL_RCC_ClockConfig
 .text.HAL_RCC_GetPCLK1Freq
                0x080019bc       0x24 build/stm32wbxx_hal_rcc.o
                0x080019bc                HAL_RCC_GetPCLK1Freq
 .text.HAL_RCC_GetPCLK2Freq
                0x080019e0       0x24 build/stm32wbxx_hal_rcc.o
                0x080019e0                HAL_RCC_GetPCLK2Freq
 .text.HAL_RCC_GetClockConfig
                0x08001a04       0x4c build/stm32wbxx_hal_rcc.o
                0x08001a04                HAL_RCC_GetClockConfig
 .text.LL_RCC_SetI2CClockSource
                0x08001a50       0x20 build/stm32wbxx_hal_rcc_ex.o
 .text.RCCEx_PLLSAI1_ConfigNP
                0x08001a70       0x8e build/stm32wbxx_hal_rcc_ex.o
 .text.RCCEx_PLLSAI1_ConfigNQ
                0x08001afe       0x8e build/stm32wbxx_hal_rcc_ex.o
 .text.RCCEx_PLLSAI1_ConfigNR
                0x08001b8c       0x8e build/stm32wbxx_hal_rcc_ex.o
 .text.HAL_RCCEx_PeriphCLKConfig
                0x08001c1a      0x2f2 build/stm32wbxx_hal_rcc_ex.o
                0x08001c1a                HAL_RCCEx_PeriphCLKConfig
 .text.HAL_GPIO_Init
                0x08001f0c      0x1b4 build/stm32wbxx_hal_gpio.o
                0x08001f0c                HAL_GPIO_Init
 .text.HAL_GPIO_WritePin
                0x080020c0        0xa build/stm32wbxx_hal_gpio.o
                0x080020c0                HAL_GPIO_WritePin
 .text.HAL_GPIO_TogglePin
                0x080020ca       0x12 build/stm32wbxx_hal_gpio.o
                0x080020ca                HAL_GPIO_TogglePin
 .text.HAL_HSEM_FreeCallback
                0x080020dc        0x2 build/stm32wbxx_hal_hsem.o
                0x080020dc                HAL_HSEM_FreeCallback
 *fill*         0x080020de        0x2 
 .text.HAL_HSEM_IRQHandler
                0x080020e0       0x1c build/stm32wbxx_hal_hsem.o
                0x080020e0                HAL_HSEM_IRQHandler
 .text.HAL_PWR_EnableBkUpAccess
                0x080020fc       0x10 build/stm32wbxx_hal_pwr.o
                0x080020fc                HAL_PWR_EnableBkUpAccess
 .text.HAL_PWREx_GetVoltageRange
                0x0800210c       0x10 build/stm32wbxx_hal_pwr_ex.o
                0x0800210c                HAL_PWREx_GetVoltageRange
 .text.__NVIC_EnableIRQ
                0x0800211c       0x1c build/stm32wbxx_hal_cortex.o
 .text.__NVIC_SetPriority
                0x08002138       0x28 build/stm32wbxx_hal_cortex.o
 .text.NVIC_EncodePriority
                0x08002160       0x3e build/stm32wbxx_hal_cortex.o
 *fill*         0x0800219e        0x2 
 .text.HAL_NVIC_SetPriorityGrouping
                0x080021a0       0x24 build/stm32wbxx_hal_cortex.o
                0x080021a0                HAL_NVIC_SetPriorityGrouping
 .text.HAL_NVIC_SetPriority
                0x080021c4       0x20 build/stm32wbxx_hal_cortex.o
                0x080021c4                HAL_NVIC_SetPriority
 .text.HAL_NVIC_EnableIRQ
                0x080021e4        0x8 build/stm32wbxx_hal_cortex.o
                0x080021e4                HAL_NVIC_EnableIRQ
 .text.HAL_Init
                0x080021ec       0x2c build/stm32wbxx_hal.o
                0x080021ec                HAL_Init
 .text.HAL_IncTick
                0x08002218       0x18 build/stm32wbxx_hal.o
                0x08002218                HAL_IncTick
 .text.HAL_GetTick
                0x08002230        0xc build/stm32wbxx_hal.o
                0x08002230                HAL_GetTick
 .text.HAL_GetTickPrio
                0x0800223c        0xc build/stm32wbxx_hal.o
                0x0800223c                HAL_GetTickPrio
 .text.HAL_I2C_Init
                0x08002248       0xc8 build/stm32wbxx_hal_i2c.o
                0x08002248                HAL_I2C_Init
 .text.HAL_I2CEx_ConfigAnalogFilter
                0x08002310       0x5a build/stm32wbxx_hal_i2c_ex.o
                0x08002310                HAL_I2CEx_ConfigAnalogFilter
 .text.HAL_I2CEx_ConfigDigitalFilter
                0x0800236a       0x56 build/stm32wbxx_hal_i2c_ex.o
                0x0800236a                HAL_I2CEx_ConfigDigitalFilter
 .text.HAL_IPCC_RxCallback
                0x080023c0        0x2 build/stm32wbxx_hal_ipcc.o
                0x080023c0                HAL_IPCC_RxCallback
 .text.HAL_IPCC_TxCallback
                0x080023c2        0x2 build/stm32wbxx_hal_ipcc.o
                0x080023c2                HAL_IPCC_TxCallback
 .text.IPCC_SetDefaultCallbacks
                0x080023c4       0x28 build/stm32wbxx_hal_ipcc.o
                0x080023c4                IPCC_SetDefaultCallbacks
 .text.IPCC_Reset_Register
                0x080023ec       0x10 build/stm32wbxx_hal_ipcc.o
                0x080023ec                IPCC_Reset_Register
 .text.HAL_IPCC_Init
                0x080023fc       0x3c build/stm32wbxx_hal_ipcc.o
                0x080023fc                HAL_IPCC_Init
 .text.HAL_SPI_Init
                0x08002438       0xde build/stm32wbxx_hal_spi.o
                0x08002438                HAL_SPI_Init
 .text.UART_EndRxTransfer
                0x08002516       0x56 build/stm32wbxx_hal_uart.o
 .text.UART_SetConfig
                0x0800256c      0x254 build/stm32wbxx_hal_uart.o
                0x0800256c                UART_SetConfig
 .text.UART_AdvFeatureConfig
                0x080027c0       0xca build/stm32wbxx_hal_uart.o
                0x080027c0                UART_AdvFeatureConfig
 .text.UART_WaitOnFlagUntilTimeout
                0x0800288a       0x9e build/stm32wbxx_hal_uart.o
                0x0800288a                UART_WaitOnFlagUntilTimeout
 .text.UART_CheckIdleState
                0x08002928       0xca build/stm32wbxx_hal_uart.o
                0x08002928                UART_CheckIdleState
 .text.HAL_UART_Init
                0x080029f2       0x66 build/stm32wbxx_hal_uart.o
                0x080029f2                HAL_UART_Init
 .text.UARTEx_SetNbDataToProcess
                0x08002a58       0x4c build/stm32wbxx_hal_uart_ex.o
 .text.HAL_UARTEx_DisableFifoMode
                0x08002aa4       0x3e build/stm32wbxx_hal_uart_ex.o
                0x08002aa4                HAL_UARTEx_DisableFifoMode
 .text.HAL_UARTEx_SetTxFifoThreshold
                0x08002ae2       0x4a build/stm32wbxx_hal_uart_ex.o
                0x08002ae2                HAL_UARTEx_SetTxFifoThreshold
 .text.HAL_UARTEx_SetRxFifoThreshold
                0x08002b2c       0x4a build/stm32wbxx_hal_uart_ex.o
                0x08002b2c                HAL_UARTEx_SetRxFifoThreshold
 *fill*         0x08002b76        0x2 
 .text.SystemInit
                0x08002b78       0x64 build/system_stm32wbxx.o
                0x08002b78                SystemInit
 .text.vListInitialise
                0x08002bdc       0x16 build/list.o
                0x08002bdc                vListInitialise
 .text.vListInitialiseItem
                0x08002bf2        0x6 build/list.o
                0x08002bf2                vListInitialiseItem
 .text.vListInsertEnd
                0x08002bf8       0x16 build/list.o
                0x08002bf8                vListInsertEnd
 .text.vListInsert
                0x08002c0e       0x32 build/list.o
                0x08002c0e                vListInsert
 .text.uxListRemove
                0x08002c40       0x26 build/list.o
                0x08002c40                uxListRemove
 .text.prvIsQueueFull
                0x08002c66       0x1e build/queue.o
 .text.prvIsQueueEmpty
                0x08002c84       0x1a build/queue.o
 .text.prvCopyDataToQueue
                0x08002c9e       0x76 build/queue.o
 .text.prvCopyDataFromQueue
                0x08002d14       0x24 build/queue.o
 .text.prvUnlockQueue
                0x08002d38       0x6e build/queue.o
 .text.xQueueGenericReset
                0x08002da6       0x84 build/queue.o
                0x08002da6                xQueueGenericReset
 .text.prvInitialiseNewQueue
                0x08002e2a       0x22 build/queue.o
 .text.xQueueGenericCreateStatic
                0x08002e4c       0x94 build/queue.o
                0x08002e4c                xQueueGenericCreateStatic
 .text.xQueueGenericSend
                0x08002ee0      0x188 build/queue.o
                0x08002ee0                xQueueGenericSend
 .text.xQueueGenericSendFromISR
                0x08003068       0xce build/queue.o
                0x08003068                xQueueGenericSendFromISR
 .text.xQueueReceive
                0x08003136      0x15e build/queue.o
                0x08003136                xQueueReceive
 .text.vQueueAddToRegistry
                0x08003294       0x28 build/queue.o
                0x08003294                vQueueAddToRegistry
 .text.vQueueWaitForMessageRestricted
                0x080032bc       0x52 build/queue.o
                0x080032bc                vQueueWaitForMessageRestricted
 *fill*         0x0800330e        0x2 
 .text.prvResetNextTaskUnblockTime
                0x08003310       0x2c build/tasks.o
 .text.prvInitialiseNewTask
                0x0800333c       0xa2 build/tasks.o
 *fill*         0x080033de        0x2 
 .text.prvInitialiseTaskLists
                0x080033e0       0x68 build/tasks.o
 .text.prvAddNewTaskToReadyList
                0x08003448       0xac build/tasks.o
 .text.prvDeleteTCB
                0x080034f4       0x38 build/tasks.o
 .text.prvCheckTasksWaitingTermination
                0x0800352c       0x4c build/tasks.o
 .text.prvIdleTask
                0x08003578       0x28 build/tasks.o
 .text.prvAddCurrentTaskToDelayedList
                0x080035a0       0x7c build/tasks.o
 .text.xTaskCreateStatic
                0x0800361c       0x76 build/tasks.o
                0x0800361c                xTaskCreateStatic
 .text.xTaskCreate
                0x08003692       0x64 build/tasks.o
                0x08003692                xTaskCreate
 *fill*         0x080036f6        0x2 
 .text.vTaskStartScheduler
                0x080036f8       0x98 build/tasks.o
                0x080036f8                vTaskStartScheduler
 .text.vTaskSuspendAll
                0x08003790       0x10 build/tasks.o
                0x08003790                vTaskSuspendAll
 .text.xTaskGetTickCount
                0x080037a0        0xc build/tasks.o
                0x080037a0                xTaskGetTickCount
 .text.xTaskIncrementTick
                0x080037ac      0x118 build/tasks.o
                0x080037ac                xTaskIncrementTick
 .text.xTaskResumeAll
                0x080038c4       0xf8 build/tasks.o
                0x080038c4                xTaskResumeAll
 .text.vTaskDelay
                0x080039bc       0x4c build/tasks.o
                0x080039bc                vTaskDelay
 .text.vTaskSwitchContext
                0x08003a08       0x98 build/tasks.o
                0x08003a08                vTaskSwitchContext
 .text.vTaskPlaceOnEventList
                0x08003aa0       0x30 build/tasks.o
                0x08003aa0                vTaskPlaceOnEventList
 .text.vTaskPlaceOnEventListRestricted
                0x08003ad0       0x38 build/tasks.o
                0x08003ad0                vTaskPlaceOnEventListRestricted
 .text.xTaskRemoveFromEventList
                0x08003b08       0x8c build/tasks.o
                0x08003b08                xTaskRemoveFromEventList
 .text.vTaskInternalSetTimeOutState
                0x08003b94       0x18 build/tasks.o
                0x08003b94                vTaskInternalSetTimeOutState
 .text.xTaskCheckForTimeOut
                0x08003bac       0x88 build/tasks.o
                0x08003bac                xTaskCheckForTimeOut
 .text.vTaskMissedYield
                0x08003c34        0xc build/tasks.o
                0x08003c34                vTaskMissedYield
 .text.xTaskGetSchedulerState
                0x08003c40       0x20 build/tasks.o
                0x08003c40                xTaskGetSchedulerState
 .text.xTaskPriorityDisinherit
                0x08003c60       0x90 build/tasks.o
                0x08003c60                xTaskPriorityDisinherit
 .text.prvGetNextExpireTime
                0x08003cf0       0x20 build/timers.o
 .text.prvInsertTimerInActiveList
                0x08003d10       0x48 build/timers.o
 .text.prvCheckForValidListAndQueue
                0x08003d58       0x70 build/timers.o
 .text.xTimerCreateTimerTask
                0x08003dc8       0x64 build/timers.o
                0x08003dc8                xTimerCreateTimerTask
 .text.xTimerGenericCommand
                0x08003e2c       0x6c build/timers.o
                0x08003e2c                xTimerGenericCommand
 .text.prvSwitchTimerLists
                0x08003e98       0x7c build/timers.o
 .text.prvSampleTimeNow
                0x08003f14       0x2c build/timers.o
 .text.prvProcessExpiredTimer
                0x08003f40       0x6c build/timers.o
 .text.prvProcessTimerOrBlockTask
                0x08003fac       0x74 build/timers.o
 .text.prvProcessReceivedCommands
                0x08004020      0x10c build/timers.o
 .text.prvTimerTask
                0x0800412c       0x16 build/timers.o
 .text.SysTick_Handler
                0x08004142       0x18 build/cmsis_os2.o
                0x08004142                SysTick_Handler
 *fill*         0x0800415a        0x2 
 .text.vApplicationGetIdleTaskMemory
                0x0800415c       0x18 build/cmsis_os2.o
                0x0800415c                vApplicationGetIdleTaskMemory
 .text.vApplicationGetTimerTaskMemory
                0x08004174       0x18 build/cmsis_os2.o
                0x08004174                vApplicationGetTimerTaskMemory
 .text.prvHeapInit
                0x0800418c       0x64 build/heap_4.o
 .text.prvInsertBlockIntoFreeList
                0x080041f0       0x64 build/heap_4.o
 .text.pvPortMalloc
                0x08004254      0x104 build/heap_4.o
                0x08004254                pvPortMalloc
 .text.vPortFree
                0x08004358       0x7c build/heap_4.o
                0x08004358                vPortFree
 .text.prvTaskExitError
                0x080043d4       0x40 build/port.o
 .text.prvPortStartFirstTask
                0x08004414       0x28 build/port.o
 .text.vPortEnableVFP
                0x0800443c       0x14 build/port.o
 .text.pxPortInitialiseStack
                0x08004450       0x2c build/port.o
                0x08004450                pxPortInitialiseStack
 *fill*         0x0800447c        0x4 
 .text.SVC_Handler
                0x08004480       0x24 build/port.o
                0x08004480                SVC_Handler
 .text.vPortEnterCritical
                0x080044a4       0x44 build/port.o
                0x080044a4                vPortEnterCritical
 .text.vPortExitCritical
                0x080044e8       0x2c build/port.o
                0x080044e8                vPortExitCritical
 *fill*         0x08004514        0xc 
 .text.PendSV_Handler
                0x08004520       0x64 build/port.o
                0x08004520                PendSV_Handler
 .text.xPortSysTickHandler
                0x08004584       0x2c build/port.o
                0x08004584                xPortSysTickHandler
 .text.vPortSetupTimerInterrupt
                0x080045b0       0x28 build/port.o
                0x080045b0                vPortSetupTimerInterrupt
 .text.xPortStartScheduler
                0x080045d8      0x118 build/port.o
                0x080045d8                xPortStartScheduler
 .text.vPortValidateInterruptPriority
                0x080046f0       0x5c build/port.o
                0x080046f0                vPortValidateInterruptPriority
 .text.SystemClock_Config
                0x0800474c       0x90 build/system_clock_config.o
                0x0800474c                SystemClock_Config
 .text.PeriphCommonClock_Config
                0x080047dc       0x30 build/system_clock_config.o
                0x080047dc                PeriphCommonClock_Config
 .text.MX_I2C1_Init
                0x0800480c       0x58 build/i2c_init.o
                0x0800480c                MX_I2C1_Init
 .text.MX_IPCC_Init
                0x08004864       0x20 build/rf_init.o
                0x08004864                MX_IPCC_Init
 .text.MX_RF_Init
                0x08004884        0x2 build/rf_init.o
                0x08004884                MX_RF_Init
 *fill*         0x08004886        0x2 
 .text.MX_SPI1_Init
                0x08004888       0x4c build/spi_init.o
                0x08004888                MX_SPI1_Init
 .text.MX_TIM1_Init
                0x080048d4      0x108 build/tim_init.o
                0x080048d4                MX_TIM1_Init
 .text.MX_TIM2_Init
                0x080049dc       0xb4 build/tim_init.o
                0x080049dc                MX_TIM2_Init
 .text.MX_GPIO_Init
                0x08004a90       0xc0 build/gpio__init.o
                0x08004a90                MX_GPIO_Init
 .text.data_initializers
                0x08004b50       0x18 build/startup_stm32wb55xx_cm4.o
 .text.Reset_Handler
                0x08004b68       0x58 build/startup_stm32wb55xx_cm4.o
                0x08004b68                Reset_Handler
 .text.Default_Handler
                0x08004bc0        0x2 build/startup_stm32wb55xx_cm4.o
                0x08004bc0                DMA2_Channel3_IRQHandler
                0x08004bc0                EXTI2_IRQHandler
                0x08004bc0                TIM1_CC_IRQHandler
                0x08004bc0                TSC_IRQHandler
                0x08004bc0                USB_HP_IRQHandler
                0x08004bc0                EXTI3_IRQHandler
                0x08004bc0                LPTIM2_IRQHandler
                0x08004bc0                I2C3_ER_IRQHandler
                0x08004bc0                EXTI0_IRQHandler
                0x08004bc0                FPU_IRQHandler
                0x08004bc0                AES1_IRQHandler
                0x08004bc0                SPI1_IRQHandler
                0x08004bc0                PWR_SOTF_BLEACT_802ACT_RFPHASE_IRQHandler
                0x08004bc0                DMA2_Channel2_IRQHandler
                0x08004bc0                DMA1_Channel4_IRQHandler
                0x08004bc0                ADC1_IRQHandler
                0x08004bc0                PKA_IRQHandler
                0x08004bc0                DMA1_Channel7_IRQHandler
                0x08004bc0                LCD_IRQHandler
                0x08004bc0                IPCC_C1_TX_IRQHandler
                0x08004bc0                DMA2_Channel1_IRQHandler
                0x08004bc0                QUADSPI_IRQHandler
                0x08004bc0                I2C1_EV_IRQHandler
                0x08004bc0                DMAMUX1_OVR_IRQHandler
                0x08004bc0                DMA1_Channel6_IRQHandler
                0x08004bc0                DMA2_Channel4_IRQHandler
                0x08004bc0                RCC_IRQHandler
                0x08004bc0                DMA1_Channel1_IRQHandler
                0x08004bc0                Default_Handler
                0x08004bc0                DMA2_Channel7_IRQHandler
                0x08004bc0                EXTI15_10_IRQHandler
                0x08004bc0                IPCC_C1_RX_IRQHandler
                0x08004bc0                C2SEV_PWR_C2H_IRQHandler
                0x08004bc0                AES2_IRQHandler
                0x08004bc0                I2C3_EV_IRQHandler
                0x08004bc0                EXTI9_5_IRQHandler
                0x08004bc0                RTC_WKUP_IRQHandler
                0x08004bc0                PVD_PVM_IRQHandler
                0x08004bc0                SPI2_IRQHandler
                0x08004bc0                DMA2_Channel5_IRQHandler
                0x08004bc0                CRS_IRQHandler
                0x08004bc0                DMA1_Channel5_IRQHandler
                0x08004bc0                USB_LP_IRQHandler
                0x08004bc0                EXTI4_IRQHandler
                0x08004bc0                RNG_IRQHandler
                0x08004bc0                TIM1_TRG_COM_TIM17_IRQHandler
                0x08004bc0                TAMP_STAMP_LSECSS_IRQHandler
                0x08004bc0                DMA1_Channel3_IRQHandler
                0x08004bc0                COMP_IRQHandler
                0x08004bc0                WWDG_IRQHandler
                0x08004bc0                LPUART1_IRQHandler
                0x08004bc0                DMA2_Channel6_IRQHandler
                0x08004bc0                TIM2_IRQHandler
                0x08004bc0                TIM1_BRK_IRQHandler
                0x08004bc0                EXTI1_IRQHandler
                0x08004bc0                DMA1_Channel2_IRQHandler
                0x08004bc0                FLASH_IRQHandler
                0x08004bc0                USART1_IRQHandler
                0x08004bc0                I2C1_ER_IRQHandler
                0x08004bc0                LPTIM1_IRQHandler
                0x08004bc0                SAI1_IRQHandler
                0x08004bc0                RTC_Alarm_IRQHandler
 .text.memset   0x08004bc2       0x10 /Users/yevhenvazhynskyi/Drivers/arm-gnu-toolchain-14.2.rel1-darwin-arm64-arm-none-eabi/bin/../lib/gcc/arm-none-eabi/14.2.1/../../../../arm-none-eabi/lib/thumb/v7e-m+fp/hard/libc_nano.a(libc_a-memset.o)
                0x08004bc2                memset
 *fill*         0x08004bd2        0x2 
 .text.__libc_init_array
                0x08004bd4       0x48 /Users/yevhenvazhynskyi/Drivers/arm-gnu-toolchain-14.2.rel1-darwin-arm64-arm-none-eabi/bin/../lib/gcc/arm-none-eabi/14.2.1/../../../../arm-none-eabi/lib/thumb/v7e-m+fp/hard/libc_nano.a(libc_a-init.o)
                0x08004bd4                __libc_init_array
 .text.memcpy   0x08004c1c       0x1c /Users/yevhenvazhynskyi/Drivers/arm-gnu-toolchain-14.2.rel1-darwin-arm64-arm-none-eabi/bin/../lib/gcc/arm-none-eabi/14.2.1/../../../../arm-none-eabi/lib/thumb/v7e-m+fp/hard/libc_nano.a(libc_a-memcpy-stub.o)
                0x08004c1c                memcpy
 .text.__udivmoddi4
                0x08004c38      0x2f8 /Users/yevhenvazhynskyi/Drivers/arm-gnu-toolchain-14.2.rel1-darwin-arm64-arm-none-eabi/bin/../lib/gcc/arm-none-eabi/14.2.1/thumb/v7e-m+fp/hard/libgcc.a(_udivmoddi4.o)
                0x08004c38                __udivmoddi4
 *(.glue_7)
 .glue_7        0x08004f30        0x0 linker stubs
 *(.glue_7t)
 .glue_7t       0x08004f30        0x0 linker stubs
 *(.eh_frame)
 .eh_frame      0x08004f30        0x0 /Users/yevhenvazhynskyi/Drivers/arm-gnu-toolchain-14.2.rel1-darwin-arm64-arm-none-eabi/bin/../lib/gcc/arm-none-eabi/14.2.1/thumb/v7e-m+fp/hard/crtbegin.o
 *(.init)
 .init          0x08004f30        0x4 /Users/yevhenvazhynskyi/Drivers/arm-gnu-toolchain-14.2.rel1-darwin-arm64-arm-none-eabi/bin/../lib/gcc/arm-none-eabi/14.2.1/thumb/v7e-m+fp/hard/crti.o
                0x08004f30                _init
 .init          0x08004f34        0x8 /Users/yevhenvazhynskyi/Drivers/arm-gnu-toolchain-14.2.rel1-darwin-arm64-arm-none-eabi/bin/../lib/gcc/arm-none-eabi/14.2.1/thumb/v7e-m+fp/hard/crtn.o
 *(.fini)
 .fini          0x08004f3c        0x4 /Users/yevhenvazhynskyi/Drivers/arm-gnu-toolchain-14.2.rel1-darwin-arm64-arm-none-eabi/bin/../lib/gcc/arm-none-eabi/14.2.1/thumb/v7e-m+fp/hard/crti.o
                0x08004f3c                _fini
 .fini          0x08004f40        0x8 /Users/yevhenvazhynskyi/Drivers/arm-gnu-toolchain-14.2.rel1-darwin-arm64-arm-none-eabi/bin/../lib/gcc/arm-none-eabi/14.2.1/thumb/v7e-m+fp/hard/crtn.o
                0x08004f48                        . = ALIGN (0x4)
                0x08004f48                        _etext = .

.vfp11_veneer   0x08004f48        0x0
 .vfp11_veneer  0x08004f48        0x0 linker stubs

.v4_bx          0x08004f48        0x0
 .v4_bx         0x08004f48        0x0 linker stubs

.iplt           0x08004f48        0x0
 .iplt          0x08004f48        0x0 /Users/yevhenvazhynskyi/Drivers/arm-gnu-toolchain-14.2.rel1-darwin-arm64-arm-none-eabi/bin/../lib/gcc/arm-none-eabi/14.2.1/thumb/v7e-m+fp/hard/crtbegin.o

.rodata         0x08004f48      0x114
                0x08004f48                        . = ALIGN (0x4)
 *(.rodata)
 .rodata        0x08004f48       0x2c build/stm32wbxx_hal_rcc.o
 *(.rodata*)
 .rodata.main.str1.4
                0x08004f74       0x20 build/main.o
                                  0x6 (size before relaxing)
 .rodata.UARTPrescTable
                0x08004f94       0x18 build/stm32wbxx_hal_uart.o
                0x08004f94                UARTPrescTable
 .rodata.denominator.0
                0x08004fac        0x8 build/stm32wbxx_hal_uart_ex.o
 .rodata.numerator.1
                0x08004fb4        0x8 build/stm32wbxx_hal_uart_ex.o
 .rodata.MSIRangeTable
                0x08004fbc       0x40 build/system_stm32wbxx.o
                0x08004fbc                MSIRangeTable
 .rodata.APBPrescTable
                0x08004ffc       0x20 build/system_stm32wbxx.o
                0x08004ffc                APBPrescTable
 .rodata.AHBPrescTable
                0x0800501c       0x40 build/system_stm32wbxx.o
                0x0800501c                AHBPrescTable
 .rodata.vTaskStartScheduler.str1.4
                0x0800505c        0x5 build/tasks.o
 .rodata.prvCheckForValidListAndQueue.str1.4
                0x0800505c        0x5 build/timers.o
 .rodata.xTimerCreateTimerTask.str1.4
                0x0800505c        0x8 build/timers.o
                0x08005064                        . = ALIGN (0x4)

.ARM.extab
 *(.ARM.extab* .gnu.linkonce.armextab.*)

.ARM            0x0800505c        0x8
                0x0800505c                        __exidx_start = .
 *(.ARM.exidx*)
 .ARM.exidx.text.__udivmoddi4
                0x0800505c        0x8 /Users/yevhenvazhynskyi/Drivers/arm-gnu-toolchain-14.2.rel1-darwin-arm64-arm-none-eabi/bin/../lib/gcc/arm-none-eabi/14.2.1/thumb/v7e-m+fp/hard/libgcc.a(_udivmoddi4.o)
                0x08005064                        __exidx_end = .

.preinit_array  0x08005064        0x0
                0x08005064                        PROVIDE (__preinit_array_start = .)
 *(.preinit_array*)
                0x08005064                        PROVIDE (__preinit_array_end = .)

.init_array     0x08005064        0x4
                0x08005064                        PROVIDE (__init_array_start = .)
 *(SORT_BY_NAME(.init_array.*))
 *(.init_array*)
 .init_array    0x08005064        0x4 /Users/yevhenvazhynskyi/Drivers/arm-gnu-toolchain-14.2.rel1-darwin-arm64-arm-none-eabi/bin/../lib/gcc/arm-none-eabi/14.2.1/thumb/v7e-m+fp/hard/crtbegin.o
                0x08005068                        PROVIDE (__init_array_end = .)

.fini_array     0x08005068        0x4
                [!provide]                        PROVIDE (__fini_array_start = .)
 *(SORT_BY_NAME(.fini_array.*))
 *(.fini_array*)
 .fini_array    0x08005068        0x4 /Users/yevhenvazhynskyi/Drivers/arm-gnu-toolchain-14.2.rel1-darwin-arm64-arm-none-eabi/bin/../lib/gcc/arm-none-eabi/14.2.1/thumb/v7e-m+fp/hard/crtbegin.o
                [!provide]                        PROVIDE (__fini_array_end = .)
                0x0800506c                        _sidata = LOADADDR (.data)

.rel.dyn        0x0800506c        0x0
 .rel.iplt      0x0800506c        0x0 /Users/yevhenvazhynskyi/Drivers/arm-gnu-toolchain-14.2.rel1-darwin-arm64-arm-none-eabi/bin/../lib/gcc/arm-none-eabi/14.2.1/thumb/v7e-m+fp/hard/crtbegin.o

.data           0x20000008       0x10 load address 0x0800506c
                0x20000008                        . = ALIGN (0x4)
                0x20000008                        _sdata = .
 *(.data)
 *(.data*)
 .data.uwTickFreq
                0x20000008        0x1 build/stm32wbxx_hal.o
                0x20000008                uwTickFreq
 *fill*         0x20000009        0x3 
 .data.uwTickPrio
                0x2000000c        0x4 build/stm32wbxx_hal.o
                0x2000000c                uwTickPrio
 .data.SystemCoreClock
                0x20000010        0x4 build/system_stm32wbxx.o
                0x20000010                SystemCoreClock
 .data.uxCriticalNesting
                0x20000014        0x4 build/port.o
                0x20000018                        . = ALIGN (0x4)
                0x20000018                        _edata = .

.tm_clone_table
                0x20000018        0x0 load address 0x0800507c
 .tm_clone_table
                0x20000018        0x0 /Users/yevhenvazhynskyi/Drivers/arm-gnu-toolchain-14.2.rel1-darwin-arm64-arm-none-eabi/bin/../lib/gcc/arm-none-eabi/14.2.1/thumb/v7e-m+fp/hard/crtbegin.o
 .tm_clone_table
                0x20000018        0x0 /Users/yevhenvazhynskyi/Drivers/arm-gnu-toolchain-14.2.rel1-darwin-arm64-arm-none-eabi/bin/../lib/gcc/arm-none-eabi/14.2.1/thumb/v7e-m+fp/hard/crtend.o

.igot.plt       0x20000018        0x0 load address 0x0800507c
 .igot.plt      0x20000018        0x0 /Users/yevhenvazhynskyi/Drivers/arm-gnu-toolchain-14.2.rel1-darwin-arm64-arm-none-eabi/bin/../lib/gcc/arm-none-eabi/14.2.1/thumb/v7e-m+fp/hard/crtbegin.o
                0x20000018                        . = ALIGN (0x4)

.bss            0x20000018     0x1bd8 load address 0x0800507c
                0x20000018                        _sbss = .
                0x20000018                        __bss_start__ = _sbss
 *(.bss)
 *(.bss*)
 .bss.completed.1
                0x20000018        0x1 /Users/yevhenvazhynskyi/Drivers/arm-gnu-toolchain-14.2.rel1-darwin-arm64-arm-none-eabi/bin/../lib/gcc/arm-none-eabi/14.2.1/thumb/v7e-m+fp/hard/crtbegin.o
 *fill*         0x20000019        0x3 
 .bss.object.0  0x2000001c       0x18 /Users/yevhenvazhynskyi/Drivers/arm-gnu-toolchain-14.2.rel1-darwin-arm64-arm-none-eabi/bin/../lib/gcc/arm-none-eabi/14.2.1/thumb/v7e-m+fp/hard/crtbegin.o
 .bss.huart1    0x20000034       0x94 build/main.o
                0x20000034                huart1
 .bss.htim16    0x200000c8       0x4c build/stm32wbxx_hal_timebase_tim.o
                0x200000c8                htim16
 .bss.uwTick    0x20000114        0x4 build/stm32wbxx_hal.o
                0x20000114                uwTick
 .bss.xQueueRegistry
                0x20000118       0x40 build/queue.o
                0x20000118                xQueueRegistry
 .bss.uxSchedulerSuspended
                0x20000158        0x4 build/tasks.o
 .bss.xIdleTaskHandle
                0x2000015c        0x4 build/tasks.o
 .bss.xNextTaskUnblockTime
                0x20000160        0x4 build/tasks.o
 .bss.uxTaskNumber
                0x20000164        0x4 build/tasks.o
 .bss.xNumOfOverflows
                0x20000168        0x4 build/tasks.o
 .bss.xYieldPending
                0x2000016c        0x4 build/tasks.o
 .bss.xPendedTicks
                0x20000170        0x4 build/tasks.o
 .bss.xSchedulerRunning
                0x20000174        0x4 build/tasks.o
 .bss.uxTopReadyPriority
                0x20000178        0x4 build/tasks.o
 .bss.xTickCount
                0x2000017c        0x4 build/tasks.o
 .bss.uxCurrentNumberOfTasks
                0x20000180        0x4 build/tasks.o
 .bss.xSuspendedTaskList
                0x20000184       0x14 build/tasks.o
 .bss.uxDeletedTasksWaitingCleanUp
                0x20000198        0x4 build/tasks.o
 .bss.xTasksWaitingTermination
                0x2000019c       0x14 build/tasks.o
 .bss.xPendingReadyList
                0x200001b0       0x14 build/tasks.o
 .bss.pxOverflowDelayedTaskList
                0x200001c4        0x4 build/tasks.o
 .bss.pxDelayedTaskList
                0x200001c8        0x4 build/tasks.o
 .bss.xDelayedTaskList2
                0x200001cc       0x14 build/tasks.o
 .bss.xDelayedTaskList1
                0x200001e0       0x14 build/tasks.o
 .bss.pxReadyTasksLists
                0x200001f4      0x460 build/tasks.o
 .bss.pxCurrentTCB
                0x20000654        0x4 build/tasks.o
                0x20000654                pxCurrentTCB
 .bss.xStaticTimerQueue.0
                0x20000658       0x50 build/timers.o
 .bss.ucStaticTimerQueueStorage.1
                0x200006a8       0xa0 build/timers.o
 .bss.xLastTime.2
                0x20000748        0x4 build/timers.o
 .bss.xTimerTaskHandle
                0x2000074c        0x4 build/timers.o
 .bss.xTimerQueue
                0x20000750        0x4 build/timers.o
 .bss.pxOverflowTimerList
                0x20000754        0x4 build/timers.o
 .bss.pxCurrentTimerList
                0x20000758        0x4 build/timers.o
 .bss.xActiveTimerList2
                0x2000075c       0x14 build/timers.o
 .bss.xActiveTimerList1
                0x20000770       0x14 build/timers.o
 .bss.Timer_Stack.0
                0x20000784      0x400 build/cmsis_os2.o
 .bss.Timer_TCB.1
                0x20000b84       0x5c build/cmsis_os2.o
 .bss.Idle_Stack.2
                0x20000be0      0x200 build/cmsis_os2.o
 .bss.Idle_TCB.3
                0x20000de0       0x5c build/cmsis_os2.o
 .bss.xBlockAllocatedBit
                0x20000e3c        0x4 build/heap_4.o
 .bss.xNumberOfSuccessfulFrees
                0x20000e40        0x4 build/heap_4.o
 .bss.xNumberOfSuccessfulAllocations
                0x20000e44        0x4 build/heap_4.o
 .bss.xMinimumEverFreeBytesRemaining
                0x20000e48        0x4 build/heap_4.o
 .bss.xFreeBytesRemaining
                0x20000e4c        0x4 build/heap_4.o
 .bss.pxEnd     0x20000e50        0x4 build/heap_4.o
 .bss.xStart    0x20000e54        0x8 build/heap_4.o
 .bss.ucHeap    0x20000e5c      0xc00 build/heap_4.o
 .bss.ulMaxPRIGROUPValue
                0x20001a5c        0x4 build/port.o
 .bss.ucMaxSysCallPriority
                0x20001a60        0x1 build/port.o
 *fill*         0x20001a61        0x3 
 .bss.hi2c1     0x20001a64       0x54 build/i2c_init.o
                0x20001a64                hi2c1
 .bss.hipcc     0x20001ab8       0x3c build/rf_init.o
                0x20001ab8                hipcc
 .bss.hspi1     0x20001af4       0x64 build/spi_init.o
                0x20001af4                hspi1
 .bss.htim2     0x20001b58       0x4c build/tim_init.o
                0x20001b58                htim2
 .bss.htim1     0x20001ba4       0x4c build/tim_init.o
                0x20001ba4                htim1
 *(COMMON)
                0x20001bf0                        . = ALIGN (0x4)
                0x20001bf0                        _ebss = .
                0x20001bf0                        __bss_end__ = _ebss

._user_heap_stack
                0x20001bf0      0x600 load address 0x0800507c
                0x20001bf0                        . = ALIGN (0x8)
                0x20001bf0                        PROVIDE (end = .)
                [!provide]                        PROVIDE (_end = .)
                0x20001df0                        . = (. + _Min_Heap_Size)
 *fill*         0x20001bf0      0x200 
                0x200021f0                        . = (. + _Min_Stack_Size)
 *fill*         0x20001df0      0x400 
                0x200021f0                        . = ALIGN (0x8)

/DISCARD/
 libc.a(*)
 libm.a(*)
 libgcc.a(*)

.ARM.attributes
                0x00000000       0x30
 *(.ARM.attributes)
 .ARM.attributes
                0x00000000       0x22 /Users/yevhenvazhynskyi/Drivers/arm-gnu-toolchain-14.2.rel1-darwin-arm64-arm-none-eabi/bin/../lib/gcc/arm-none-eabi/14.2.1/thumb/v7e-m+fp/hard/crti.o
 .ARM.attributes
                0x00000022       0x34 /Users/yevhenvazhynskyi/Drivers/arm-gnu-toolchain-14.2.rel1-darwin-arm64-arm-none-eabi/bin/../lib/gcc/arm-none-eabi/14.2.1/thumb/v7e-m+fp/hard/crtbegin.o
 .ARM.attributes
                0x00000056       0x34 build/main.o
 .ARM.attributes
                0x0000008a       0x34 build/stm32wbxx_it.o
 .ARM.attributes
                0x000000be       0x34 build/stm32wbxx_hal_msp.o
 .ARM.attributes
                0x000000f2       0x34 build/stm32wbxx_hal_timebase_tim.o
 .ARM.attributes
                0x00000126       0x34 build/stm32wbxx_hal_tim.o
 .ARM.attributes
                0x0000015a       0x34 build/stm32wbxx_hal_tim_ex.o
 .ARM.attributes
                0x0000018e       0x34 build/stm32wbxx_hal_rcc.o
 .ARM.attributes
                0x000001c2       0x34 build/stm32wbxx_hal_rcc_ex.o
 .ARM.attributes
                0x000001f6       0x34 build/stm32wbxx_hal_gpio.o
 .ARM.attributes
                0x0000022a       0x34 build/stm32wbxx_hal_hsem.o
 .ARM.attributes
                0x0000025e       0x34 build/stm32wbxx_hal_pwr.o
 .ARM.attributes
                0x00000292       0x34 build/stm32wbxx_hal_pwr_ex.o
 .ARM.attributes
                0x000002c6       0x34 build/stm32wbxx_hal_cortex.o
 .ARM.attributes
                0x000002fa       0x34 build/stm32wbxx_hal.o
 .ARM.attributes
                0x0000032e       0x34 build/stm32wbxx_hal_i2c.o
 .ARM.attributes
                0x00000362       0x34 build/stm32wbxx_hal_i2c_ex.o
 .ARM.attributes
                0x00000396       0x34 build/stm32wbxx_hal_ipcc.o
 .ARM.attributes
                0x000003ca       0x34 build/stm32wbxx_hal_spi.o
 .ARM.attributes
                0x000003fe       0x34 build/stm32wbxx_hal_uart.o
 .ARM.attributes
                0x00000432       0x34 build/stm32wbxx_hal_uart_ex.o
 .ARM.attributes
                0x00000466       0x34 build/system_stm32wbxx.o
 .ARM.attributes
                0x0000049a       0x34 build/list.o
 .ARM.attributes
                0x000004ce       0x34 build/queue.o
 .ARM.attributes
                0x00000502       0x34 build/tasks.o
 .ARM.attributes
                0x00000536       0x34 build/timers.o
 .ARM.attributes
                0x0000056a       0x34 build/cmsis_os2.o
 .ARM.attributes
                0x0000059e       0x34 build/heap_4.o
 .ARM.attributes
                0x000005d2       0x34 build/port.o
 .ARM.attributes
                0x00000606       0x34 build/system_clock_config.o
 .ARM.attributes
                0x0000063a       0x34 build/i2c_init.o
 .ARM.attributes
                0x0000066e       0x34 build/rf_init.o
 .ARM.attributes
                0x000006a2       0x34 build/spi_init.o
 .ARM.attributes
                0x000006d6       0x34 build/tim_init.o
 .ARM.attributes
                0x0000070a       0x34 build/gpio__init.o
 .ARM.attributes
                0x0000073e       0x21 build/startup_stm32wb55xx_cm4.o
 .ARM.attributes
                0x0000075f       0x34 /Users/yevhenvazhynskyi/Drivers/arm-gnu-toolchain-14.2.rel1-darwin-arm64-arm-none-eabi/bin/../lib/gcc/arm-none-eabi/14.2.1/../../../../arm-none-eabi/lib/thumb/v7e-m+fp/hard/libc_nano.a(libc_a-memset.o)
 .ARM.attributes
                0x00000793       0x34 /Users/yevhenvazhynskyi/Drivers/arm-gnu-toolchain-14.2.rel1-darwin-arm64-arm-none-eabi/bin/../lib/gcc/arm-none-eabi/14.2.1/../../../../arm-none-eabi/lib/thumb/v7e-m+fp/hard/libc_nano.a(libc_a-init.o)
 .ARM.attributes
                0x000007c7       0x34 /Users/yevhenvazhynskyi/Drivers/arm-gnu-toolchain-14.2.rel1-darwin-arm64-arm-none-eabi/bin/../lib/gcc/arm-none-eabi/14.2.1/../../../../arm-none-eabi/lib/thumb/v7e-m+fp/hard/libc_nano.a(libc_a-memcpy-stub.o)
 .ARM.attributes
                0x000007fb       0x22 /Users/yevhenvazhynskyi/Drivers/arm-gnu-toolchain-14.2.rel1-darwin-arm64-arm-none-eabi/bin/../lib/gcc/arm-none-eabi/14.2.1/thumb/v7e-m+fp/hard/libgcc.a(_aeabi_uldivmod.o)
 .ARM.attributes
                0x0000081d       0x34 /Users/yevhenvazhynskyi/Drivers/arm-gnu-toolchain-14.2.rel1-darwin-arm64-arm-none-eabi/bin/../lib/gcc/arm-none-eabi/14.2.1/thumb/v7e-m+fp/hard/libgcc.a(_udivmoddi4.o)
 .ARM.attributes
                0x00000851       0x22 /Users/yevhenvazhynskyi/Drivers/arm-gnu-toolchain-14.2.rel1-darwin-arm64-arm-none-eabi/bin/../lib/gcc/arm-none-eabi/14.2.1/thumb/v7e-m+fp/hard/libgcc.a(_dvmd_tls.o)
 .ARM.attributes
                0x00000873       0x34 /Users/yevhenvazhynskyi/Drivers/arm-gnu-toolchain-14.2.rel1-darwin-arm64-arm-none-eabi/bin/../lib/gcc/arm-none-eabi/14.2.1/thumb/v7e-m+fp/hard/crtend.o
 .ARM.attributes
                0x000008a7       0x22 /Users/yevhenvazhynskyi/Drivers/arm-gnu-toolchain-14.2.rel1-darwin-arm64-arm-none-eabi/bin/../lib/gcc/arm-none-eabi/14.2.1/thumb/v7e-m+fp/hard/crtn.o

MAPPING_TABLE
 *(MAPPING_TABLE)

MB_MEM1
 *(MB_MEM1)
                0x0800507c                        _siMB_MEM2 = LOADADDR (.MB_MEM2)

.MB_MEM2        0x20030000        0x0 load address 0x0800507c
                0x20030000                        _sMB_MEM2 = .
 *(MB_MEM2)
                0x20030000                        _eMB_MEM2 = .
OUTPUT(build/stm32wb55_color.elf elf32-littlearm)
LOAD linker stubs
LOAD /Users/yevhenvazhynskyi/Drivers/arm-gnu-toolchain-14.2.rel1-darwin-arm64-arm-none-eabi/bin/../lib/gcc/arm-none-eabi/14.2.1/../../../../arm-none-eabi/lib/thumb/v7e-m+fp/hard/libc.a
LOAD /Users/yevhenvazhynskyi/Drivers/arm-gnu-toolchain-14.2.rel1-darwin-arm64-arm-none-eabi/bin/../lib/gcc/arm-none-eabi/14.2.1/../../../../arm-none-eabi/lib/thumb/v7e-m+fp/hard/libm.a
LOAD /Users/yevhenvazhynskyi/Drivers/arm-gnu-toolchain-14.2.rel1-darwin-arm64-arm-none-eabi/bin/../lib/gcc/arm-none-eabi/14.2.1/thumb/v7e-m+fp/hard/libgcc.a

.debug_info     0x00000000    0x37ed1
 .debug_info    0x00000000     0x11c8 build/main.o
 .debug_info    0x000011c8      0x964 build/stm32wbxx_it.o
 .debug_info    0x00001b2c     0x2635 build/stm32wbxx_hal_msp.o
 .debug_info    0x00004161     0x115a build/stm32wbxx_hal_timebase_tim.o
 .debug_info    0x000052bb     0x43b0 build/stm32wbxx_hal_tim.o
 .debug_info    0x0000966b     0x224f build/stm32wbxx_hal_tim_ex.o
 .debug_info    0x0000b8ba     0x24aa build/stm32wbxx_hal_rcc.o
 .debug_info    0x0000dd64     0x34bc build/stm32wbxx_hal_rcc_ex.o
 .debug_info    0x00011220      0x824 build/stm32wbxx_hal_gpio.o
 .debug_info    0x00011a44      0x45b build/stm32wbxx_hal_hsem.o
 .debug_info    0x00011e9f      0xb44 build/stm32wbxx_hal_pwr.o
 .debug_info    0x000129e3     0x15f2 build/stm32wbxx_hal_pwr_ex.o
 .debug_info    0x00013fd5     0x10e7 build/stm32wbxx_hal_cortex.o
 .debug_info    0x000150bc     0x194f build/stm32wbxx_hal.o
 .debug_info    0x00016a0b     0x4829 build/stm32wbxx_hal_i2c.o
 .debug_info    0x0001b234      0xa67 build/stm32wbxx_hal_i2c_ex.o
 .debug_info    0x0001bc9b      0xa2b build/stm32wbxx_hal_ipcc.o
 .debug_info    0x0001c6c6     0x2380 build/stm32wbxx_hal_spi.o
 .debug_info    0x0001ea46     0x6945 build/stm32wbxx_hal_uart.o
 .debug_info    0x0002538b     0x1439 build/stm32wbxx_hal_uart_ex.o
 .debug_info    0x000267c4      0x81b build/system_stm32wbxx.o
 .debug_info    0x00026fdf      0x30f build/list.o
 .debug_info    0x000272ee     0x2a48 build/queue.o
 .debug_info    0x00029d36     0x33ae build/tasks.o
 .debug_info    0x0002d0e4     0x1d2b build/timers.o
 .debug_info    0x0002ee0f     0x5351 build/cmsis_os2.o
 .debug_info    0x00034160      0x60c build/heap_4.o
 .debug_info    0x0003476c      0x5c2 build/port.o
 .debug_info    0x00034d2e      0x796 build/system_clock_config.o
 .debug_info    0x000354c4      0x8e9 build/i2c_init.o
 .debug_info    0x00035dad      0x2e9 build/rf_init.o
 .debug_info    0x00036096      0x81c build/spi_init.o
 .debug_info    0x000368b2      0xe0e build/tim_init.o
 .debug_info    0x000376c0      0x7e1 build/gpio__init.o
 .debug_info    0x00037ea1       0x30 build/startup_stm32wb55xx_cm4.o

.debug_abbrev   0x00000000     0x5c8f
 .debug_abbrev  0x00000000      0x275 build/main.o
 .debug_abbrev  0x00000275      0x190 build/stm32wbxx_it.o
 .debug_abbrev  0x00000405      0x30a build/stm32wbxx_hal_msp.o
 .debug_abbrev  0x0000070f      0x28f build/stm32wbxx_hal_timebase_tim.o
 .debug_abbrev  0x0000099e      0x2bd build/stm32wbxx_hal_tim.o
 .debug_abbrev  0x00000c5b      0x2cc build/stm32wbxx_hal_tim_ex.o
 .debug_abbrev  0x00000f27      0x378 build/stm32wbxx_hal_rcc.o
 .debug_abbrev  0x0000129f      0x4a4 build/stm32wbxx_hal_rcc_ex.o
 .debug_abbrev  0x00001743      0x217 build/stm32wbxx_hal_gpio.o
 .debug_abbrev  0x0000195a      0x1e0 build/stm32wbxx_hal_hsem.o
 .debug_abbrev  0x00001b3a      0x25c build/stm32wbxx_hal_pwr.o
 .debug_abbrev  0x00001d96      0x394 build/stm32wbxx_hal_pwr_ex.o
 .debug_abbrev  0x0000212a      0x3ca build/stm32wbxx_hal_cortex.o
 .debug_abbrev  0x000024f4      0x3c4 build/stm32wbxx_hal.o
 .debug_abbrev  0x000028b8      0x2e4 build/stm32wbxx_hal_i2c.o
 .debug_abbrev  0x00002b9c      0x1aa build/stm32wbxx_hal_i2c_ex.o
 .debug_abbrev  0x00002d46      0x2c3 build/stm32wbxx_hal_ipcc.o
 .debug_abbrev  0x00003009      0x2a4 build/stm32wbxx_hal_spi.o
 .debug_abbrev  0x000032ad      0x36b build/stm32wbxx_hal_uart.o
 .debug_abbrev  0x00003618      0x351 build/stm32wbxx_hal_uart_ex.o
 .debug_abbrev  0x00003969      0x12a build/system_stm32wbxx.o
 .debug_abbrev  0x00003a93      0x124 build/list.o
 .debug_abbrev  0x00003bb7      0x431 build/queue.o
 .debug_abbrev  0x00003fe8      0x400 build/tasks.o
 .debug_abbrev  0x000043e8      0x3d4 build/timers.o
 .debug_abbrev  0x000047bc      0x5ca build/cmsis_os2.o
 .debug_abbrev  0x00004d86      0x27a build/heap_4.o
 .debug_abbrev  0x00005000      0x2af build/port.o
 .debug_abbrev  0x000052af      0x178 build/system_clock_config.o
 .debug_abbrev  0x00005427      0x19b build/i2c_init.o
 .debug_abbrev  0x000055c2      0x17e build/rf_init.o
 .debug_abbrev  0x00005740      0x191 build/spi_init.o
 .debug_abbrev  0x000058d1      0x1df build/tim_init.o
 .debug_abbrev  0x00005ab0      0x1c2 build/gpio__init.o
 .debug_abbrev  0x00005c72       0x1d build/startup_stm32wb55xx_cm4.o

.debug_loc      0x00000000    0x2d5ca
 .debug_loc     0x00000000      0x105 build/main.o
 .debug_loc     0x00000105       0x40 build/stm32wbxx_it.o
 .debug_loc     0x00000145      0x6a4 build/stm32wbxx_hal_msp.o
 .debug_loc     0x000007e9      0x153 build/stm32wbxx_hal_timebase_tim.o
 .debug_loc     0x0000093c     0x6620 build/stm32wbxx_hal_tim.o
 .debug_loc     0x00006f5c     0x2f18 build/stm32wbxx_hal_tim_ex.o
 .debug_loc     0x00009e74     0x10c1 build/stm32wbxx_hal_rcc.o
 .debug_loc     0x0000af35     0x1de3 build/stm32wbxx_hal_rcc_ex.o
 .debug_loc     0x0000cd18      0x4c1 build/stm32wbxx_hal_gpio.o
 .debug_loc     0x0000d1d9      0x18c build/stm32wbxx_hal_hsem.o
 .debug_loc     0x0000d365      0x2cc build/stm32wbxx_hal_pwr.o
 .debug_loc     0x0000d631      0xd1c build/stm32wbxx_hal_pwr_ex.o
 .debug_loc     0x0000e34d      0x89b build/stm32wbxx_hal_cortex.o
 .debug_loc     0x0000ebe8      0x593 build/stm32wbxx_hal.o
 .debug_loc     0x0000f17b     0x656d build/stm32wbxx_hal_i2c.o
 .debug_loc     0x000156e8      0x1eb build/stm32wbxx_hal_i2c_ex.o
 .debug_loc     0x000158d3      0xb4a build/stm32wbxx_hal_ipcc.o
 .debug_loc     0x0001641d     0x28b4 build/stm32wbxx_hal_spi.o
 .debug_loc     0x00018cd1     0x64d7 build/stm32wbxx_hal_uart.o
 .debug_loc     0x0001f1a8      0xf19 build/stm32wbxx_hal_uart_ex.o
 .debug_loc     0x000200c1       0xe6 build/system_stm32wbxx.o
 .debug_loc     0x000201a7       0xeb build/list.o
 .debug_loc     0x00020292     0x212d build/queue.o
 .debug_loc     0x000223bf     0x2c36 build/tasks.o
 .debug_loc     0x00024ff5     0x170b build/timers.o
 .debug_loc     0x00026700     0x65e1 build/cmsis_os2.o
 .debug_loc     0x0002cce1      0x51c build/heap_4.o
 .debug_loc     0x0002d1fd      0x1c6 build/port.o
 .debug_loc     0x0002d3c3       0x8c build/system_clock_config.o
 .debug_loc     0x0002d44f       0x20 build/i2c_init.o
 .debug_loc     0x0002d46f       0x20 build/rf_init.o
 .debug_loc     0x0002d48f       0x20 build/spi_init.o
 .debug_loc     0x0002d4af       0x8a build/tim_init.o
 .debug_loc     0x0002d539       0x91 build/gpio__init.o

.debug_aranges  0x00000000     0x1f78
 .debug_aranges
                0x00000000       0x40 build/main.o
 .debug_aranges
                0x00000040       0x58 build/stm32wbxx_it.o
 .debug_aranges
                0x00000098       0x78 build/stm32wbxx_hal_msp.o
 .debug_aranges
                0x00000110       0x30 build/stm32wbxx_hal_timebase_tim.o
 .debug_aranges
                0x00000140      0x3e0 build/stm32wbxx_hal_tim.o
 .debug_aranges
                0x00000520      0x190 build/stm32wbxx_hal_tim_ex.o
 .debug_aranges
                0x000006b0       0xa8 build/stm32wbxx_hal_rcc.o
 .debug_aranges
                0x00000758      0x138 build/stm32wbxx_hal_rcc_ex.o
 .debug_aranges
                0x00000890       0x60 build/stm32wbxx_hal_gpio.o
 .debug_aranges
                0x000008f0       0x70 build/stm32wbxx_hal_hsem.o
 .debug_aranges
                0x00000960       0x98 build/stm32wbxx_hal_pwr.o
 .debug_aranges
                0x000009f8      0x1b8 build/stm32wbxx_hal_pwr_ex.o
 .debug_aranges
                0x00000bb0       0xe8 build/stm32wbxx_hal_cortex.o
 .debug_aranges
                0x00000c98      0x158 build/stm32wbxx_hal.o
 .debug_aranges
                0x00000df0      0x2a0 build/stm32wbxx_hal_i2c.o
 .debug_aranges
                0x00001090       0x48 build/stm32wbxx_hal_i2c_ex.o
 .debug_aranges
                0x000010d8       0xa0 build/stm32wbxx_hal_ipcc.o
 .debug_aranges
                0x00001178      0x1d8 build/stm32wbxx_hal_spi.o
 .debug_aranges
                0x00001350      0x248 build/stm32wbxx_hal_uart.o
 .debug_aranges
                0x00001598       0xa8 build/stm32wbxx_hal_uart_ex.o
 .debug_aranges
                0x00001640       0x28 build/system_stm32wbxx.o
 .debug_aranges
                0x00001668       0x40 build/list.o
 .debug_aranges
                0x000016a8      0x158 build/queue.o
 .debug_aranges
                0x00001800      0x208 build/tasks.o
 .debug_aranges
                0x00001a08       0xf0 build/timers.o
 .debug_aranges
                0x00001af8      0x2a0 build/cmsis_os2.o
 .debug_aranges
                0x00001d98       0x58 build/heap_4.o
 .debug_aranges
                0x00001df0       0x80 build/port.o
 .debug_aranges
                0x00001e70       0x28 build/system_clock_config.o
 .debug_aranges
                0x00001e98       0x20 build/i2c_init.o
 .debug_aranges
                0x00001eb8       0x28 build/rf_init.o
 .debug_aranges
                0x00001ee0       0x20 build/spi_init.o
 .debug_aranges
                0x00001f00       0x28 build/tim_init.o
 .debug_aranges
                0x00001f28       0x20 build/gpio__init.o
 .debug_aranges
                0x00001f48       0x30 build/startup_stm32wb55xx_cm4.o

.debug_ranges   0x00000000     0x23b8
 .debug_ranges  0x00000000       0x30 build/main.o
 .debug_ranges  0x00000030       0x48 build/stm32wbxx_it.o
 .debug_ranges  0x00000078       0x68 build/stm32wbxx_hal_msp.o
 .debug_ranges  0x000000e0       0x20 build/stm32wbxx_hal_timebase_tim.o
 .debug_ranges  0x00000100      0x3d0 build/stm32wbxx_hal_tim.o
 .debug_ranges  0x000004d0      0x180 build/stm32wbxx_hal_tim_ex.o
 .debug_ranges  0x00000650      0x1a0 build/stm32wbxx_hal_rcc.o
 .debug_ranges  0x000007f0      0x3e8 build/stm32wbxx_hal_rcc_ex.o
 .debug_ranges  0x00000bd8       0x50 build/stm32wbxx_hal_gpio.o
 .debug_ranges  0x00000c28       0x60 build/stm32wbxx_hal_hsem.o
 .debug_ranges  0x00000c88       0x88 build/stm32wbxx_hal_pwr.o
 .debug_ranges  0x00000d10      0x1d8 build/stm32wbxx_hal_pwr_ex.o
 .debug_ranges  0x00000ee8       0xd8 build/stm32wbxx_hal_cortex.o
 .debug_ranges  0x00000fc0      0x160 build/stm32wbxx_hal.o
 .debug_ranges  0x00001120      0x290 build/stm32wbxx_hal_i2c.o
 .debug_ranges  0x000013b0       0x38 build/stm32wbxx_hal_i2c_ex.o
 .debug_ranges  0x000013e8       0xa8 build/stm32wbxx_hal_ipcc.o
 .debug_ranges  0x00001490      0x1c8 build/stm32wbxx_hal_spi.o
 .debug_ranges  0x00001658      0x238 build/stm32wbxx_hal_uart.o
 .debug_ranges  0x00001890       0xb0 build/stm32wbxx_hal_uart_ex.o
 .debug_ranges  0x00001940       0x18 build/system_stm32wbxx.o
 .debug_ranges  0x00001958       0x30 build/list.o
 .debug_ranges  0x00001988      0x218 build/queue.o
 .debug_ranges  0x00001ba0      0x338 build/tasks.o
 .debug_ranges  0x00001ed8       0xe0 build/timers.o
 .debug_ranges  0x00001fb8      0x290 build/cmsis_os2.o
 .debug_ranges  0x00002248       0x48 build/heap_4.o
 .debug_ranges  0x00002290       0x88 build/port.o
 .debug_ranges  0x00002318       0x18 build/system_clock_config.o
 .debug_ranges  0x00002330       0x10 build/i2c_init.o
 .debug_ranges  0x00002340       0x18 build/rf_init.o
 .debug_ranges  0x00002358       0x10 build/spi_init.o
 .debug_ranges  0x00002368       0x18 build/tim_init.o
 .debug_ranges  0x00002380       0x10 build/gpio__init.o
 .debug_ranges  0x00002390       0x28 build/startup_stm32wb55xx_cm4.o

.debug_line     0x00000000    0x26fdb
 .debug_line    0x00000000      0x51c build/main.o
 .debug_line    0x0000051c      0x2d5 build/stm32wbxx_it.o
 .debug_line    0x000007f1      0x827 build/stm32wbxx_hal_msp.o
 .debug_line    0x00001018      0x33e build/stm32wbxx_hal_timebase_tim.o
 .debug_line    0x00001356     0x49af build/stm32wbxx_hal_tim.o
 .debug_line    0x00005d05     0x1d46 build/stm32wbxx_hal_tim_ex.o
 .debug_line    0x00007a4b     0x1acb build/stm32wbxx_hal_rcc.o
 .debug_line    0x00009516     0x26fc build/stm32wbxx_hal_rcc_ex.o
 .debug_line    0x0000bc12      0x705 build/stm32wbxx_hal_gpio.o
 .debug_line    0x0000c317      0x363 build/stm32wbxx_hal_hsem.o
 .debug_line    0x0000c67a      0x508 build/stm32wbxx_hal_pwr.o
 .debug_line    0x0000cb82      0xdd2 build/stm32wbxx_hal_pwr_ex.o
 .debug_line    0x0000d954      0x81c build/stm32wbxx_hal_cortex.o
 .debug_line    0x0000e170      0xa6f build/stm32wbxx_hal.o
 .debug_line    0x0000ebdf     0x4de1 build/stm32wbxx_hal_i2c.o
 .debug_line    0x000139c0      0x3f9 build/stm32wbxx_hal_i2c_ex.o
 .debug_line    0x00013db9      0x713 build/stm32wbxx_hal_ipcc.o
 .debug_line    0x000144cc     0x292b build/stm32wbxx_hal_spi.o
 .debug_line    0x00016df7     0x4ecc build/stm32wbxx_hal_uart.o
 .debug_line    0x0001bcc3      0xadd build/stm32wbxx_hal_uart_ex.o
 .debug_line    0x0001c7a0      0x313 build/system_stm32wbxx.o
 .debug_line    0x0001cab3      0x3a1 build/list.o
 .debug_line    0x0001ce54     0x1d88 build/queue.o
 .debug_line    0x0001ebdc     0x285c build/tasks.o
 .debug_line    0x00021438      0xe61 build/timers.o
 .debug_line    0x00022299     0x2c8f build/cmsis_os2.o
 .debug_line    0x00024f28      0x775 build/heap_4.o
 .debug_line    0x0002569d      0x66e build/port.o
 .debug_line    0x00025d0b      0x32e build/system_clock_config.o
 .debug_line    0x00026039      0x2b7 build/i2c_init.o
 .debug_line    0x000262f0      0x234 build/rf_init.o
 .debug_line    0x00026524      0x2a3 build/spi_init.o
 .debug_line    0x000267c7      0x4b8 build/tim_init.o
 .debug_line    0x00026c7f      0x2dc build/gpio__init.o
 .debug_line    0x00026f5b       0x80 build/startup_stm32wb55xx_cm4.o

.debug_str      0x00000000     0xb308
 .debug_str     0x00000000     0xb308 build/main.o
                                0xc9b (size before relaxing)
 .debug_str     0x0000b308      0x860 build/stm32wbxx_it.o
 .debug_str     0x0000b308     0x1a2b build/stm32wbxx_hal_msp.o
 .debug_str     0x0000b308      0xfb8 build/stm32wbxx_hal_timebase_tim.o
 .debug_str     0x0000b308     0x1812 build/stm32wbxx_hal_tim.o
 .debug_str     0x0000b308     0x1189 build/stm32wbxx_hal_tim_ex.o
 .debug_str     0x0000b308      0xf99 build/stm32wbxx_hal_rcc.o
 .debug_str     0x0000b308     0x15a8 build/stm32wbxx_hal_rcc_ex.o
 .debug_str     0x0000b308      0x47e build/stm32wbxx_hal_gpio.o
 .debug_str     0x0000b308      0x36c build/stm32wbxx_hal_hsem.o
 .debug_str     0x0000b308      0x684 build/stm32wbxx_hal_pwr.o
 .debug_str     0x0000b308      0xd4f build/stm32wbxx_hal_pwr_ex.o
 .debug_str     0x0000b308      0xb54 build/stm32wbxx_hal_cortex.o
 .debug_str     0x0000b308     0x1244 build/stm32wbxx_hal.o
 .debug_str     0x0000b308     0x10d2 build/stm32wbxx_hal_i2c.o
 .debug_str     0x0000b308      0x8c5 build/stm32wbxx_hal_i2c_ex.o
 .debug_str     0x0000b308      0x56e build/stm32wbxx_hal_ipcc.o
 .debug_str     0x0000b308      0xcd4 build/stm32wbxx_hal_spi.o
 .debug_str     0x0000b308     0x133e build/stm32wbxx_hal_uart.o
 .debug_str     0x0000b308      0xb60 build/stm32wbxx_hal_uart_ex.o
 .debug_str     0x0000b308      0x4b6 build/system_stm32wbxx.o
 .debug_str     0x0000b308      0x2f7 build/list.o
 .debug_str     0x0000b308      0xd0d build/queue.o
 .debug_str     0x0000b308     0x12dc build/tasks.o
 .debug_str     0x0000b308      0xc3d build/timers.o
 .debug_str     0x0000b308     0x20dc build/cmsis_os2.o
 .debug_str     0x0000b308      0x510 build/heap_4.o
 .debug_str     0x0000b308      0x477 build/port.o
 .debug_str     0x0000b308      0x5fb build/system_clock_config.o
 .debug_str     0x0000b308      0x7d5 build/i2c_init.o
 .debug_str     0x0000b308      0x351 build/rf_init.o
 .debug_str     0x0000b308      0x6fc build/spi_init.o
 .debug_str     0x0000b308      0xa4f build/tim_init.o
 .debug_str     0x0000b308      0x4c5 build/gpio__init.o
 .debug_str     0x0000b308       0x7b build/startup_stm32wb55xx_cm4.o

.comment        0x00000000       0x45
 .comment       0x00000000       0x45 build/main.o
                                 0x46 (size before relaxing)
 .comment       0x00000045       0x46 build/stm32wbxx_it.o
 .comment       0x00000045       0x46 build/stm32wbxx_hal_msp.o
 .comment       0x00000045       0x46 build/stm32wbxx_hal_timebase_tim.o
 .comment       0x00000045       0x46 build/stm32wbxx_hal_tim.o
 .comment       0x00000045       0x46 build/stm32wbxx_hal_tim_ex.o
 .comment       0x00000045       0x46 build/stm32wbxx_hal_rcc.o
 .comment       0x00000045       0x46 build/stm32wbxx_hal_rcc_ex.o
 .comment       0x00000045       0x46 build/stm32wbxx_hal_gpio.o
 .comment       0x00000045       0x46 build/stm32wbxx_hal_hsem.o
 .comment       0x00000045       0x46 build/stm32wbxx_hal_pwr.o
 .comment       0x00000045       0x46 build/stm32wbxx_hal_pwr_ex.o
 .comment       0x00000045       0x46 build/stm32wbxx_hal_cortex.o
 .comment       0x00000045       0x46 build/stm32wbxx_hal.o
 .comment       0x00000045       0x46 build/stm32wbxx_hal_i2c.o
 .comment       0x00000045       0x46 build/stm32wbxx_hal_i2c_ex.o
 .comment       0x00000045       0x46 build/stm32wbxx_hal_ipcc.o
 .comment       0x00000045       0x46 build/stm32wbxx_hal_spi.o
 .comment       0x00000045       0x46 build/stm32wbxx_hal_uart.o
 .comment       0x00000045       0x46 build/stm32wbxx_hal_uart_ex.o
 .comment       0x00000045       0x46 build/system_stm32wbxx.o
 .comment       0x00000045       0x46 build/list.o
 .comment       0x00000045       0x46 build/queue.o
 .comment       0x00000045       0x46 build/tasks.o
 .comment       0x00000045       0x46 build/timers.o
 .comment       0x00000045       0x46 build/cmsis_os2.o
 .comment       0x00000045       0x46 build/heap_4.o
 .comment       0x00000045       0x46 build/port.o
 .comment       0x00000045       0x46 build/system_clock_config.o
 .comment       0x00000045       0x46 build/i2c_init.o
 .comment       0x00000045       0x46 build/rf_init.o
 .comment       0x00000045       0x46 build/spi_init.o
 .comment       0x00000045       0x46 build/tim_init.o
 .comment       0x00000045       0x46 build/gpio__init.o

.debug_frame    0x00000000     0x57e8
 .debug_frame   0x00000000       0x80 build/main.o
 .debug_frame   0x00000080       0xa0 build/stm32wbxx_it.o
 .debug_frame   0x00000120      0x154 build/stm32wbxx_hal_msp.o
 .debug_frame   0x00000274       0x54 build/stm32wbxx_hal_timebase_tim.o
 .debug_frame   0x000002c8      0xb48 build/stm32wbxx_hal_tim.o
 .debug_frame   0x00000e10      0x4c0 build/stm32wbxx_hal_tim_ex.o
 .debug_frame   0x000012d0      0x1e8 build/stm32wbxx_hal_rcc.o
 .debug_frame   0x000014b8      0x2d4 build/stm32wbxx_hal_rcc_ex.o
 .debug_frame   0x0000178c       0xdc build/stm32wbxx_hal_gpio.o
 .debug_frame   0x00001868       0xc8 build/stm32wbxx_hal_hsem.o
 .debug_frame   0x00001930      0x120 build/stm32wbxx_hal_pwr.o
 .debug_frame   0x00001a50      0x378 build/stm32wbxx_hal_pwr_ex.o
 .debug_frame   0x00001dc8      0x1f4 build/stm32wbxx_hal_cortex.o
 .debug_frame   0x00001fbc      0x2cc build/stm32wbxx_hal.o
 .debug_frame   0x00002288      0x974 build/stm32wbxx_hal_i2c.o
 .debug_frame   0x00002bfc       0x70 build/stm32wbxx_hal_i2c_ex.o
 .debug_frame   0x00002c6c      0x188 build/stm32wbxx_hal_ipcc.o
 .debug_frame   0x00002df4      0x5e4 build/stm32wbxx_hal_spi.o
 .debug_frame   0x000033d8      0x67c build/stm32wbxx_hal_uart.o
 .debug_frame   0x00003a54      0x1d8 build/stm32wbxx_hal_uart_ex.o
 .debug_frame   0x00003c2c       0x30 build/system_stm32wbxx.o
 .debug_frame   0x00003c5c       0x70 build/list.o
 .debug_frame   0x00003ccc      0x458 build/queue.o
 .debug_frame   0x00004124      0x694 build/tasks.o
 .debug_frame   0x000047b8      0x30c build/timers.o
 .debug_frame   0x00004ac4      0x90c build/cmsis_os2.o
 .debug_frame   0x000053d0       0xd0 build/heap_4.o
 .debug_frame   0x000054a0      0x110 build/port.o
 .debug_frame   0x000055b0       0x50 build/system_clock_config.o
 .debug_frame   0x00005600       0x28 build/i2c_init.o
 .debug_frame   0x00005628       0x38 build/rf_init.o
 .debug_frame   0x00005660       0x28 build/spi_init.o
 .debug_frame   0x00005688       0x54 build/tim_init.o
 .debug_frame   0x000056dc       0x38 build/gpio__init.o
 .debug_frame   0x00005714       0x20 /Users/yevhenvazhynskyi/Drivers/arm-gnu-toolchain-14.2.rel1-darwin-arm64-arm-none-eabi/bin/../lib/gcc/arm-none-eabi/14.2.1/../../../../arm-none-eabi/lib/thumb/v7e-m+fp/hard/libc_nano.a(libc_a-memset.o)
 .debug_frame   0x00005734       0x2c /Users/yevhenvazhynskyi/Drivers/arm-gnu-toolchain-14.2.rel1-darwin-arm64-arm-none-eabi/bin/../lib/gcc/arm-none-eabi/14.2.1/../../../../arm-none-eabi/lib/thumb/v7e-m+fp/hard/libc_nano.a(libc_a-init.o)
 .debug_frame   0x00005760       0x28 /Users/yevhenvazhynskyi/Drivers/arm-gnu-toolchain-14.2.rel1-darwin-arm64-arm-none-eabi/bin/../lib/gcc/arm-none-eabi/14.2.1/../../../../arm-none-eabi/lib/thumb/v7e-m+fp/hard/libc_nano.a(libc_a-memcpy-stub.o)
 .debug_frame   0x00005788       0x2c /Users/yevhenvazhynskyi/Drivers/arm-gnu-toolchain-14.2.rel1-darwin-arm64-arm-none-eabi/bin/../lib/gcc/arm-none-eabi/14.2.1/thumb/v7e-m+fp/hard/libgcc.a(_aeabi_uldivmod.o)
 .debug_frame   0x000057b4       0x34 /Users/yevhenvazhynskyi/Drivers/arm-gnu-toolchain-14.2.rel1-darwin-arm64-arm-none-eabi/bin/../lib/gcc/arm-none-eabi/14.2.1/thumb/v7e-m+fp/hard/libgcc.a(_udivmoddi4.o)

.debug_line_str
                0x00000000       0xde
 .debug_line_str
                0x00000000       0xde /Users/yevhenvazhynskyi/Drivers/arm-gnu-toolchain-14.2.rel1-darwin-arm64-arm-none-eabi/bin/../lib/gcc/arm-none-eabi/14.2.1/thumb/v7e-m+fp/hard/libgcc.a(_aeabi_uldivmod.o)
                                 0xd2 (size before relaxing)
 .debug_line_str
                0x000000de       0xd6 /Users/yevhenvazhynskyi/Drivers/arm-gnu-toolchain-14.2.rel1-darwin-arm64-arm-none-eabi/bin/../lib/gcc/arm-none-eabi/14.2.1/thumb/v7e-m+fp/hard/libgcc.a(_dvmd_tls.o)

Cross Reference Table

Symbol                                            File
ADC1_IRQHandler                                   build/startup_stm32wb55xx_cm4.o
AES1_IRQHandler                                   build/startup_stm32wb55xx_cm4.o
AES2_IRQHandler                                   build/startup_stm32wb55xx_cm4.o
AHBPrescTable                                     build/system_stm32wbxx.o
                                                  build/stm32wbxx_hal_rcc_ex.o
                                                  build/stm32wbxx_hal_rcc.o
APBPrescTable                                     build/system_stm32wbxx.o
                                                  build/stm32wbxx_hal_rcc_ex.o
                                                  build/stm32wbxx_hal_rcc.o
BlinkTask                                         build/main.o
BusFault_Handler                                  build/stm32wbxx_it.o
C2SEV_PWR_C2H_IRQHandler                          build/startup_stm32wb55xx_cm4.o
COMP_IRQHandler                                   build/startup_stm32wb55xx_cm4.o
CRS_IRQHandler                                    build/startup_stm32wb55xx_cm4.o
DMA1_Channel1_IRQHandler                          build/startup_stm32wb55xx_cm4.o
DMA1_Channel2_IRQHandler                          build/startup_stm32wb55xx_cm4.o
DMA1_Channel3_IRQHandler                          build/startup_stm32wb55xx_cm4.o
DMA1_Channel4_IRQHandler                          build/startup_stm32wb55xx_cm4.o
DMA1_Channel5_IRQHandler                          build/startup_stm32wb55xx_cm4.o
DMA1_Channel6_IRQHandler                          build/startup_stm32wb55xx_cm4.o
DMA1_Channel7_IRQHandler                          build/startup_stm32wb55xx_cm4.o
DMA2_Channel1_IRQHandler                          build/startup_stm32wb55xx_cm4.o
DMA2_Channel2_IRQHandler                          build/startup_stm32wb55xx_cm4.o
DMA2_Channel3_IRQHandler                          build/startup_stm32wb55xx_cm4.o
DMA2_Channel4_IRQHandler                          build/startup_stm32wb55xx_cm4.o
DMA2_Channel5_IRQHandler                          build/startup_stm32wb55xx_cm4.o
DMA2_Channel6_IRQHandler                          build/startup_stm32wb55xx_cm4.o
DMA2_Channel7_IRQHandler                          build/startup_stm32wb55xx_cm4.o
DMAMUX1_OVR_IRQHandler                            build/startup_stm32wb55xx_cm4.o
DebugMon_Handler                                  build/stm32wbxx_it.o
Default_Handler                                   build/startup_stm32wb55xx_cm4.o
EXTI0_IRQHandler                                  build/startup_stm32wb55xx_cm4.o
EXTI15_10_IRQHandler                              build/startup_stm32wb55xx_cm4.o
EXTI1_IRQHandler                                  build/startup_stm32wb55xx_cm4.o
EXTI2_IRQHandler                                  build/startup_stm32wb55xx_cm4.o
EXTI3_IRQHandler                                  build/startup_stm32wb55xx_cm4.o
EXTI4_IRQHandler                                  build/startup_stm32wb55xx_cm4.o
EXTI9_5_IRQHandler                                build/startup_stm32wb55xx_cm4.o
Error_Handler                                     build/main.o
                                                  build/tim_init.o
                                                  build/spi_init.o
                                                  build/rf_init.o
                                                  build/i2c_init.o
                                                  build/system_clock_config.o
                                                  build/stm32wbxx_hal_msp.o
FLASH_IRQHandler                                  build/startup_stm32wb55xx_cm4.o
FLASH_PageErase                                   build/stm32wbxx_hal_flash_ex.o
                                                  build/stm32wbxx_hal_flash.o
FLASH_WaitForLastOperation                        build/stm32wbxx_hal_flash.o
                                                  build/stm32wbxx_hal_flash_ex.o
FPU_IRQHandler                                    build/startup_stm32wb55xx_cm4.o
HAL_DBGMCU_DisableDBGSleepMode                    build/stm32wbxx_hal.o
HAL_DBGMCU_DisableDBGStandbyMode                  build/stm32wbxx_hal.o
HAL_DBGMCU_DisableDBGStopMode                     build/stm32wbxx_hal.o
HAL_DBGMCU_EnableDBGSleepMode                     build/stm32wbxx_hal.o
HAL_DBGMCU_EnableDBGStandbyMode                   build/stm32wbxx_hal.o
HAL_DBGMCU_EnableDBGStopMode                      build/stm32wbxx_hal.o
HAL_DMAEx_ConfigMuxRequestGenerator               build/stm32wbxx_hal_dma_ex.o
HAL_DMAEx_ConfigMuxSync                           build/stm32wbxx_hal_dma_ex.o
HAL_DMAEx_DisableMuxRequestGenerator              build/stm32wbxx_hal_dma_ex.o
HAL_DMAEx_EnableMuxRequestGenerator               build/stm32wbxx_hal_dma_ex.o
HAL_DMAEx_MUX_IRQHandler                          build/stm32wbxx_hal_dma_ex.o
HAL_DMA_Abort                                     build/stm32wbxx_hal_dma.o
                                                  build/stm32wbxx_hal_uart.o
                                                  build/stm32wbxx_hal_spi.o
HAL_DMA_Abort_IT                                  build/stm32wbxx_hal_dma.o
                                                  build/stm32wbxx_hal_uart.o
                                                  build/stm32wbxx_hal_spi.o
                                                  build/stm32wbxx_hal_i2c.o
                                                  build/stm32wbxx_hal_tim_ex.o
                                                  build/stm32wbxx_hal_tim.o
HAL_DMA_DeInit                                    build/stm32wbxx_hal_dma.o
HAL_DMA_GetError                                  build/stm32wbxx_hal_dma.o
                                                  build/stm32wbxx_hal_uart.o
HAL_DMA_GetState                                  build/stm32wbxx_hal_dma.o
                                                  build/stm32wbxx_hal_i2c.o
HAL_DMA_IRQHandler                                build/stm32wbxx_hal_dma.o
HAL_DMA_Init                                      build/stm32wbxx_hal_dma.o
HAL_DMA_PollForTransfer                           build/stm32wbxx_hal_dma.o
HAL_DMA_RegisterCallback                          build/stm32wbxx_hal_dma.o
HAL_DMA_Start                                     build/stm32wbxx_hal_dma.o
HAL_DMA_Start_IT                                  build/stm32wbxx_hal_dma.o
                                                  build/stm32wbxx_hal_uart.o
                                                  build/stm32wbxx_hal_spi.o
                                                  build/stm32wbxx_hal_i2c.o
                                                  build/stm32wbxx_hal_tim_ex.o
                                                  build/stm32wbxx_hal_tim.o
HAL_DMA_UnRegisterCallback                        build/stm32wbxx_hal_dma.o
HAL_DeInit                                        build/stm32wbxx_hal.o
HAL_Delay                                         build/stm32wbxx_hal.o
HAL_EXTI_ClearConfigLine                          build/stm32wbxx_hal_exti.o
HAL_EXTI_ClearPending                             build/stm32wbxx_hal_exti.o
HAL_EXTI_GenerateSWI                              build/stm32wbxx_hal_exti.o
HAL_EXTI_GetConfigLine                            build/stm32wbxx_hal_exti.o
HAL_EXTI_GetHandle                                build/stm32wbxx_hal_exti.o
HAL_EXTI_GetPending                               build/stm32wbxx_hal_exti.o
HAL_EXTI_IRQHandler                               build/stm32wbxx_hal_exti.o
HAL_EXTI_RegisterCallback                         build/stm32wbxx_hal_exti.o
HAL_EXTI_SetConfigLine                            build/stm32wbxx_hal_exti.o
HAL_FLASHEx_AllowOperation                        build/stm32wbxx_hal_flash_ex.o
HAL_FLASHEx_Erase                                 build/stm32wbxx_hal_flash_ex.o
HAL_FLASHEx_Erase_IT                              build/stm32wbxx_hal_flash_ex.o
HAL_FLASHEx_FlashEmptyCheck                       build/stm32wbxx_hal_flash_ex.o
HAL_FLASHEx_ForceFlashEmpty                       build/stm32wbxx_hal_flash_ex.o
HAL_FLASHEx_IsOperationSuspended                  build/stm32wbxx_hal_flash_ex.o
HAL_FLASHEx_OBGetConfig                           build/stm32wbxx_hal_flash_ex.o
HAL_FLASHEx_OBProgram                             build/stm32wbxx_hal_flash_ex.o
HAL_FLASHEx_SuspendOperation                      build/stm32wbxx_hal_flash_ex.o
HAL_FLASH_EndOfOperationCallback                  build/stm32wbxx_hal_flash.o
HAL_FLASH_GetError                                build/stm32wbxx_hal_flash.o
HAL_FLASH_IRQHandler                              build/stm32wbxx_hal_flash.o
HAL_FLASH_Lock                                    build/stm32wbxx_hal_flash.o
HAL_FLASH_OB_Launch                               build/stm32wbxx_hal_flash.o
HAL_FLASH_OB_Lock                                 build/stm32wbxx_hal_flash.o
HAL_FLASH_OB_Unlock                               build/stm32wbxx_hal_flash.o
HAL_FLASH_OperationErrorCallback                  build/stm32wbxx_hal_flash.o
HAL_FLASH_Program                                 build/stm32wbxx_hal_flash.o
HAL_FLASH_Program_IT                              build/stm32wbxx_hal_flash.o
HAL_FLASH_Unlock                                  build/stm32wbxx_hal_flash.o
HAL_GPIO_DeInit                                   build/stm32wbxx_hal_gpio.o
                                                  build/stm32wbxx_hal_msp.o
HAL_GPIO_EXTI_Callback                            build/stm32wbxx_hal_gpio.o
HAL_GPIO_EXTI_IRQHandler                          build/stm32wbxx_hal_gpio.o
HAL_GPIO_Init                                     build/stm32wbxx_hal_gpio.o
                                                  build/gpio__init.o
                                                  build/stm32wbxx_hal_rcc_ex.o
                                                  build/stm32wbxx_hal_rcc.o
                                                  build/stm32wbxx_hal_msp.o
HAL_GPIO_LockPin                                  build/stm32wbxx_hal_gpio.o
HAL_GPIO_ReadPin                                  build/stm32wbxx_hal_gpio.o
HAL_GPIO_TogglePin                                build/stm32wbxx_hal_gpio.o
                                                  build/main.o
HAL_GPIO_WriteMultipleStatePin                    build/stm32wbxx_hal_gpio.o
HAL_GPIO_WritePin                                 build/stm32wbxx_hal_gpio.o
                                                  build/gpio__init.o
HAL_GetDEVID                                      build/stm32wbxx_hal.o
HAL_GetHalVersion                                 build/stm32wbxx_hal.o
HAL_GetREVID                                      build/stm32wbxx_hal.o
HAL_GetTick                                       build/stm32wbxx_hal.o
                                                  build/stm32wbxx_hal_uart_ex.o
                                                  build/stm32wbxx_hal_uart.o
                                                  build/stm32wbxx_hal_spi.o
                                                  build/stm32wbxx_hal_i2c.o
                                                  build/stm32wbxx_hal_dma.o
                                                  build/stm32wbxx_hal_flash.o
                                                  build/stm32wbxx_hal_rcc_ex.o
                                                  build/stm32wbxx_hal_rcc.o
                                                  build/stm32wbxx_hal_tim_ex.o
HAL_GetTickFreq                                   build/stm32wbxx_hal.o
HAL_GetTickPrio                                   build/stm32wbxx_hal.o
                                                  build/stm32wbxx_hal_rcc.o
HAL_GetUIDw0                                      build/stm32wbxx_hal.o
HAL_GetUIDw1                                      build/stm32wbxx_hal.o
HAL_GetUIDw2                                      build/stm32wbxx_hal.o
HAL_HSEM_ActivateNotification                     build/stm32wbxx_hal_hsem.o
HAL_HSEM_DeactivateNotification                   build/stm32wbxx_hal_hsem.o
HAL_HSEM_FastTake                                 build/stm32wbxx_hal_hsem.o
HAL_HSEM_FreeCallback                             build/stm32wbxx_hal_hsem.o
HAL_HSEM_GetClearKey                              build/stm32wbxx_hal_hsem.o
HAL_HSEM_IRQHandler                               build/stm32wbxx_hal_hsem.o
                                                  build/stm32wbxx_it.o
HAL_HSEM_IsSemTaken                               build/stm32wbxx_hal_hsem.o
HAL_HSEM_Release                                  build/stm32wbxx_hal_hsem.o
HAL_HSEM_ReleaseAll                               build/stm32wbxx_hal_hsem.o
HAL_HSEM_SetClearKey                              build/stm32wbxx_hal_hsem.o
HAL_HSEM_Take                                     build/stm32wbxx_hal_hsem.o
HAL_HalfDuplex_EnableReceiver                     build/stm32wbxx_hal_uart.o
HAL_HalfDuplex_EnableTransmitter                  build/stm32wbxx_hal_uart.o
HAL_HalfDuplex_Init                               build/stm32wbxx_hal_uart.o
HAL_I2CEx_ConfigAnalogFilter                      build/stm32wbxx_hal_i2c_ex.o
                                                  build/i2c_init.o
HAL_I2CEx_ConfigDigitalFilter                     build/stm32wbxx_hal_i2c_ex.o
                                                  build/i2c_init.o
HAL_I2CEx_DisableFastModePlus                     build/stm32wbxx_hal_i2c_ex.o
HAL_I2CEx_DisableWakeUp                           build/stm32wbxx_hal_i2c_ex.o
HAL_I2CEx_EnableFastModePlus                      build/stm32wbxx_hal_i2c_ex.o
HAL_I2CEx_EnableWakeUp                            build/stm32wbxx_hal_i2c_ex.o
HAL_I2C_AbortCpltCallback                         build/stm32wbxx_hal_i2c.o
HAL_I2C_AddrCallback                              build/stm32wbxx_hal_i2c.o
HAL_I2C_DeInit                                    build/stm32wbxx_hal_i2c.o
HAL_I2C_DisableListen_IT                          build/stm32wbxx_hal_i2c.o
HAL_I2C_ER_IRQHandler                             build/stm32wbxx_hal_i2c.o
HAL_I2C_EV_IRQHandler                             build/stm32wbxx_hal_i2c.o
HAL_I2C_EnableListen_IT                           build/stm32wbxx_hal_i2c.o
HAL_I2C_ErrorCallback                             build/stm32wbxx_hal_i2c.o
HAL_I2C_GetError                                  build/stm32wbxx_hal_i2c.o
HAL_I2C_GetMode                                   build/stm32wbxx_hal_i2c.o
HAL_I2C_GetState                                  build/stm32wbxx_hal_i2c.o
HAL_I2C_Init                                      build/stm32wbxx_hal_i2c.o
                                                  build/i2c_init.o
HAL_I2C_IsDeviceReady                             build/stm32wbxx_hal_i2c.o
HAL_I2C_ListenCpltCallback                        build/stm32wbxx_hal_i2c.o
HAL_I2C_MasterRxCpltCallback                      build/stm32wbxx_hal_i2c.o
HAL_I2C_MasterTxCpltCallback                      build/stm32wbxx_hal_i2c.o
HAL_I2C_Master_Abort_IT                           build/stm32wbxx_hal_i2c.o
HAL_I2C_Master_Receive                            build/stm32wbxx_hal_i2c.o
HAL_I2C_Master_Receive_DMA                        build/stm32wbxx_hal_i2c.o
HAL_I2C_Master_Receive_IT                         build/stm32wbxx_hal_i2c.o
HAL_I2C_Master_Seq_Receive_DMA                    build/stm32wbxx_hal_i2c.o
HAL_I2C_Master_Seq_Receive_IT                     build/stm32wbxx_hal_i2c.o
HAL_I2C_Master_Seq_Transmit_DMA                   build/stm32wbxx_hal_i2c.o
HAL_I2C_Master_Seq_Transmit_IT                    build/stm32wbxx_hal_i2c.o
HAL_I2C_Master_Transmit                           build/stm32wbxx_hal_i2c.o
HAL_I2C_Master_Transmit_DMA                       build/stm32wbxx_hal_i2c.o
HAL_I2C_Master_Transmit_IT                        build/stm32wbxx_hal_i2c.o
HAL_I2C_MemRxCpltCallback                         build/stm32wbxx_hal_i2c.o
HAL_I2C_MemTxCpltCallback                         build/stm32wbxx_hal_i2c.o
HAL_I2C_Mem_Read                                  build/stm32wbxx_hal_i2c.o
HAL_I2C_Mem_Read_DMA                              build/stm32wbxx_hal_i2c.o
HAL_I2C_Mem_Read_IT                               build/stm32wbxx_hal_i2c.o
HAL_I2C_Mem_Write                                 build/stm32wbxx_hal_i2c.o
HAL_I2C_Mem_Write_DMA                             build/stm32wbxx_hal_i2c.o
HAL_I2C_Mem_Write_IT                              build/stm32wbxx_hal_i2c.o
HAL_I2C_MspDeInit                                 build/stm32wbxx_hal_msp.o
HAL_I2C_MspInit                                   build/stm32wbxx_hal_msp.o
HAL_I2C_SlaveRxCpltCallback                       build/stm32wbxx_hal_i2c.o
HAL_I2C_SlaveTxCpltCallback                       build/stm32wbxx_hal_i2c.o
HAL_I2C_Slave_Receive                             build/stm32wbxx_hal_i2c.o
HAL_I2C_Slave_Receive_DMA                         build/stm32wbxx_hal_i2c.o
HAL_I2C_Slave_Receive_IT                          build/stm32wbxx_hal_i2c.o
HAL_I2C_Slave_Seq_Receive_DMA                     build/stm32wbxx_hal_i2c.o
HAL_I2C_Slave_Seq_Receive_IT                      build/stm32wbxx_hal_i2c.o
HAL_I2C_Slave_Seq_Transmit_DMA                    build/stm32wbxx_hal_i2c.o
HAL_I2C_Slave_Seq_Transmit_IT                     build/stm32wbxx_hal_i2c.o
HAL_I2C_Slave_Transmit                            build/stm32wbxx_hal_i2c.o
HAL_I2C_Slave_Transmit_DMA                        build/stm32wbxx_hal_i2c.o
HAL_I2C_Slave_Transmit_IT                         build/stm32wbxx_hal_i2c.o
HAL_IPCC_ActivateNotification                     build/stm32wbxx_hal_ipcc.o
HAL_IPCC_DeActivateNotification                   build/stm32wbxx_hal_ipcc.o
HAL_IPCC_DeInit                                   build/stm32wbxx_hal_ipcc.o
HAL_IPCC_GetChannelStatus                         build/stm32wbxx_hal_ipcc.o
HAL_IPCC_GetState                                 build/stm32wbxx_hal_ipcc.o
HAL_IPCC_Init                                     build/stm32wbxx_hal_ipcc.o
                                                  build/rf_init.o
HAL_IPCC_MspDeInit                                build/stm32wbxx_hal_msp.o
HAL_IPCC_MspInit                                  build/stm32wbxx_hal_msp.o
HAL_IPCC_NotifyCPU                                build/stm32wbxx_hal_ipcc.o
HAL_IPCC_RX_IRQHandler                            build/stm32wbxx_hal_ipcc.o
HAL_IPCC_RxCallback                               build/stm32wbxx_hal_ipcc.o
HAL_IPCC_TX_IRQHandler                            build/stm32wbxx_hal_ipcc.o
HAL_IPCC_TxCallback                               build/stm32wbxx_hal_ipcc.o
HAL_IncTick                                       build/stm32wbxx_hal.o
                                                  build/main.o
HAL_Init                                          build/stm32wbxx_hal.o
                                                  build/main.o
HAL_InitTick                                      build/stm32wbxx_hal_timebase_tim.o
                                                  build/stm32wbxx_hal_rcc.o
HAL_LIN_Init                                      build/stm32wbxx_hal_uart.o
HAL_LIN_SendBreak                                 build/stm32wbxx_hal_uart.o
HAL_MPU_ConfigRegion                              build/stm32wbxx_hal_cortex.o
HAL_MPU_Disable                                   build/stm32wbxx_hal_cortex.o
HAL_MPU_DisableRegion                             build/stm32wbxx_hal_cortex.o
HAL_MPU_Enable                                    build/stm32wbxx_hal_cortex.o
HAL_MPU_EnableRegion                              build/stm32wbxx_hal_cortex.o