ARM GAS  /var/folders/98/ctz5mtps7w71v8dr53cf5qg40000gn/T//cc0m0UBX.s 			page 1


   1              		.cpu cortex-m4
   2              		.arch armv7e-m
   3              		.fpu fpv4-sp-d16
   4              		.eabi_attribute 27, 1
   5              		.eabi_attribute 28, 1
   6              		.eabi_attribute 20, 1
   7              		.eabi_attribute 21, 1
   8              		.eabi_attribute 23, 3
   9              		.eabi_attribute 24, 1
  10              		.eabi_attribute 25, 1
  11              		.eabi_attribute 26, 1
  12              		.eabi_attribute 30, 1
  13              		.eabi_attribute 34, 1
  14              		.eabi_attribute 18, 4
  15              		.file	"tim_init.c"
  16              		.text
  17              	.Ltext0:
  18              		.cfi_sections	.debug_frame
  19              		.file 1 "Drivers/MyDriver/tim/tim_init.c"
  20              		.section	.text.MX_TIM1_Init,"ax",%progbits
  21              		.align	1
  22              		.global	MX_TIM1_Init
  23              		.syntax unified
  24              		.thumb
  25              		.thumb_func
  27              	MX_TIM1_Init:
  28              	.LFB950:
   1:Drivers/MyDriver/tim/tim_init.c **** #include "tim_init.h"
   2:Drivers/MyDriver/tim/tim_init.c **** 
   3:Drivers/MyDriver/tim/tim_init.c **** 
   4:Drivers/MyDriver/tim/tim_init.c **** TIM_HandleTypeDef htim1;
   5:Drivers/MyDriver/tim/tim_init.c **** TIM_HandleTypeDef htim2;
   6:Drivers/MyDriver/tim/tim_init.c **** 
   7:Drivers/MyDriver/tim/tim_init.c **** 
   8:Drivers/MyDriver/tim/tim_init.c **** /**
   9:Drivers/MyDriver/tim/tim_init.c ****   * @brief TIM1 Initialization Function
  10:Drivers/MyDriver/tim/tim_init.c ****   * @param None
  11:Drivers/MyDriver/tim/tim_init.c ****   * @retval None
  12:Drivers/MyDriver/tim/tim_init.c ****   */
  13:Drivers/MyDriver/tim/tim_init.c ****  void MX_TIM1_Init(void)
  14:Drivers/MyDriver/tim/tim_init.c ****  {
  29              		.loc 1 14 2 view -0
  30              		.cfi_startproc
  31              		@ args = 0, pretend = 0, frame = 96
  32              		@ frame_needed = 0, uses_anonymous_args = 0
  33 0000 10B5     		push	{r4, lr}
  34              	.LCFI0:
  35              		.cfi_def_cfa_offset 8
  36              		.cfi_offset 4, -8
  37              		.cfi_offset 14, -4
  38 0002 98B0     		sub	sp, sp, #96
  39              	.LCFI1:
  40              		.cfi_def_cfa_offset 104
  15:Drivers/MyDriver/tim/tim_init.c ****  
  16:Drivers/MyDriver/tim/tim_init.c ****   
  17:Drivers/MyDriver/tim/tim_init.c ****    TIM_MasterConfigTypeDef sMasterConfig = {0};
  41              		.loc 1 17 4 view .LVU1
ARM GAS  /var/folders/98/ctz5mtps7w71v8dr53cf5qg40000gn/T//cc0m0UBX.s 			page 2


  42              		.loc 1 17 28 is_stmt 0 view .LVU2
  43 0004 0024     		movs	r4, #0
  44 0006 1594     		str	r4, [sp, #84]
  45 0008 1694     		str	r4, [sp, #88]
  46 000a 1794     		str	r4, [sp, #92]
  18:Drivers/MyDriver/tim/tim_init.c ****    TIM_OC_InitTypeDef sConfigOC = {0};
  47              		.loc 1 18 4 is_stmt 1 view .LVU3
  48              		.loc 1 18 23 is_stmt 0 view .LVU4
  49 000c 0E94     		str	r4, [sp, #56]
  50 000e 0F94     		str	r4, [sp, #60]
  51 0010 1094     		str	r4, [sp, #64]
  52 0012 1194     		str	r4, [sp, #68]
  53 0014 1294     		str	r4, [sp, #72]
  54 0016 1394     		str	r4, [sp, #76]
  55 0018 1494     		str	r4, [sp, #80]
  19:Drivers/MyDriver/tim/tim_init.c ****    TIM_BreakDeadTimeConfigTypeDef sBreakDeadTimeConfig = {0};
  56              		.loc 1 19 4 is_stmt 1 view .LVU5
  57              		.loc 1 19 35 is_stmt 0 view .LVU6
  58 001a 3422     		movs	r2, #52
  59 001c 2146     		mov	r1, r4
  60 001e 01A8     		add	r0, sp, #4
  61 0020 FFF7FEFF 		bl	memset
  62              	.LVL0:
  20:Drivers/MyDriver/tim/tim_init.c ****  
  21:Drivers/MyDriver/tim/tim_init.c ****    htim1.Instance = TIM1;
  63              		.loc 1 21 4 is_stmt 1 view .LVU7
  64              		.loc 1 21 19 is_stmt 0 view .LVU8
  65 0024 3648     		ldr	r0, .L17
  66 0026 374B     		ldr	r3, .L17+4
  67 0028 0360     		str	r3, [r0]
  22:Drivers/MyDriver/tim/tim_init.c ****    htim1.Init.Prescaler = 0;
  68              		.loc 1 22 4 is_stmt 1 view .LVU9
  69              		.loc 1 22 25 is_stmt 0 view .LVU10
  70 002a 4460     		str	r4, [r0, #4]
  23:Drivers/MyDriver/tim/tim_init.c ****    htim1.Init.CounterMode = TIM_COUNTERMODE_UP;
  71              		.loc 1 23 4 is_stmt 1 view .LVU11
  72              		.loc 1 23 27 is_stmt 0 view .LVU12
  73 002c 8460     		str	r4, [r0, #8]
  24:Drivers/MyDriver/tim/tim_init.c ****    htim1.Init.Period = 65535;
  74              		.loc 1 24 4 is_stmt 1 view .LVU13
  75              		.loc 1 24 22 is_stmt 0 view .LVU14
  76 002e 4FF6FF73 		movw	r3, #65535
  77 0032 C360     		str	r3, [r0, #12]
  25:Drivers/MyDriver/tim/tim_init.c ****    htim1.Init.ClockDivision = TIM_CLOCKDIVISION_DIV1;
  78              		.loc 1 25 4 is_stmt 1 view .LVU15
  79              		.loc 1 25 29 is_stmt 0 view .LVU16
  80 0034 0461     		str	r4, [r0, #16]
  26:Drivers/MyDriver/tim/tim_init.c ****    htim1.Init.RepetitionCounter = 0;
  81              		.loc 1 26 4 is_stmt 1 view .LVU17
  82              		.loc 1 26 33 is_stmt 0 view .LVU18
  83 0036 4461     		str	r4, [r0, #20]
  27:Drivers/MyDriver/tim/tim_init.c ****    htim1.Init.AutoReloadPreload = TIM_AUTORELOAD_PRELOAD_DISABLE;
  84              		.loc 1 27 4 is_stmt 1 view .LVU19
  85              		.loc 1 27 33 is_stmt 0 view .LVU20
  86 0038 8461     		str	r4, [r0, #24]
  28:Drivers/MyDriver/tim/tim_init.c ****    if (HAL_TIM_PWM_Init(&htim1) != HAL_OK)
  87              		.loc 1 28 4 is_stmt 1 view .LVU21
ARM GAS  /var/folders/98/ctz5mtps7w71v8dr53cf5qg40000gn/T//cc0m0UBX.s 			page 3


  88              		.loc 1 28 8 is_stmt 0 view .LVU22
  89 003a FFF7FEFF 		bl	HAL_TIM_PWM_Init
  90              	.LVL1:
  91              		.loc 1 28 7 discriminator 1 view .LVU23
  92 003e 0028     		cmp	r0, #0
  93 0040 48D1     		bne	.L10
  94              	.L2:
  29:Drivers/MyDriver/tim/tim_init.c ****    {
  30:Drivers/MyDriver/tim/tim_init.c ****      Error_Handler();
  31:Drivers/MyDriver/tim/tim_init.c ****    }
  32:Drivers/MyDriver/tim/tim_init.c ****    sMasterConfig.MasterOutputTrigger = TIM_TRGO_RESET;
  95              		.loc 1 32 4 is_stmt 1 view .LVU24
  96              		.loc 1 32 38 is_stmt 0 view .LVU25
  97 0042 0023     		movs	r3, #0
  98 0044 1593     		str	r3, [sp, #84]
  33:Drivers/MyDriver/tim/tim_init.c ****    sMasterConfig.MasterOutputTrigger2 = TIM_TRGO2_RESET;
  99              		.loc 1 33 4 is_stmt 1 view .LVU26
 100              		.loc 1 33 39 is_stmt 0 view .LVU27
 101 0046 1693     		str	r3, [sp, #88]
  34:Drivers/MyDriver/tim/tim_init.c ****    sMasterConfig.MasterSlaveMode = TIM_MASTERSLAVEMODE_DISABLE;
 102              		.loc 1 34 4 is_stmt 1 view .LVU28
 103              		.loc 1 34 34 is_stmt 0 view .LVU29
 104 0048 1793     		str	r3, [sp, #92]
  35:Drivers/MyDriver/tim/tim_init.c ****    if (HAL_TIMEx_MasterConfigSynchronization(&htim1, &sMasterConfig) != HAL_OK)
 105              		.loc 1 35 4 is_stmt 1 view .LVU30
 106              		.loc 1 35 8 is_stmt 0 view .LVU31
 107 004a 15A9     		add	r1, sp, #84
 108 004c 2C48     		ldr	r0, .L17
 109 004e FFF7FEFF 		bl	HAL_TIMEx_MasterConfigSynchronization
 110              	.LVL2:
 111              		.loc 1 35 7 discriminator 1 view .LVU32
 112 0052 0028     		cmp	r0, #0
 113 0054 41D1     		bne	.L11
 114              	.L3:
  36:Drivers/MyDriver/tim/tim_init.c ****    {
  37:Drivers/MyDriver/tim/tim_init.c ****      Error_Handler();
  38:Drivers/MyDriver/tim/tim_init.c ****    }
  39:Drivers/MyDriver/tim/tim_init.c ****    sConfigOC.OCMode = TIM_OCMODE_PWM1;
 115              		.loc 1 39 4 is_stmt 1 view .LVU33
 116              		.loc 1 39 21 is_stmt 0 view .LVU34
 117 0056 6023     		movs	r3, #96
 118 0058 0E93     		str	r3, [sp, #56]
  40:Drivers/MyDriver/tim/tim_init.c ****    sConfigOC.Pulse = 0;
 119              		.loc 1 40 4 is_stmt 1 view .LVU35
 120              		.loc 1 40 20 is_stmt 0 view .LVU36
 121 005a 0022     		movs	r2, #0
 122 005c 0F92     		str	r2, [sp, #60]
  41:Drivers/MyDriver/tim/tim_init.c ****    sConfigOC.OCPolarity = TIM_OCPOLARITY_HIGH;
 123              		.loc 1 41 4 is_stmt 1 view .LVU37
 124              		.loc 1 41 25 is_stmt 0 view .LVU38
 125 005e 1092     		str	r2, [sp, #64]
  42:Drivers/MyDriver/tim/tim_init.c ****    sConfigOC.OCNPolarity = TIM_OCNPOLARITY_HIGH;
 126              		.loc 1 42 4 is_stmt 1 view .LVU39
 127              		.loc 1 42 26 is_stmt 0 view .LVU40
 128 0060 1192     		str	r2, [sp, #68]
  43:Drivers/MyDriver/tim/tim_init.c ****    sConfigOC.OCFastMode = TIM_OCFAST_DISABLE;
 129              		.loc 1 43 4 is_stmt 1 view .LVU41
ARM GAS  /var/folders/98/ctz5mtps7w71v8dr53cf5qg40000gn/T//cc0m0UBX.s 			page 4


 130              		.loc 1 43 25 is_stmt 0 view .LVU42
 131 0062 1292     		str	r2, [sp, #72]
  44:Drivers/MyDriver/tim/tim_init.c ****    sConfigOC.OCIdleState = TIM_OCIDLESTATE_RESET;
 132              		.loc 1 44 4 is_stmt 1 view .LVU43
 133              		.loc 1 44 26 is_stmt 0 view .LVU44
 134 0064 1392     		str	r2, [sp, #76]
  45:Drivers/MyDriver/tim/tim_init.c ****    sConfigOC.OCNIdleState = TIM_OCNIDLESTATE_RESET;
 135              		.loc 1 45 4 is_stmt 1 view .LVU45
 136              		.loc 1 45 27 is_stmt 0 view .LVU46
 137 0066 1492     		str	r2, [sp, #80]
  46:Drivers/MyDriver/tim/tim_init.c ****    if (HAL_TIM_PWM_ConfigChannel(&htim1, &sConfigOC, TIM_CHANNEL_1) != HAL_OK)
 138              		.loc 1 46 4 is_stmt 1 view .LVU47
 139              		.loc 1 46 8 is_stmt 0 view .LVU48
 140 0068 0EA9     		add	r1, sp, #56
 141 006a 2548     		ldr	r0, .L17
 142 006c FFF7FEFF 		bl	HAL_TIM_PWM_ConfigChannel
 143              	.LVL3:
 144              		.loc 1 46 7 discriminator 1 view .LVU49
 145 0070 0028     		cmp	r0, #0
 146 0072 35D1     		bne	.L12
 147              	.L4:
  47:Drivers/MyDriver/tim/tim_init.c ****    {
  48:Drivers/MyDriver/tim/tim_init.c ****      Error_Handler();
  49:Drivers/MyDriver/tim/tim_init.c ****    }
  50:Drivers/MyDriver/tim/tim_init.c ****    if (HAL_TIM_PWM_ConfigChannel(&htim1, &sConfigOC, TIM_CHANNEL_2) != HAL_OK)
 148              		.loc 1 50 4 is_stmt 1 view .LVU50
 149              		.loc 1 50 8 is_stmt 0 view .LVU51
 150 0074 0422     		movs	r2, #4
 151 0076 0EA9     		add	r1, sp, #56
 152 0078 2148     		ldr	r0, .L17
 153 007a FFF7FEFF 		bl	HAL_TIM_PWM_ConfigChannel
 154              	.LVL4:
 155              		.loc 1 50 7 discriminator 1 view .LVU52
 156 007e 0028     		cmp	r0, #0
 157 0080 31D1     		bne	.L13
 158              	.L5:
  51:Drivers/MyDriver/tim/tim_init.c ****    {
  52:Drivers/MyDriver/tim/tim_init.c ****      Error_Handler();
  53:Drivers/MyDriver/tim/tim_init.c ****    }
  54:Drivers/MyDriver/tim/tim_init.c ****    if (HAL_TIM_PWM_ConfigChannel(&htim1, &sConfigOC, TIM_CHANNEL_3) != HAL_OK)
 159              		.loc 1 54 4 is_stmt 1 view .LVU53
 160              		.loc 1 54 8 is_stmt 0 view .LVU54
 161 0082 0822     		movs	r2, #8
 162 0084 0EA9     		add	r1, sp, #56
 163 0086 1E48     		ldr	r0, .L17
 164 0088 FFF7FEFF 		bl	HAL_TIM_PWM_ConfigChannel
 165              	.LVL5:
 166              		.loc 1 54 7 discriminator 1 view .LVU55
 167 008c 0028     		cmp	r0, #0
 168 008e 2DD1     		bne	.L14
 169              	.L6:
  55:Drivers/MyDriver/tim/tim_init.c ****    {
  56:Drivers/MyDriver/tim/tim_init.c ****      Error_Handler();
  57:Drivers/MyDriver/tim/tim_init.c ****    }
  58:Drivers/MyDriver/tim/tim_init.c ****    if (HAL_TIM_PWM_ConfigChannel(&htim1, &sConfigOC, TIM_CHANNEL_4) != HAL_OK)
 170              		.loc 1 58 4 is_stmt 1 view .LVU56
 171              		.loc 1 58 8 is_stmt 0 view .LVU57
ARM GAS  /var/folders/98/ctz5mtps7w71v8dr53cf5qg40000gn/T//cc0m0UBX.s 			page 5


 172 0090 0C22     		movs	r2, #12
 173 0092 0EA9     		add	r1, sp, #56
 174 0094 1A48     		ldr	r0, .L17
 175 0096 FFF7FEFF 		bl	HAL_TIM_PWM_ConfigChannel
 176              	.LVL6:
 177              		.loc 1 58 7 discriminator 1 view .LVU58
 178 009a 50BB     		cbnz	r0, .L15
 179              	.L7:
  59:Drivers/MyDriver/tim/tim_init.c ****    {
  60:Drivers/MyDriver/tim/tim_init.c ****      Error_Handler();
  61:Drivers/MyDriver/tim/tim_init.c ****    }
  62:Drivers/MyDriver/tim/tim_init.c ****    sBreakDeadTimeConfig.OffStateRunMode = TIM_OSSR_DISABLE;
 180              		.loc 1 62 4 is_stmt 1 view .LVU59
 181              		.loc 1 62 41 is_stmt 0 view .LVU60
 182 009c 0023     		movs	r3, #0
 183 009e 0193     		str	r3, [sp, #4]
  63:Drivers/MyDriver/tim/tim_init.c ****    sBreakDeadTimeConfig.OffStateIDLEMode = TIM_OSSI_DISABLE;
 184              		.loc 1 63 4 is_stmt 1 view .LVU61
 185              		.loc 1 63 42 is_stmt 0 view .LVU62
 186 00a0 0293     		str	r3, [sp, #8]
  64:Drivers/MyDriver/tim/tim_init.c ****    sBreakDeadTimeConfig.LockLevel = TIM_LOCKLEVEL_OFF;
 187              		.loc 1 64 4 is_stmt 1 view .LVU63
 188              		.loc 1 64 35 is_stmt 0 view .LVU64
 189 00a2 0393     		str	r3, [sp, #12]
  65:Drivers/MyDriver/tim/tim_init.c ****    sBreakDeadTimeConfig.DeadTime = 0;
 190              		.loc 1 65 4 is_stmt 1 view .LVU65
 191              		.loc 1 65 34 is_stmt 0 view .LVU66
 192 00a4 0493     		str	r3, [sp, #16]
  66:Drivers/MyDriver/tim/tim_init.c ****    sBreakDeadTimeConfig.BreakState = TIM_BREAK_DISABLE;
 193              		.loc 1 66 4 is_stmt 1 view .LVU67
 194              		.loc 1 66 36 is_stmt 0 view .LVU68
 195 00a6 0593     		str	r3, [sp, #20]
  67:Drivers/MyDriver/tim/tim_init.c ****    sBreakDeadTimeConfig.BreakPolarity = TIM_BREAKPOLARITY_HIGH;
 196              		.loc 1 67 4 is_stmt 1 view .LVU69
 197              		.loc 1 67 39 is_stmt 0 view .LVU70
 198 00a8 4FF40052 		mov	r2, #8192
 199 00ac 0692     		str	r2, [sp, #24]
  68:Drivers/MyDriver/tim/tim_init.c ****    sBreakDeadTimeConfig.BreakFilter = 0;
 200              		.loc 1 68 4 is_stmt 1 view .LVU71
 201              		.loc 1 68 37 is_stmt 0 view .LVU72
 202 00ae 0793     		str	r3, [sp, #28]
  69:Drivers/MyDriver/tim/tim_init.c ****    sBreakDeadTimeConfig.BreakAFMode = TIM_BREAK_AFMODE_INPUT;
 203              		.loc 1 69 4 is_stmt 1 view .LVU73
 204              		.loc 1 69 37 is_stmt 0 view .LVU74
 205 00b0 0893     		str	r3, [sp, #32]
  70:Drivers/MyDriver/tim/tim_init.c ****    sBreakDeadTimeConfig.Break2State = TIM_BREAK2_DISABLE;
 206              		.loc 1 70 4 is_stmt 1 view .LVU75
 207              		.loc 1 70 37 is_stmt 0 view .LVU76
 208 00b2 0993     		str	r3, [sp, #36]
  71:Drivers/MyDriver/tim/tim_init.c ****    sBreakDeadTimeConfig.Break2Polarity = TIM_BREAK2POLARITY_HIGH;
 209              		.loc 1 71 4 is_stmt 1 view .LVU77
 210              		.loc 1 71 40 is_stmt 0 view .LVU78
 211 00b4 4FF00072 		mov	r2, #33554432
 212 00b8 0A92     		str	r2, [sp, #40]
  72:Drivers/MyDriver/tim/tim_init.c ****    sBreakDeadTimeConfig.Break2Filter = 0;
 213              		.loc 1 72 4 is_stmt 1 view .LVU79
 214              		.loc 1 72 38 is_stmt 0 view .LVU80
ARM GAS  /var/folders/98/ctz5mtps7w71v8dr53cf5qg40000gn/T//cc0m0UBX.s 			page 6


 215 00ba 0B93     		str	r3, [sp, #44]
  73:Drivers/MyDriver/tim/tim_init.c ****    sBreakDeadTimeConfig.Break2AFMode = TIM_BREAK_AFMODE_INPUT;
 216              		.loc 1 73 4 is_stmt 1 view .LVU81
 217              		.loc 1 73 38 is_stmt 0 view .LVU82
 218 00bc 0C93     		str	r3, [sp, #48]
  74:Drivers/MyDriver/tim/tim_init.c ****    sBreakDeadTimeConfig.AutomaticOutput = TIM_AUTOMATICOUTPUT_DISABLE;
 219              		.loc 1 74 4 is_stmt 1 view .LVU83
 220              		.loc 1 74 41 is_stmt 0 view .LVU84
 221 00be 0D93     		str	r3, [sp, #52]
  75:Drivers/MyDriver/tim/tim_init.c ****    if (HAL_TIMEx_ConfigBreakDeadTime(&htim1, &sBreakDeadTimeConfig) != HAL_OK)
 222              		.loc 1 75 4 is_stmt 1 view .LVU85
 223              		.loc 1 75 8 is_stmt 0 view .LVU86
 224 00c0 01A9     		add	r1, sp, #4
 225 00c2 0F48     		ldr	r0, .L17
 226 00c4 FFF7FEFF 		bl	HAL_TIMEx_ConfigBreakDeadTime
 227              	.LVL7:
 228              		.loc 1 75 7 discriminator 1 view .LVU87
 229 00c8 B0B9     		cbnz	r0, .L16
 230              	.L8:
  76:Drivers/MyDriver/tim/tim_init.c ****    {
  77:Drivers/MyDriver/tim/tim_init.c ****      Error_Handler();
  78:Drivers/MyDriver/tim/tim_init.c ****    }
  79:Drivers/MyDriver/tim/tim_init.c ****    
  80:Drivers/MyDriver/tim/tim_init.c ****    HAL_TIM_MspPostInit(&htim1);
 231              		.loc 1 80 4 is_stmt 1 view .LVU88
 232 00ca 0D48     		ldr	r0, .L17
 233 00cc FFF7FEFF 		bl	HAL_TIM_MspPostInit
 234              	.LVL8:
  81:Drivers/MyDriver/tim/tim_init.c ****  
  82:Drivers/MyDriver/tim/tim_init.c ****  }
 235              		.loc 1 82 2 is_stmt 0 view .LVU89
 236 00d0 18B0     		add	sp, sp, #96
 237              	.LCFI2:
 238              		.cfi_remember_state
 239              		.cfi_def_cfa_offset 8
 240              		@ sp needed
 241 00d2 10BD     		pop	{r4, pc}
 242              	.L10:
 243              	.LCFI3:
 244              		.cfi_restore_state
  30:Drivers/MyDriver/tim/tim_init.c ****    }
 245              		.loc 1 30 6 is_stmt 1 view .LVU90
 246 00d4 FFF7FEFF 		bl	Error_Handler
 247              	.LVL9:
 248 00d8 B3E7     		b	.L2
 249              	.L11:
  37:Drivers/MyDriver/tim/tim_init.c ****    }
 250              		.loc 1 37 6 view .LVU91
 251 00da FFF7FEFF 		bl	Error_Handler
 252              	.LVL10:
 253 00de BAE7     		b	.L3
 254              	.L12:
  48:Drivers/MyDriver/tim/tim_init.c ****    }
 255              		.loc 1 48 6 view .LVU92
 256 00e0 FFF7FEFF 		bl	Error_Handler
 257              	.LVL11:
 258 00e4 C6E7     		b	.L4
ARM GAS  /var/folders/98/ctz5mtps7w71v8dr53cf5qg40000gn/T//cc0m0UBX.s 			page 7


 259              	.L13:
  52:Drivers/MyDriver/tim/tim_init.c ****    }
 260              		.loc 1 52 6 view .LVU93
 261 00e6 FFF7FEFF 		bl	Error_Handler
 262              	.LVL12:
 263 00ea CAE7     		b	.L5
 264              	.L14:
  56:Drivers/MyDriver/tim/tim_init.c ****    }
 265              		.loc 1 56 6 view .LVU94
 266 00ec FFF7FEFF 		bl	Error_Handler
 267              	.LVL13:
 268 00f0 CEE7     		b	.L6
 269              	.L15:
  60:Drivers/MyDriver/tim/tim_init.c ****    }
 270              		.loc 1 60 6 view .LVU95
 271 00f2 FFF7FEFF 		bl	Error_Handler
 272              	.LVL14:
 273 00f6 D1E7     		b	.L7
 274              	.L16:
  77:Drivers/MyDriver/tim/tim_init.c ****    }
 275              		.loc 1 77 6 view .LVU96
 276 00f8 FFF7FEFF 		bl	Error_Handler
 277              	.LVL15:
 278 00fc E5E7     		b	.L8
 279              	.L18:
 280 00fe 00BF     		.align	2
 281              	.L17:
 282 0100 00000000 		.word	htim1
 283 0104 002C0140 		.word	1073818624
 284              		.cfi_endproc
 285              	.LFE950:
 287              		.section	.text.MX_TIM2_Init,"ax",%progbits
 288              		.align	1
 289              		.global	MX_TIM2_Init
 290              		.syntax unified
 291              		.thumb
 292              		.thumb_func
 294              	MX_TIM2_Init:
 295              	.LFB951:
  83:Drivers/MyDriver/tim/tim_init.c ****  
  84:Drivers/MyDriver/tim/tim_init.c ****  /**
  85:Drivers/MyDriver/tim/tim_init.c ****    * @brief TIM2 Initialization Function
  86:Drivers/MyDriver/tim/tim_init.c ****    * @param None
  87:Drivers/MyDriver/tim/tim_init.c ****    * @retval None
  88:Drivers/MyDriver/tim/tim_init.c ****    */
  89:Drivers/MyDriver/tim/tim_init.c ****  void MX_TIM2_Init(void)
  90:Drivers/MyDriver/tim/tim_init.c ****  {
 296              		.loc 1 90 2 view -0
 297              		.cfi_startproc
 298              		@ args = 0, pretend = 0, frame = 40
 299              		@ frame_needed = 0, uses_anonymous_args = 0
 300 0000 00B5     		push	{lr}
 301              	.LCFI4:
 302              		.cfi_def_cfa_offset 4
 303              		.cfi_offset 14, -4
 304 0002 8BB0     		sub	sp, sp, #44
 305              	.LCFI5:
ARM GAS  /var/folders/98/ctz5mtps7w71v8dr53cf5qg40000gn/T//cc0m0UBX.s 			page 8


 306              		.cfi_def_cfa_offset 48
  91:Drivers/MyDriver/tim/tim_init.c ****  
  92:Drivers/MyDriver/tim/tim_init.c ****  
  93:Drivers/MyDriver/tim/tim_init.c ****  
  94:Drivers/MyDriver/tim/tim_init.c ****    TIM_MasterConfigTypeDef sMasterConfig = {0};
 307              		.loc 1 94 4 view .LVU98
 308              		.loc 1 94 28 is_stmt 0 view .LVU99
 309 0004 0023     		movs	r3, #0
 310 0006 0793     		str	r3, [sp, #28]
 311 0008 0893     		str	r3, [sp, #32]
 312 000a 0993     		str	r3, [sp, #36]
  95:Drivers/MyDriver/tim/tim_init.c ****    TIM_OC_InitTypeDef sConfigOC = {0};
 313              		.loc 1 95 4 is_stmt 1 view .LVU100
 314              		.loc 1 95 23 is_stmt 0 view .LVU101
 315 000c 0093     		str	r3, [sp]
 316 000e 0193     		str	r3, [sp, #4]
 317 0010 0293     		str	r3, [sp, #8]
 318 0012 0393     		str	r3, [sp, #12]
 319 0014 0493     		str	r3, [sp, #16]
 320 0016 0593     		str	r3, [sp, #20]
 321 0018 0693     		str	r3, [sp, #24]
  96:Drivers/MyDriver/tim/tim_init.c ****  
  97:Drivers/MyDriver/tim/tim_init.c ****   
  98:Drivers/MyDriver/tim/tim_init.c ****    htim2.Instance = TIM2;
 322              		.loc 1 98 4 is_stmt 1 view .LVU102
 323              		.loc 1 98 19 is_stmt 0 view .LVU103
 324 001a 2548     		ldr	r0, .L33
 325 001c 4FF08042 		mov	r2, #1073741824
 326 0020 0260     		str	r2, [r0]
  99:Drivers/MyDriver/tim/tim_init.c ****    htim2.Init.Prescaler = 0;
 327              		.loc 1 99 4 is_stmt 1 view .LVU104
 328              		.loc 1 99 25 is_stmt 0 view .LVU105
 329 0022 4360     		str	r3, [r0, #4]
 100:Drivers/MyDriver/tim/tim_init.c ****    htim2.Init.CounterMode = TIM_COUNTERMODE_UP;
 330              		.loc 1 100 4 is_stmt 1 view .LVU106
 331              		.loc 1 100 27 is_stmt 0 view .LVU107
 332 0024 8360     		str	r3, [r0, #8]
 101:Drivers/MyDriver/tim/tim_init.c ****    htim2.Init.Period = 4294967295;
 333              		.loc 1 101 4 is_stmt 1 view .LVU108
 334              		.loc 1 101 22 is_stmt 0 view .LVU109
 335 0026 4FF0FF32 		mov	r2, #-1
 336 002a C260     		str	r2, [r0, #12]
 102:Drivers/MyDriver/tim/tim_init.c ****    htim2.Init.ClockDivision = TIM_CLOCKDIVISION_DIV1;
 337              		.loc 1 102 4 is_stmt 1 view .LVU110
 338              		.loc 1 102 29 is_stmt 0 view .LVU111
 339 002c 0361     		str	r3, [r0, #16]
 103:Drivers/MyDriver/tim/tim_init.c ****    htim2.Init.AutoReloadPreload = TIM_AUTORELOAD_PRELOAD_DISABLE;
 340              		.loc 1 103 4 is_stmt 1 view .LVU112
 341              		.loc 1 103 33 is_stmt 0 view .LVU113
 342 002e 8361     		str	r3, [r0, #24]
 104:Drivers/MyDriver/tim/tim_init.c ****    if (HAL_TIM_PWM_Init(&htim2) != HAL_OK)
 343              		.loc 1 104 4 is_stmt 1 view .LVU114
 344              		.loc 1 104 8 is_stmt 0 view .LVU115
 345 0030 FFF7FEFF 		bl	HAL_TIM_PWM_Init
 346              	.LVL16:
 347              		.loc 1 104 7 discriminator 1 view .LVU116
 348 0034 50BB     		cbnz	r0, .L27
ARM GAS  /var/folders/98/ctz5mtps7w71v8dr53cf5qg40000gn/T//cc0m0UBX.s 			page 9


 349              	.L20:
 105:Drivers/MyDriver/tim/tim_init.c ****    {
 106:Drivers/MyDriver/tim/tim_init.c ****      Error_Handler();
 107:Drivers/MyDriver/tim/tim_init.c ****    }
 108:Drivers/MyDriver/tim/tim_init.c ****    sMasterConfig.MasterOutputTrigger = TIM_TRGO_RESET;
 350              		.loc 1 108 4 is_stmt 1 view .LVU117
 351              		.loc 1 108 38 is_stmt 0 view .LVU118
 352 0036 0023     		movs	r3, #0
 353 0038 0793     		str	r3, [sp, #28]
 109:Drivers/MyDriver/tim/tim_init.c ****    sMasterConfig.MasterSlaveMode = TIM_MASTERSLAVEMODE_DISABLE;
 354              		.loc 1 109 4 is_stmt 1 view .LVU119
 355              		.loc 1 109 34 is_stmt 0 view .LVU120
 356 003a 0993     		str	r3, [sp, #36]
 110:Drivers/MyDriver/tim/tim_init.c ****    if (HAL_TIMEx_MasterConfigSynchronization(&htim2, &sMasterConfig) != HAL_OK)
 357              		.loc 1 110 4 is_stmt 1 view .LVU121
 358              		.loc 1 110 8 is_stmt 0 view .LVU122
 359 003c 07A9     		add	r1, sp, #28
 360 003e 1C48     		ldr	r0, .L33
 361 0040 FFF7FEFF 		bl	HAL_TIMEx_MasterConfigSynchronization
 362              	.LVL17:
 363              		.loc 1 110 7 discriminator 1 view .LVU123
 364 0044 28BB     		cbnz	r0, .L28
 365              	.L21:
 111:Drivers/MyDriver/tim/tim_init.c ****    {
 112:Drivers/MyDriver/tim/tim_init.c ****      Error_Handler();
 113:Drivers/MyDriver/tim/tim_init.c ****    }
 114:Drivers/MyDriver/tim/tim_init.c ****    sConfigOC.OCMode = TIM_OCMODE_PWM1;
 366              		.loc 1 114 4 is_stmt 1 view .LVU124
 367              		.loc 1 114 21 is_stmt 0 view .LVU125
 368 0046 6023     		movs	r3, #96
 369 0048 0093     		str	r3, [sp]
 115:Drivers/MyDriver/tim/tim_init.c ****    sConfigOC.Pulse = 0;
 370              		.loc 1 115 4 is_stmt 1 view .LVU126
 371              		.loc 1 115 20 is_stmt 0 view .LVU127
 372 004a 0022     		movs	r2, #0
 373 004c 0192     		str	r2, [sp, #4]
 116:Drivers/MyDriver/tim/tim_init.c ****    sConfigOC.OCPolarity = TIM_OCPOLARITY_HIGH;
 374              		.loc 1 116 4 is_stmt 1 view .LVU128
 375              		.loc 1 116 25 is_stmt 0 view .LVU129
 376 004e 0292     		str	r2, [sp, #8]
 117:Drivers/MyDriver/tim/tim_init.c ****    sConfigOC.OCFastMode = TIM_OCFAST_DISABLE;
 377              		.loc 1 117 4 is_stmt 1 view .LVU130
 378              		.loc 1 117 25 is_stmt 0 view .LVU131
 379 0050 0492     		str	r2, [sp, #16]
 118:Drivers/MyDriver/tim/tim_init.c ****    if (HAL_TIM_PWM_ConfigChannel(&htim2, &sConfigOC, TIM_CHANNEL_1) != HAL_OK)
 380              		.loc 1 118 4 is_stmt 1 view .LVU132
 381              		.loc 1 118 8 is_stmt 0 view .LVU133
 382 0052 6946     		mov	r1, sp
 383 0054 1648     		ldr	r0, .L33
 384 0056 FFF7FEFF 		bl	HAL_TIM_PWM_ConfigChannel
 385              	.LVL18:
 386              		.loc 1 118 7 discriminator 1 view .LVU134
 387 005a E8B9     		cbnz	r0, .L29
 388              	.L22:
 119:Drivers/MyDriver/tim/tim_init.c ****    {
 120:Drivers/MyDriver/tim/tim_init.c ****      Error_Handler();
 121:Drivers/MyDriver/tim/tim_init.c ****    }
ARM GAS  /var/folders/98/ctz5mtps7w71v8dr53cf5qg40000gn/T//cc0m0UBX.s 			page 10


 122:Drivers/MyDriver/tim/tim_init.c ****    if (HAL_TIM_PWM_ConfigChannel(&htim2, &sConfigOC, TIM_CHANNEL_2) != HAL_OK)
 389              		.loc 1 122 4 is_stmt 1 view .LVU135
 390              		.loc 1 122 8 is_stmt 0 view .LVU136
 391 005c 0422     		movs	r2, #4
 392 005e 6946     		mov	r1, sp
 393 0060 1348     		ldr	r0, .L33
 394 0062 FFF7FEFF 		bl	HAL_TIM_PWM_ConfigChannel
 395              	.LVL19:
 396              		.loc 1 122 7 discriminator 1 view .LVU137
 397 0066 D0B9     		cbnz	r0, .L30
 398              	.L23:
 123:Drivers/MyDriver/tim/tim_init.c ****    {
 124:Drivers/MyDriver/tim/tim_init.c ****      Error_Handler();
 125:Drivers/MyDriver/tim/tim_init.c ****    }
 126:Drivers/MyDriver/tim/tim_init.c ****    if (HAL_TIM_PWM_ConfigChannel(&htim2, &sConfigOC, TIM_CHANNEL_3) != HAL_OK)
 399              		.loc 1 126 4 is_stmt 1 view .LVU138
 400              		.loc 1 126 8 is_stmt 0 view .LVU139
 401 0068 0822     		movs	r2, #8
 402 006a 6946     		mov	r1, sp
 403 006c 1048     		ldr	r0, .L33
 404 006e FFF7FEFF 		bl	HAL_TIM_PWM_ConfigChannel
 405              	.LVL20:
 406              		.loc 1 126 7 discriminator 1 view .LVU140
 407 0072 B8B9     		cbnz	r0, .L31
 408              	.L24:
 127:Drivers/MyDriver/tim/tim_init.c ****    {
 128:Drivers/MyDriver/tim/tim_init.c ****      Error_Handler();
 129:Drivers/MyDriver/tim/tim_init.c ****    }
 130:Drivers/MyDriver/tim/tim_init.c ****    if (HAL_TIM_PWM_ConfigChannel(&htim2, &sConfigOC, TIM_CHANNEL_4) != HAL_OK)
 409              		.loc 1 130 4 is_stmt 1 view .LVU141
 410              		.loc 1 130 8 is_stmt 0 view .LVU142
 411 0074 0C22     		movs	r2, #12
 412 0076 6946     		mov	r1, sp
 413 0078 0D48     		ldr	r0, .L33
 414 007a FFF7FEFF 		bl	HAL_TIM_PWM_ConfigChannel
 415              	.LVL21:
 416              		.loc 1 130 7 discriminator 1 view .LVU143
 417 007e A0B9     		cbnz	r0, .L32
 418              	.L25:
 131:Drivers/MyDriver/tim/tim_init.c ****    {
 132:Drivers/MyDriver/tim/tim_init.c ****      Error_Handler();
 133:Drivers/MyDriver/tim/tim_init.c ****    }
 134:Drivers/MyDriver/tim/tim_init.c ****    
 135:Drivers/MyDriver/tim/tim_init.c ****    HAL_TIM_MspPostInit(&htim2);
 419              		.loc 1 135 4 is_stmt 1 view .LVU144
 420 0080 0B48     		ldr	r0, .L33
 421 0082 FFF7FEFF 		bl	HAL_TIM_MspPostInit
 422              	.LVL22:
 136:Drivers/MyDriver/tim/tim_init.c ****  
 137:Drivers/MyDriver/tim/tim_init.c ****  }...
 423              		.loc 1 137 2 is_stmt 0 view .LVU145
 424 0086 0BB0     		add	sp, sp, #44
 425              	.LCFI6:
 426              		.cfi_remember_state
 427              		.cfi_def_cfa_offset 4
 428              		@ sp needed
 429 0088 5DF804FB 		ldr	pc, [sp], #4
ARM GAS  /var/folders/98/ctz5mtps7w71v8dr53cf5qg40000gn/T//cc0m0UBX.s 			page 11


 430              	.L27:
 431              	.LCFI7:
 432              		.cfi_restore_state
 106:Drivers/MyDriver/tim/tim_init.c ****      Error_Handler();
 433              		.loc 1 106 6 is_stmt 1 view .LVU146
 434 008c FFF7FEFF 		bl	Error_Handler
 435              	.LVL23:
 436 0090 D1E7     		b	.L20
 437              	.L28:
 112:Drivers/MyDriver/tim/tim_init.c ****      Error_Handler();
 438              		.loc 1 112 6 view .LVU147
 439 0092 FFF7FEFF 		bl	Error_Handler
 440              	.LVL24:
 441 0096 D6E7     		b	.L21
 442              	.L29:
 120:Drivers/MyDriver/tim/tim_init.c ****      Error_Handler();
 443              		.loc 1 120 6 view .LVU148
 444 0098 FFF7FEFF 		bl	Error_Handler
 445              	.LVL25:
 446 009c DEE7     		b	.L22
 447              	.L30:
 124:Drivers/MyDriver/tim/tim_init.c ****      Error_Handler();
 448              		.loc 1 124 6 view .LVU149
 449 009e FFF7FEFF 		bl	Error_Handler
 450              	.LVL26:
 451 00a2 E1E7     		b	.L23
 452              	.L31:
 128:Drivers/MyDriver/tim/tim_init.c ****      Error_Handler();
 453              		.loc 1 128 6 view .LVU150
 454 00a4 FFF7FEFF 		bl	Error_Handler
 455              	.LVL27:
 456 00a8 E4E7     		b	.L24
 457              	.L32:
 132:Drivers/MyDriver/tim/tim_init.c ****      Error_Handler();
 458              		.loc 1 132 6 view .LVU151
 459 00aa FFF7FEFF 		bl	Error_Handler
 460              	.LVL28:
 461 00ae E7E7     		b	.L25
 462              	.L34:
 463              		.align	2
 464              	.L33:
 465 00b0 00000000 		.word	htim2
 466              		.cfi_endproc
 467              	.LFE951:
 469              		.global	htim2
 470              		.section	.bss.htim2,"aw",%nobits
 471              		.align	2
 474              	htim2:
 475 0000 00000000 		.space	76
 475      00000000 
 475      00000000 
 475      00000000 
 475      00000000 
 476              		.global	htim1
 477              		.section	.bss.htim1,"aw",%nobits
 478              		.align	2
 481              	htim1:
ARM GAS  /var/folders/98/ctz5mtps7w71v8dr53cf5qg40000gn/T//cc0m0UBX.s 			page 12


 482 0000 00000000 		.space	76
 482      00000000 
 482      00000000 
 482      00000000 
 482      00000000 
 483              		.text
 484              	.Letext0:
 485              		.file 2 "/Users/yevhenvazhynskyi/Drivers/arm-gnu-toolchain-14.2.rel1-darwin-arm64-arm-none-eabi/ar
 486              		.file 3 "/Users/yevhenvazhynskyi/Drivers/arm-gnu-toolchain-14.2.rel1-darwin-arm64-arm-none-eabi/ar
 487              		.file 4 "Drivers/CMSIS/Device/ST/STM32WBxx/Include/stm32wb55xx.h"
 488              		.file 5 "Drivers/STM32WBxx_HAL_Driver/Inc/stm32wbxx_hal_def.h"
 489              		.file 6 "Drivers/STM32WBxx_HAL_Driver/Inc/stm32wbxx_hal_dma.h"
 490              		.file 7 "Drivers/STM32WBxx_HAL_Driver/Inc/stm32wbxx_hal_tim.h"
 491              		.file 8 "Drivers/MyDriver/tim/tim_init.h"
 492              		.file 9 "Drivers/STM32WBxx_HAL_Driver/Inc/stm32wbxx_hal_tim_ex.h"
 493              		.file 10 "Core/Inc/main.h"
 494              		.file 11 "<built-in>"
ARM GAS  /var/folders/98/ctz5mtps7w71v8dr53cf5qg40000gn/T//cc0m0UBX.s 			page 13


DEFINED SYMBOLS
                            *ABS*:00000000 tim_init.c
/var/folders/98/ctz5mtps7w71v8dr53cf5qg40000gn/T//cc0m0UBX.s:21     .text.MX_TIM1_Init:00000000 $t
/var/folders/98/ctz5mtps7w71v8dr53cf5qg40000gn/T//cc0m0UBX.s:27     .text.MX_TIM1_Init:00000000 MX_TIM1_Init
/var/folders/98/ctz5mtps7w71v8dr53cf5qg40000gn/T//cc0m0UBX.s:282    .text.MX_TIM1_Init:00000100 $d
/var/folders/98/ctz5mtps7w71v8dr53cf5qg40000gn/T//cc0m0UBX.s:481    .bss.htim1:00000000 htim1
/var/folders/98/ctz5mtps7w71v8dr53cf5qg40000gn/T//cc0m0UBX.s:288    .text.MX_TIM2_Init:00000000 $t
/var/folders/98/ctz5mtps7w71v8dr53cf5qg40000gn/T//cc0m0UBX.s:294    .text.MX_TIM2_Init:00000000 MX_TIM2_Init
/var/folders/98/ctz5mtps7w71v8dr53cf5qg40000gn/T//cc0m0UBX.s:465    .text.MX_TIM2_Init:000000b0 $d
/var/folders/98/ctz5mtps7w71v8dr53cf5qg40000gn/T//cc0m0UBX.s:474    .bss.htim2:00000000 htim2
/var/folders/98/ctz5mtps7w71v8dr53cf5qg40000gn/T//cc0m0UBX.s:471    .bss.htim2:00000000 $d
/var/folders/98/ctz5mtps7w71v8dr53cf5qg40000gn/T//cc0m0UBX.s:478    .bss.htim1:00000000 $d

UNDEFINED SYMBOLS
memset
HAL_TIM_PWM_Init
HAL_TIMEx_MasterConfigSynchronization
HAL_TIM_PWM_ConfigChannel
HAL_TIMEx_ConfigBreakDeadTime
HAL_TIM_MspPostInit
Error_Handler
